******************************************************************************
            TI ARM Clang Linker Unix v4.0.3                    
******************************************************************************
>> Linked Thu Nov 13 06:15:51 2025

OUTPUT FILE NAME:   <sbl_jtag_uniflash.debug.out>
ENTRY POINT SYMBOL: "_vectors"  address: 70002000


MEMORY CONFIGURATION

         name            origin    length      used     unused   attr    fill
----------------------  --------  ---------  --------  --------  ----  --------
  R5F_VECS              00000000   00000100  00000000  00000100  RWIX
  R5F_TCMA              00000100   00007f00  00000000  00007f00  RWIX
  R5F_TCMB0             00080000   00008000  00000000  00008000  RWIX
  MSRAM_VECS            70002000   00000100  00000040  000000c0  RWIX
  MSRAM_0               70002100   0003df00  0002e580  0000f980  RWIX
  MSRAM_1               70040000   00140000  00140000  00000000  RWIX


SEGMENT ALLOCATION MAP

run origin  load origin   length   init length attrs members
----------  ----------- ---------- ----------- ----- -------
70002000    70002000    00000040   00000040    r-x
  70002000    70002000    00000040   00000040    r-x .sbl_init_code
70002100    70002100    000158d0   000158d0    r-x
  70002100    70002100    00014060   00014060    r-x .text
  70016160    70016160    00000e50   00000e50    r-x .text.hwi
  70016fb0    70016fb0    000004a0   000004a0    r-x .text.cache
  70017450    70017450    000003c0   000003c0    r-x .text.mpu
  70017810    70017810    000001c0   000001c0    r-x .text.boot
700179d0    700179d0    00000998   00000998    rw-
  700179d0    700179d0    00000998   00000998    rw- .data
70018370    70018370    00001010   00001010    r--
  70018370    70018370    00001010   00001010    r-- .rodata
70019380    70019380    00017300   00000000    rw-
  70019380    70019380    00009000   00000000    rw- .bss
  70022380    70022380    00008000   00000000    rw- .sysmem
  7002a380    7002a380    00004000   00000000    rw- .stack
  7002e380    7002e380    00001000   00000000    rw- .irqstack
  7002f380    7002f380    00000100   00000000    rw- .fiqstack
  7002f480    7002f480    00001000   00000000    rw- .svcstack
  70030480    70030480    00000100   00000000    rw- .abortstack
  70030580    70030580    00000100   00000000    rw- .undefinedstack


SECTION ALLOCATION MAP

 output                                  attributes/
section   page    origin      length       input sections
--------  ----  ----------  ----------   ----------------
.sbl_init_code 
*          0    70002000    00000040     
                  70002000    00000040     nortos.am261x.r5f.ti-arm-clang.debug.lib : HwiP_armv7r_vectors_nortos_asm.obj (.vectors)

.text      0    70002100    00014060     
                  70002100    00000b7a     drivers.am261x.r5f.ti-arm-clang.nortos.debug.lib : ospi_phy_am26x_lld.obj (.text.OSPI_lld_phyFindOTP1)
                  70002c7a    00000002     --HOLE-- [fill = 0]
                  70002c7c    00000004     libclang_rt.builtins.a : aeabi_div0.c.obj (.text.__aeabi_idiv0)
                  70002c80    00000a34     nortos.am261x.r5f.ti-arm-clang.debug.lib : printf.obj (.text._vsnprintf)
                  700036b4    0000000c     libc.a : aeabi_portable.c.obj (.text.__aeabi_errno_addr)
                  700036c0    000005e2     nortos.am261x.r5f.ti-arm-clang.debug.lib : printf.obj (.text._ftoa)
                  70003ca2    00000002     --HOLE-- [fill = 0]
                  70003ca4    0000000c     libclang_rt.builtins.a : aeabi_memset.S.obj (.text.__aeabi_memclr)
                  70003cb0    00000512     drivers.am261x.r5f.ti-arm-clang.nortos.debug.lib : soc_rcm.obj (.text.SOC_rcmGetClkSrcAndDivReg)
                  700041c2    00000002     --HOLE-- [fill = 0]
                  700041c4    0000000c     libc.a : memory.c.obj (.text.malloc)
                  700041d0    000004b0     nortos.am261x.r5f.ti-arm-clang.debug.lib : printf.obj (.text._etoa)
                  70004680    000004ae     drivers.am261x.r5f.ti-arm-clang.nortos.debug.lib : soc_rcm.obj (.text.SOC_rcmEnablePeripheralClock)
                  70004b2e    00000002     --HOLE-- [fill = 0]
                  70004b30    00000400                                                      : uart_v0.obj (.text.UART_open)
                  70004f30    000003ea     main.obj (.text.sbl_jtag_uniflash_load_file)
                  7000531a    00000002     --HOLE-- [fill = 0]
                  7000531c    00000004     libclang_rt.builtins.a : aeabi_div0.c.obj (.text.__aeabi_ldiv0)
                  70005320    00000390     libc.a : strcmp32.S.obj (.text:strcmp)
                  700056b0    00000364     board.am261x.r5f.ti-arm-clang.nortos.debug.lib : flash_nor_ospi.obj (.text.Flash_setQeBit)
                  70005a14    0000000c     nortos.am261x.r5f.ti-arm-clang.debug.lib : CpuId_armv7r_asm.obj (.text)
                  70005a20    0000034a     drivers.am261x.r5f.ti-arm-clang.nortos.debug.lib : ospi_v0.obj (.text.OSPI_open)
                  70005d6a    00000002     --HOLE-- [fill = 0]
                  70005d6c    00000004     libclang_rt.builtins.a : aeabi_memcpy.S.obj (.text.__aeabi_memcpy)
                  70005d70    00000338     drivers.am261x.r5f.ti-arm-clang.nortos.debug.lib : bootloader_uniflash.obj (.text.Bootloader_uniflashProcessFlashCommands)
                  700060a8    00000008     libsysbm.a : hostexit.c.obj (.text.HOSTexit)
                  700060b0    00000336     drivers.am261x.r5f.ti-arm-clang.nortos.debug.lib : edma.obj (.text.EDMA_initialize)
                  700063e6    00000002     --HOLE-- [fill = 0]
                  700063e8    00000008     libc.a : exit.c.obj (.text:abort)
                  700063f0    000002e6     drivers.am261x.r5f.ti-arm-clang.nortos.debug.lib : ospi_edma_lld.obj (.text.OSPI_edmaCopy)
                  700066d6    00000002     --HOLE-- [fill = 0]
                  700066d8    00000004     libc.a : _lock.c.obj (.text._nop)
                  700066dc    00000004            : fseek.c.obj (.text.fseek)
                  700066e0    000002be     board.am261x.r5f.ti-arm-clang.nortos.debug.lib : flash_nor_ospi.obj (.text.Flash_norOspiOpen)
                  7000699e    00000002     --HOLE-- [fill = 0]
                  700069a0    00000294     drivers.am261x.r5f.ti-arm-clang.nortos.debug.lib : ospi_v0_lld.obj (.text.OSPI_programInstance)
                  70006c34    00000004     libc.a : ftell.c.obj (.text.ftell)
                  70006c38    00000004     libsysbm.a : remove.c.obj (.text.remove)
                  70006c3c    00000004     --HOLE-- [fill = 0]
                  70006c40    0000027e     drivers.am261x.r5f.ti-arm-clang.nortos.debug.lib : uart_dma_edma.obj (.text.UART_edmaChInit)
                  70006ebe    00000002     --HOLE-- [fill = 0]
                  70006ec0    0000026c     libc.a : fgets.c.obj (.text._dofgets)
                  7000712c    00000004     --HOLE-- [fill = 0]
                  70007130    00000250     drivers.am261x.r5f.ti-arm-clang.nortos.debug.lib : edma.obj (.text.Alloc_resource)
                  70007380    00000250     board.am261x.r5f.ti-arm-clang.nortos.debug.lib : flash_nor_ospi.obj (.text.Flash_set888mode)
                  700075d0    00000242     drivers.am261x.r5f.ti-arm-clang.nortos.debug.lib : uart_v0_lld.obj (.text.UART_fifoConfig)
                  70007812    0000000e     --HOLE-- [fill = 0]
                  70007820    0000023e     nortos.am261x.r5f.ti-arm-clang.debug.lib : printf.obj (.text._ntoa_format)
                  70007a5e    00000002     --HOLE-- [fill = 0]
                  70007a60    0000023c     drivers.am261x.r5f.ti-arm-clang.nortos.debug.lib : edma.obj (.text.EDMA_open)
                  70007c9c    00000004     --HOLE-- [fill = 0]
                  70007ca0    00000226                                                      : uart_dma_edma.obj (.text.UART_lld_dmaDeInit)
                  70007ec6    0000000a     --HOLE-- [fill = 0]
                  70007ed0    00000218                                                      : ospi_v0_lld.obj (.text.OSPI_lld_isr)
                  700080e8    00000008     --HOLE-- [fill = 0]
                  700080f0    00000212                                                      : ospi_edma_lld.obj (.text.OSPI_edmaInit)
                  70008302    00000002     --HOLE-- [fill = 0]
                  70008304    000001f8     libc.a : strtol.c.obj (.text.strtol)
                  700084fc    00000004     --HOLE-- [fill = 0]
                  70008500    000001d6     nortos.am261x.r5f.ti-arm-clang.debug.lib : TimerP_rti_priv.obj (.text.TimerP_setupPriv)
                  700086d6    00000002     --HOLE-- [fill = 0]
                  700086d8    000001d0     libclang_rt.builtins.a : udivsi3.S.obj (.text.__udivsi3)
                  700088a8    00000008     --HOLE-- [fill = 0]
                  700088b0    000001ca     drivers.am261x.r5f.ti-arm-clang.nortos.debug.lib : ospi_v0_lld.obj (.text.OSPI_lld_writeIndirect)
                  70008a7a    00000002     --HOLE-- [fill = 0]
                  70008a7c    000001c0     libc.a : fopen.c.obj (.text._openfile)
                  70008c3c    00000004     --HOLE-- [fill = 0]
                  70008c40    000001b6     drivers.am261x.r5f.ti-arm-clang.nortos.debug.lib : ospi_v0_lld.obj (.text.OSPI_lld_readDirectDma)
                  70008df6    0000000a     --HOLE-- [fill = 0]
                  70008e00    000001aa                                                      : uart_dma_edma.obj (.text.UART_lld_dmaWrite)
                  70008faa    00000006     --HOLE-- [fill = 0]
                  70008fb0    000001a8                                                      : uart_v0.obj (.text.UART_close)
                  70009158    000001a8     libc.a : memory.c.obj (.text.free)
                  70009300    000001a4     middleware.am261x.r5f.ti-arm-clang.nortos.debug.lib : tielfup32.obj (.text.ELFUP_update)
                  700094a4    000001a4     libc.a : memory.c.obj (.text.aligned_alloc)
                  70009648    00000008     --HOLE-- [fill = 0]
                  70009650    000001a0     drivers.am261x.r5f.ti-arm-clang.nortos.debug.lib : edma.obj (.text.EDMA_errorIsrFxn)
                  700097f0    0000019e                                                      : uart_v0.obj (.text.UART_write)
                  7000998e    00000002     --HOLE-- [fill = 0]
                  70009990    00000198                                                      : edma.obj (.text.EDMA_transferCompletionMasterIsrFxn)
                  70009b28    00000008     --HOLE-- [fill = 0]
                  70009b30    00000198                                                      : ospi_v0_lld.obj (.text.OSPI_lld_readCmd)
                  70009cc8    00000008     --HOLE-- [fill = 0]
                  70009cd0    00000198                                                      : uart_v0_lld.obj (.text.UART_lld_controllerIsr)
                  70009e68    00000008     --HOLE-- [fill = 0]
                  70009e70    00000194                                                      : bootloader_uniflash_mcelf.obj (.text.MCELF_flashVerifyXIPFile)
                  7000a004    0000000c     --HOLE-- [fill = 0]
                  7000a010    00000186                                                      : bootloader_uniflash_common.obj (.text.Bootloader_uniflashFlashFile)
                  7000a196    0000000a     --HOLE-- [fill = 0]
                  7000a1a0    00000184     board.am261x.r5f.ti-arm-clang.nortos.debug.lib : flash_nor_ospi.obj (.text.Flash_set444mode)
                  7000a324    0000000c     --HOLE-- [fill = 0]
                  7000a330    00000184     main.obj (.text.main)
                  7000a4b4    0000000c     --HOLE-- [fill = 0]
                  7000a4c0    00000182     drivers.am261x.r5f.ti-arm-clang.nortos.debug.lib : bootloader_uniflash_common.obj (.text.Bootloader_uniflashFlashErase)
                  7000a642    0000000e     --HOLE-- [fill = 0]
                  7000a650    0000016a                                                      : ospi_v0_lld.obj (.text.OSPI_lld_initDma)
                  7000a7ba    00000006     --HOLE-- [fill = 0]
                  7000a7c0    00000166                                                      : ospi_v0_lld.obj (.text.OSPI_lld_writeCmd)
                  7000a926    0000000a     --HOLE-- [fill = 0]
                  7000a930    00000162                                                      : edma.obj (.text.EDMA_unregisterIntr)
                  7000aa92    0000000e     --HOLE-- [fill = 0]
                  7000aaa0    00000158                                                      : soc.obj (.text.SOC_controlModuleUnlockMMR)
                  7000abf8    00000008     --HOLE-- [fill = 0]
                  7000ac00    00000152                                                      : uart_v0_lld.obj (.text.UART_lld_initDma)
                  7000ad52    0000000e     --HOLE-- [fill = 0]
                  7000ad60    0000014c                                                      : soc_rcm.obj (.text.SOC_rcmGetPeripheralClockFrequency)
                  7000aeac    00000004     --HOLE-- [fill = 0]
                  7000aeb0    00000144     board.am261x.r5f.ti-arm-clang.nortos.debug.lib : flash_nor_ospi.obj (.text.Flash_norOspiSetProtocol)
                  7000aff4    00000144     libc.a : setvbuf.c.obj (.text.setvbuf)
                  7000b138    00000008     --HOLE-- [fill = 0]
                  7000b140    00000142     drivers.am261x.r5f.ti-arm-clang.nortos.debug.lib : ospi_v0_lld.obj (.text.OSPI_flashExecCmd)
                  7000b282    0000000e     --HOLE-- [fill = 0]
                  7000b290    00000140     board.am261x.r5f.ti-arm-clang.nortos.debug.lib : flash_nor_ospi.obj (.text.Flash_norOspiReadId)
                  7000b3d0    0000013a     drivers.am261x.r5f.ti-arm-clang.nortos.debug.lib : edma.obj (.text.EDMA_isDmaChannelAllocated)
                  7000b50a    00000006     --HOLE-- [fill = 0]
                  7000b510    00000138     nortos.am261x.r5f.ti-arm-clang.debug.lib : printf.obj (.text._ntoa_long_long)
                  7000b648    00000138     libsysbm.a : open.c.obj (.text.open)
                  7000b780    00000136     nortos.am261x.r5f.ti-arm-clang.debug.lib : ClockP_nortos_r5.obj (.text.ClockP_init)
                  7000b8b6    0000000a     --HOLE-- [fill = 0]
                  7000b8c0    00000136     drivers.am261x.r5f.ti-arm-clang.nortos.debug.lib : ospi_v0_lld.obj (.text.OSPI_lld_init)
                  7000b9f6    0000000a     --HOLE-- [fill = 0]
                  7000ba00    00000136                                                      : uart_v0_lld.obj (.text.UART_procLineStatusErr)
                  7000bb36    0000000a     --HOLE-- [fill = 0]
                  7000bb40    00000134                                                      : edma.obj (.text.EDMA_registerIntr)
                  7000bc74    0000000c     --HOLE-- [fill = 0]
                  7000bc80    00000134                                                      : uart_v0_lld.obj (.text.UART_writePolling)
                  7000bdb4    0000000c     --HOLE-- [fill = 0]
                  7000bdc0    0000012e     board.am261x.r5f.ti-arm-clang.nortos.debug.lib : flash_nor_ospi.obj (.text.Flash_norOspiWaitReady)
                  7000beee    00000002     --HOLE-- [fill = 0]
                  7000bef0    0000012c     drivers.am261x.r5f.ti-arm-clang.nortos.debug.lib : uart_v0_lld.obj (.text.UART_lld_init)
                  7000c01c    00000004     --HOLE-- [fill = 0]
                  7000c020    00000126     board.am261x.r5f.ti-arm-clang.nortos.debug.lib : flash_nor_ospi.obj (.text.Flash_norOspiWrite)
                  7000c146    0000000a     --HOLE-- [fill = 0]
                  7000c150    00000126     drivers.am261x.r5f.ti-arm-clang.nortos.debug.lib : soc.obj (.text.SOC_controlModuleLockMMR)
                  7000c276    0000000a     --HOLE-- [fill = 0]
                  7000c280    0000011e                                                      : soc.obj (.text.SOC_virtToPhy)
                  7000c39e    00000002     --HOLE-- [fill = 0]
                  7000c3a0    0000011c     board.am261x.r5f.ti-arm-clang.nortos.debug.lib : flash_nor_ospi.obj (.text.Flash_norOspiReset)
                  7000c4bc    00000004     --HOLE-- [fill = 0]
                  7000c4c0    0000011c     drivers.am261x.r5f.ti-arm-clang.nortos.debug.lib : uart_dma_edma.obj (.text.UART_lld_dmaRead)
                  7000c5dc    00000118     libclang_rt.builtins.a : udivmoddi4.S.obj (.text)
                  7000c6f4    0000000c     --HOLE-- [fill = 0]
                  7000c700    00000116     drivers.am261x.r5f.ti-arm-clang.nortos.debug.lib : edma.obj (.text.EDMA_isTccAllocated)
                  7000c816    0000000a     --HOLE-- [fill = 0]
                  7000c820    00000116                                                      : uart_v0_lld.obj (.text.UART_divisorLatchWrite)
                  7000c936    0000000a     --HOLE-- [fill = 0]
                  7000c940    00000114     nortos.am261x.r5f.ti-arm-clang.debug.lib : printf.obj (.text._ntoa_long)
                  7000ca54    0000000c     --HOLE-- [fill = 0]
                  7000ca60    00000110     drivers.am261x.r5f.ti-arm-clang.nortos.debug.lib : soc_rcm.obj (.text.SOC_rcmGetEthHSDivOut)
                  7000cb70    0000010e                                                      : soc_rcm.obj (.text.SOC_rcmADPLLJGetFOut)
                  7000cc7e    00000002     --HOLE-- [fill = 0]
                  7000cc80    00000104                                                      : uart_v0_lld.obj (.text.UART_configInstance)
                  7000cd84    0000000c     --HOLE-- [fill = 0]
                  7000cd90    00000102     nortos.am261x.r5f.ti-arm-clang.debug.lib : SemaphoreP_nortos.obj (.text.SemaphoreP_pend)
                  7000ce92    0000000e     --HOLE-- [fill = 0]
                  7000cea0    00000100     board.am261x.r5f.ti-arm-clang.nortos.debug.lib : flash_nor_ospi.obj (.text.Flash_norOspiErase)
                  7000cfa0    00000100                                                    : flash_nor_ospi.obj (.text.Flash_norOspiEraseSector)
                  7000d0a0    00000100     drivers.am261x.r5f.ti-arm-clang.nortos.debug.lib : ospi_v0_lld.obj (.text.OSPI_lld_setProtocol)
                  7000d1a0    000000fe                                                      : bootloader_uniflash_common.obj (.text.Bootloader_uniflashFlashFileSector)
                  7000d29e    00000002     --HOLE-- [fill = 0]
                  7000d2a0    000000fa                                                      : edma.obj (.text.EDMA_clearCcErrors)
                  7000d39a    00000006     --HOLE-- [fill = 0]
                  7000d3a0    000000f8                                                      : soc_rcm.obj (.text.SOC_rcmSetPeripheralClock)
                  7000d498    00000008     --HOLE-- [fill = 0]
                  7000d4a0    000000f0                                                      : soc_rcm.obj (.text.SOC_rcmGetPerHSDivOut)
                  7000d590    000000f0     libc.a : fputc.c.obj (.text.fputc)
                  7000d680    000000ee     board.am261x.r5f.ti-arm-clang.nortos.debug.lib : flash_nor_ospi.obj (.text.Flash_norOspiSet4ByteAddrMode)
                  7000d76e    00000002     --HOLE-- [fill = 0]
                  7000d770    000000e8     libc.a : _bufread.c.obj (.text.__TI_buff_read)
                  7000d858    00000008     --HOLE-- [fill = 0]
                  7000d860    000000e6     drivers.am261x.r5f.ti-arm-clang.nortos.debug.lib : ospi_edma_lld.obj (.text.OSPI_edmaDeInit)
                  7000d946    0000000a     --HOLE-- [fill = 0]
                  7000d950    000000e6                                                      : soc_rcm.obj (.text.SOC_rcmGetCoreFout)
                  7000da36    0000000a     --HOLE-- [fill = 0]
                  7000da40    000000e6                                                      : soc_rcm.obj (.text.SOC_rcmGetEthFout)
                  7000db26    0000000a     --HOLE-- [fill = 0]
                  7000db30    000000e6                                                      : soc_rcm.obj (.text.SOC_rcmGetPerFout)
                  7000dc16    0000000a     --HOLE-- [fill = 0]
                  7000dc20    000000e4                                                      : edma.obj (.text.EDMA_freeChannelRegion)
                  7000dd04    0000000c     --HOLE-- [fill = 0]
                  7000dd10    000000e2                                                      : bootloader_uniflash_common.obj (.text.Bootloader_uniflashFlashVerifyFile)
                  7000ddf2    0000000e     --HOLE-- [fill = 0]
                  7000de00    000000e2                                                      : edma.obj (.text.EDMA_freeParam)
                  7000dee2    0000000e     --HOLE-- [fill = 0]
                  7000def0    000000e0                                                      : edma.obj (.text.EDMA_freeDmaChannel)
                  7000dfd0    000000e0                                                      : edma.obj (.text.EDMA_freeTcc)
                  7000e0b0    000000de                                                      : uart_v0_lld.obj (.text.UART_intrEnable)
                  7000e18e    00000002     --HOLE-- [fill = 0]
                  7000e190    000000dc                                                      : bootloader_uniflash_rprc.obj (.text.Bootloader_uniflashFlashOrVerifyXipFile)
                  7000e26c    00000004     --HOLE-- [fill = 0]
                  7000e270    000000da                                                      : uart_v0_lld.obj (.text.UART_intrDisable)
                  7000e34a    00000006     --HOLE-- [fill = 0]
                  7000e350    000000d8     board.am261x.r5f.ti-arm-clang.nortos.debug.lib : flash_nor_ospi.obj (.text.Flash_norOspiSetRegCfg)
                  7000e428    00000008     --HOLE-- [fill = 0]
                  7000e430    000000d6                                                    : flash_nor_ospi.obj (.text.Flash_setOeBit)
                  7000e506    0000000a     --HOLE-- [fill = 0]
                  7000e510    000000d2     drivers.am261x.r5f.ti-arm-clang.nortos.debug.lib : uart_v0_lld.obj (.text.UART_lld_write)
                  7000e5e2    0000000e     --HOLE-- [fill = 0]
                  7000e5f0    000000d0     nortos.am261x.r5f.ti-arm-clang.debug.lib : AddrTranslateP_32bit.obj (.text.AddrTranslateP_getLocalAddr)
                  7000e6c0    000000ce     drivers.am261x.r5f.ti-arm-clang.nortos.debug.lib : edma.obj (.text.EDMA_disableChInShadowRegRegion)
                  7000e78e    00000002     --HOLE-- [fill = 0]
                  7000e790    000000ce                                                      : uart_v0_lld.obj (.text.UART_lld_writeDma)
                  7000e85e    00000002     --HOLE-- [fill = 0]
                  7000e860    000000cc                                                      : edma.obj (.text.EDMA_enableChInShadowRegRegion)
                  7000e92c    000000c8     libc.a : getdevice.c.obj (.text.getdevice)
                  7000e9f4    0000000c     --HOLE-- [fill = 0]
                  7000ea00    000000c6     drivers.am261x.r5f.ti-arm-clang.nortos.debug.lib : uart_v0_lld.obj (.text.UART_lld_writeIntr)
                  7000eac6    0000000a     --HOLE-- [fill = 0]
                  7000ead0    000000c4                                                      : edma.obj (.text.EDMA_mapChToEvtQ)
                  7000eb94    0000000c     --HOLE-- [fill = 0]
                  7000eba0    000000c4                                                      : ospi_phy_am26x_lld.obj (.text.OSPI_lld_phyResyncDLL)
                  7000ec64    0000000c     --HOLE-- [fill = 0]
                  7000ec70    000000c2                                                      : edma.obj (.text.EDMA_close)
                  7000ed32    0000000e     --HOLE-- [fill = 0]
                  7000ed40    000000c2     board.am261x.r5f.ti-arm-clang.nortos.debug.lib : flash.obj (.text.Flash_offsetToSectorPage)
                  7000ee02    0000000e     --HOLE-- [fill = 0]
                  7000ee10    000000c0     drivers.am261x.r5f.ti-arm-clang.nortos.debug.lib : edma.obj (.text.EDMA_configureChannelRegion)
                  7000eed0    000000c0     board.am261x.r5f.ti-arm-clang.nortos.debug.lib : flash.obj (.text.Flash_offsetToBlkPage)
                  7000ef90    000000c0     drivers.am261x.r5f.ti-arm-clang.nortos.debug.lib : uart_v0.obj (.text.UART_flushTxFifo)
                  7000f050    000000c0     nortos.am261x.r5f.ti-arm-clang.debug.lib : printf.obj (.text._out_rev)
                  7000f110    000000be     ti_board_open_close.obj (.text.Board_flashOpen)
                  7000f1ce    00000002     --HOLE-- [fill = 0]
                  7000f1d0    000000be     nortos.am261x.r5f.ti-arm-clang.debug.lib : ClockP_nortos.obj (.text.ClockP_timerTickIsr)
                  7000f28e    00000002     --HOLE-- [fill = 0]
                  7000f290    000000be     drivers.am261x.r5f.ti-arm-clang.nortos.debug.lib : ospi_v0.obj (.text.OSPI_readDirect)
                  7000f34e    00000002     --HOLE-- [fill = 0]
                  7000f350    000000ba     nortos.am261x.r5f.ti-arm-clang.debug.lib : ClockP_nortos.obj (.text.ClockP_stop)
                  7000f40a    00000006     --HOLE-- [fill = 0]
                  7000f410    000000b6     drivers.am261x.r5f.ti-arm-clang.nortos.debug.lib : bootloader_uniflash_rprc.obj (.text.Bootloader_uniflashFlashOrVerifyRprcXipFile)
                  7000f4c6    0000000a     --HOLE-- [fill = 0]
                  7000f4d0    000000b6                                                      : uart_v0_lld.obj (.text.UART_fifoWrite)
                  7000f586    00000002     --HOLE-- [fill = 0]
                  7000f588    000000b4     libc.a : fseek.c.obj (.text.fseeko)
                  7000f63c    000000b4            : ftell.c.obj (.text.ftello)
                  7000f6f0    000000b0     drivers.am261x.r5f.ti-arm-clang.nortos.debug.lib : soc_rcm.obj (.text.SOC_rcmGetCoreHSDivOut)
                  7000f7a0    000000b0                                                      : uart_v0.obj (.text.UART_init)
                  7000f850    000000b0     libc.a : fclose.c.obj (.text.__TI_closefile)
                  7000f900    000000a8     nortos.am261x.r5f.ti-arm-clang.debug.lib : ClockP_nortos.obj (.text.ClockP_addToList)
                  7000f9a8    00000008     --HOLE-- [fill = 0]
                  7000f9b0    000000a8                                              : ClockP_nortos.obj (.text.ClockP_destruct)
                  7000fa58    00000008     --HOLE-- [fill = 0]
                  7000fa60    000000a8     ti_drivers_open_close.obj (.text.Drivers_uartOpen)
                  7000fb08    00000008     --HOLE-- [fill = 0]
                  7000fb10    000000a6     ti_drivers_open_close.obj (.text.Drivers_edmaOpen)
                  7000fbb6    0000000a     --HOLE-- [fill = 0]
                  7000fbc0    000000a6     ti_drivers_open_close.obj (.text.Drivers_ospiOpen)
                  7000fc66    00000002     --HOLE-- [fill = 0]
                  7000fc68    000000a4     libc.a : memory.c.obj (.text.split)
                  7000fd0c    000000a0     libsysbm.a : hostrename.c.obj (.text.HOSTrename)
                  7000fdac    00000004     --HOLE-- [fill = 0]
                  7000fdb0    000000a0     drivers.am261x.r5f.ti-arm-clang.nortos.debug.lib : ospi_v0_lld.obj (.text.OSPI_lld_deInitDma)
                  7000fe50    000000a0                                                      : ospi_v0_lld.obj (.text.OSPI_lld_setXferOpCodes)
                  7000fef0    0000009e     board.am261x.r5f.ti-arm-clang.nortos.debug.lib : flash_nor_ospi.obj (.text.Flash_norOspiSetModeDummy)
                  7000ff8e    00000002     --HOLE-- [fill = 0]
                  7000ff90    0000009e     drivers.am261x.r5f.ti-arm-clang.nortos.debug.lib : ospi_v0_lld.obj (.text.OSPI_isProtocolValid)
                  7001002e    00000002     --HOLE-- [fill = 0]
                  70010030    0000009e                                                      : ospi_phy_am26x_lld.obj (.text.OSPI_lld_phyBasicConfig)
                  700100ce    00000002     --HOLE-- [fill = 0]
                  700100d0    0000009c     libc.a : _io_perm.c.obj (.text.__TI_wrt_ok)
                  7001016c    00000098     libsysbm.a : hostlseek.c.obj (.text.HOSTlseek)
                  70010204    0000000c     --HOLE-- [fill = 0]
                  70010210    00000096     drivers.am261x.r5f.ti-arm-clang.nortos.debug.lib : uart_v0_lld.obj (.text.UART_subConfigTCRTLRModeEn)
                  700102a6    00000002     --HOLE-- [fill = 0]
                  700102a8    00000094     libsysbm.a : hostopen.c.obj (.text.HOSTopen)
                  7001033c    00000004     --HOLE-- [fill = 0]
                  70010340    00000094     drivers.am261x.r5f.ti-arm-clang.nortos.debug.lib : ospi_v0.obj (.text.OSPI_init)
                  700103d4    0000000c     --HOLE-- [fill = 0]
                  700103e0    00000092     nortos.am261x.r5f.ti-arm-clang.debug.lib : ClockP_nortos.obj (.text.ClockP_getTimeUsec)
                  70010472    0000000e     --HOLE-- [fill = 0]
                  70010480    00000092     drivers.am261x.r5f.ti-arm-clang.nortos.debug.lib : edma.obj (.text.EDMA_unmapChToEvtQ)
                  70010512    0000000e     --HOLE-- [fill = 0]
                  70010520    00000092                                                      : ospi_v0_lld.obj (.text.OSPI_lld_deInit)
                  700105b2    0000000e     --HOLE-- [fill = 0]
                  700105c0    00000090                                                      : ospi_phy_am26x_lld.obj (.text.OSPI_lld_phyReadAttackVector)
                  70010650    0000008c                                                      : edma.obj (.text.EDMA_disableTransferRegion)
                  700106dc    00000004     --HOLE-- [fill = 0]
                  700106e0    0000008c                                                      : edma.obj (.text.EDMA_enableTransferRegion)
                  7001076c    00000004     --HOLE-- [fill = 0]
                  70010770    0000008c                                                      : edma.obj (.text.EDMA_init)
                  700107fc    00000004     --HOLE-- [fill = 0]
                  70010800    0000008c     board.am261x.r5f.ti-arm-clang.nortos.debug.lib : flash_nor_ospi.obj (.text.Flash_norOspiSetAddressBytes)
                  7001088c    00000004     --HOLE-- [fill = 0]
                  70010890    0000008c     drivers.am261x.r5f.ti-arm-clang.nortos.debug.lib : uart_v0_lld.obj (.text.UART_writeCancelNoCB)
                  7001091c    0000008c     libsysbm.a : close.c.obj (.text.close)
                  700109a8    00000008     --HOLE-- [fill = 0]
                  700109b0    00000088     drivers.am261x.r5f.ti-arm-clang.nortos.debug.lib : uart_dma_edma.obj (.text.UART_edmaIsrRx)
                  70010a38    00000008     --HOLE-- [fill = 0]
                  70010a40    00000088                                                      : uart_dma_edma.obj (.text.UART_edmaIsrTx)
                  70010ac8    00000088     libc.a : fflush.c.obj (.text.__TI_doflush)
                  70010b50    00000086     board.am261x.r5f.ti-arm-clang.nortos.debug.lib : flash_nor_ospi.obj (.text.Flash_norOspiRead)
                  70010bd6    0000000a     --HOLE-- [fill = 0]
                  70010be0    00000086     drivers.am261x.r5f.ti-arm-clang.nortos.debug.lib : ospi_phy_am26x_lld.obj (.text.OSPI_lld_phyFindRxHigh)
                  70010c66    0000000a     --HOLE-- [fill = 0]
                  70010c70    00000086                                                      : ospi_phy_am26x_lld.obj (.text.OSPI_lld_phyFindRxLow)
                  70010cf6    0000000a     --HOLE-- [fill = 0]
                  70010d00    00000086                                                      : ospi_phy_am26x_lld.obj (.text.OSPI_lld_phyFindTxHigh)
                  70010d86    0000000a     --HOLE-- [fill = 0]
                  70010d90    00000086                                                      : ospi_phy_am26x_lld.obj (.text.OSPI_lld_phyFindTxLow)
                  70010e16    0000000a     --HOLE-- [fill = 0]
                  70010e20    00000086                                                      : uart_v0_lld.obj (.text.UART_lld_flushTxFifo)
                  70010ea6    0000000a     --HOLE-- [fill = 0]
                  70010eb0    00000086                                                      : uart_v0_lld.obj (.text.UART_tcrTlrBitValRestore)
                  70010f36    0000000a     --HOLE-- [fill = 0]
                  70010f40    00000084     board.am261x.r5f.ti-arm-clang.nortos.debug.lib : flash_nor_ospi.obj (.text.Flash_norOspiRegWrite)
                  70010fc4    00000084     libsysbm.a : hostread.c.obj (.text.HOSTread)
                  70011048    00000084                : hostwrite.c.obj (.text.HOSTwrite)
                  700110cc    00000004     --HOLE-- [fill = 0]
                  700110d0    00000084     drivers.am261x.r5f.ti-arm-clang.nortos.debug.lib : ospi_phy_am26x_lld.obj (.text.OSPI_lld_phySetRdDelayTxRxDLL)
                  70011154    0000000c     --HOLE-- [fill = 0]
                  70011160    00000082                                                      : edma.obj (.text.EDMA_allocDmaChannel)
                  700111e2    0000000e     --HOLE-- [fill = 0]
                  700111f0    00000082                                                      : edma.obj (.text.EDMA_allocParam)
                  70011272    0000000e     --HOLE-- [fill = 0]
                  70011280    00000082                                                      : edma.obj (.text.EDMA_allocTcc)
                  70011302    0000000e     --HOLE-- [fill = 0]
                  70011310    00000082                                                      : edma.obj (.text.EDMA_disableTccInShadowRegRegion)
                  70011392    0000000e     --HOLE-- [fill = 0]
                  700113a0    00000082                                                      : edma.obj (.text.EDMA_enableTccInShadowRegRegion)
                  70011422    0000000e     --HOLE-- [fill = 0]
                  70011430    00000080     board.am261x.r5f.ti-arm-clang.nortos.debug.lib : flash_nor_ospi.obj (.text.Flash_norOspiRegRead)
                  700114b0    00000080     drivers.am261x.r5f.ti-arm-clang.nortos.debug.lib : uart_v0_lld.obj (.text.UART_moduleReset)
                  70011530    00000080     libc.a : fopen.c.obj (.text._search_fp)
                  700115b0    0000007e     drivers.am261x.r5f.ti-arm-clang.nortos.debug.lib : uart_v0_lld.obj (.text.UART_readData)
                  7001162e    00000002     --HOLE-- [fill = 0]
                  70011630    0000007c     nortos.am261x.r5f.ti-arm-clang.debug.lib : DebugP_log.obj (.text._DebugP_assert)
                  700116ac    00000004     --HOLE-- [fill = 0]
                  700116b0    0000007a     drivers.am261x.r5f.ti-arm-clang.nortos.debug.lib : ospi_v0_lld.obj (.text.OSPI_lld_enablePhy)
                  7001172a    00000006     --HOLE-- [fill = 0]
                  70011730    0000007a                                                      : uart_v0.obj (.text.UART_Params_init)
                  700117aa    00000006     --HOLE-- [fill = 0]
                  700117b0    00000078                                                      : edma.obj (.text.EDMA_linkChannel)
                  70011828    00000008     --HOLE-- [fill = 0]
                  70011830    00000078                                                      : ospi_v0_lld.obj (.text.OSPI_waitIndWriteComplete)
                  700118a8    00000078     libc.a : _io_perm.c.obj (.text.__TI_rd_ok)
                  70011920    00000076     drivers.am261x.r5f.ti-arm-clang.nortos.debug.lib : ospi_v0_lld.obj (.text.OSPI_isDmaRestrictedRegion)
                  70011996    0000000a     --HOLE-- [fill = 0]
                  700119a0    00000074                                                      : bootloader_uniflash_common.obj (.text.Bootloader_uniflashFlashPhyTuningData)
                  70011a14    0000000c     --HOLE-- [fill = 0]
                  70011a20    00000074                                                      : ospi_v0.obj (.text.OSPI_writeIndirect)
                  70011a94    0000000c     --HOLE-- [fill = 0]
                  70011aa0    00000074                                                      : uart_v0_lld.obj (.text.UART_IsBaseAddrValid)
                  70011b14    0000000c     --HOLE-- [fill = 0]
                  70011b20    00000072     nortos.am261x.r5f.ti-arm-clang.debug.lib : ClockP_nortos.obj (.text.ClockP_usleep)
                  70011b92    0000000e     --HOLE-- [fill = 0]
                  70011ba0    00000072     drivers.am261x.r5f.ti-arm-clang.nortos.debug.lib : edma.obj (.text.EDMA_clrMissEvtRegion)
                  70011c12    0000000e     --HOLE-- [fill = 0]
                  70011c20    00000072                                                      : edma.obj (.text.EDMA_getTcErrorInfo)
                  70011c92    0000000e     --HOLE-- [fill = 0]
                  70011ca0    00000072                                                      : ospi_lld_dma.obj (.text.OSPI_dmaOpen)
                  70011d12    0000000e     --HOLE-- [fill = 0]
                  70011d20    00000070                                                      : ospi_v0_lld.obj (.text.OSPI_waitIdle)
                  70011d90    0000006e                                                      : ospi_v0_lld.obj (.text.OSPI_lld_disablePhy)
                  70011dfe    00000002     --HOLE-- [fill = 0]
                  70011e00    0000006e                                                      : ospi_v0_lld.obj (.text.OSPI_lld_readDirect)
                  70011e6e    00000002     --HOLE-- [fill = 0]
                  70011e70    0000006c     libsysbm.a : hostunlink.c.obj (.text.HOSTunlink)
                  70011edc    00000004     --HOLE-- [fill = 0]
                  70011ee0    0000006c     drivers.am261x.r5f.ti-arm-clang.nortos.debug.lib : ospi_v0.obj (.text.OSPI_close)
                  70011f4c    00000004     --HOLE-- [fill = 0]
                  70011f50    0000006a     board.am261x.r5f.ti-arm-clang.nortos.debug.lib : flash_nor_ospi.obj (.text.Flash_quirkSpansionUNHYSADisable)
                  70011fba    00000006     --HOLE-- [fill = 0]
                  70011fc0    00000068     drivers.am261x.r5f.ti-arm-clang.nortos.debug.lib : edma.obj (.text.EDMA_getBaseAddr)
                  70012028    00000008     --HOLE-- [fill = 0]
                  70012030    00000068     board.am261x.r5f.ti-arm-clang.nortos.debug.lib : flash_nor_ospi.obj (.text.Flash_norOspiCmdRead)
                  70012098    00000008     --HOLE-- [fill = 0]
                  700120a0    00000068     drivers.am261x.r5f.ti-arm-clang.nortos.debug.lib : ospi_v0_lld.obj (.text.OSPI_waitWriteSRAMLevel)
                  70012108    00000008     --HOLE-- [fill = 0]
                  70012110    00000068                                                      : uart_v0_lld.obj (.text.UART_divisorValCompute)
                  70012178    00000008     --HOLE-- [fill = 0]
                  70012180    00000066     board.am261x.r5f.ti-arm-clang.nortos.debug.lib : flash.obj (.text.Flash_open)
                  700121e6    0000000a     --HOLE-- [fill = 0]
                  700121f0    00000064     drivers.am261x.r5f.ti-arm-clang.nortos.debug.lib : uart_v0_lld.obj (.text.UART_fifoRegisterWrite)
                  70012254    0000000c     --HOLE-- [fill = 0]
                  70012260    00000064                                                      : uart_v0_lld.obj (.text.UART_lld_deInitDma)
                  700122c4    0000000c     --HOLE-- [fill = 0]
                  700122d0    00000062                                                      : soc_rcm.obj (.text.SOC_rcmInsert16)
                  70012332    0000000e     --HOLE-- [fill = 0]
                  70012340    00000062     nortos.am261x.r5f.ti-arm-clang.debug.lib : SemaphoreP_nortos.obj (.text.SemaphoreP_post)
                  700123a2    0000000e     --HOLE-- [fill = 0]
                  700123b0    00000060     drivers.am261x.r5f.ti-arm-clang.nortos.debug.lib : edma.obj (.text.EDMA_chainChannel)
                  70012410    00000060     libsysbm.a : hostclose.c.obj (.text.HOSTclose)
                  70012470    00000060     drivers.am261x.r5f.ti-arm-clang.nortos.debug.lib : ospi_lld_dma.obj (.text.OSPI_dmaCopy)
                  700124d0    00000060                                                      : uart_v0_lld.obj (.text.UART_getChar)
                  70012530    00000060                                                      : uart_v0_lld.obj (.text.UART_writeData)
                  70012590    00000060     main.obj (.text.sbl_jtag_uniflash_erase_all)
                  700125f0    0000005c     ti_power_clock_config.obj (.text.Module_clockSetFrequency)
                  7001264c    00000004     --HOLE-- [fill = 0]
                  70012650    0000005c     drivers.am261x.r5f.ti-arm-clang.nortos.debug.lib : ospi_v0_lld.obj (.text.OSPI_utilLog2)
                  700126ac    00000004     --HOLE-- [fill = 0]
                  700126b0    0000005c                                                      : uart_v0_lld.obj (.text.UART_lld_deInit)
                  7001270c    00000004     --HOLE-- [fill = 0]
                  70012710    0000005a                                                      : uart_dma_edma.obj (.text.UART_lld_dmaDisableChannel)
                  7001276a    00000006     --HOLE-- [fill = 0]
                  70012770    0000005a                                                      : uart_v0_lld.obj (.text.UART_regConfigModeEnable)
                  700127ca    00000006     --HOLE-- [fill = 0]
                  700127d0    00000058     middleware.am261x.r5f.ti-arm-clang.nortos.debug.lib : tielfup32.obj (.text.ELFUP_init)
                  70012828    00000008     --HOLE-- [fill = 0]
                  70012830    00000058     board.am261x.r5f.ti-arm-clang.nortos.debug.lib : flash_nor_ospi.obj (.text.Flash_norOspiCmdWrite)
                  70012888    00000008     --HOLE-- [fill = 0]
                  70012890    00000058     drivers.am261x.r5f.ti-arm-clang.nortos.debug.lib : ospi_v0_lld.obj (.text.OSPI_writeFifoData)
                  700128e8    00000008     --HOLE-- [fill = 0]
                  700128f0    00000058                                                      : soc_rcm.obj (.text.SOC_rcmGetModuleClkDivVal)
                  70012948    00000008     --HOLE-- [fill = 0]
                  70012950    00000058                                                      : uart_v0.obj (.text.UART_getHandle)
                  700129a8    00000058     libc.a : fopen.c.obj (.text.__TI_cleanup)
                  70012a00    00000058     libsysbm.a : trgmsg.c.obj (.text.__TI_readmsg)
                  70012a58    00000058                : trgmsg.c.obj (.text.__TI_writemsg)
                  70012ab0    00000056     drivers.am261x.r5f.ti-arm-clang.nortos.debug.lib : edma.obj (.text.EDMA_getHandle)
                  70012b06    0000000a     --HOLE-- [fill = 0]
                  70012b10    00000056                                                      : ospi_v0_lld.obj (.text.OSPI_getCmdExt)
                  70012b66    0000000a     --HOLE-- [fill = 0]
                  70012b70    00000056                                                      : ospi_v0_lld.obj (.text.OSPI_lld_configResetPin)
                  70012bc6    0000000a     --HOLE-- [fill = 0]
                  70012bd0    00000056                                                      : uart_v0.obj (.text.UART_lld_readCompleteCallback)
                  70012c26    0000000a     --HOLE-- [fill = 0]
                  70012c30    00000056                                                      : uart_v0.obj (.text.UART_lld_writeCompleteCallback)
                  70012c86    0000000a     --HOLE-- [fill = 0]
                  70012c90    00000054                                                      : edma.obj (.text.EDMA_setPaRAM)
                  70012ce4    0000000c     --HOLE-- [fill = 0]
                  70012cf0    00000054                                                      : ospi_v0_lld.obj (.text.OSPI_readFifoData)
                  70012d44    0000000c     --HOLE-- [fill = 0]
                  70012d50    00000054                                                      : uart_v0_lld.obj (.text.UART_OperModeValid)
                  70012da4    00000054     libc.a : exit.c.obj (.text.exit)
                  70012df8    00000054            : getdevice.c.obj (.text.finddevice)
                  70012e4c    00000054            : autoinit.c.obj (.text:__TI_auto_init_nobinit_nopinit)
                  70012ea0    00000052     drivers.am261x.r5f.ti-arm-clang.nortos.debug.lib : edma.obj (.text.EDMA_readIntrStatusRegion)
                  70012ef2    0000000e     --HOLE-- [fill = 0]
                  70012f00    00000052     board.am261x.r5f.ti-arm-clang.nortos.debug.lib : flash.obj (.text.Flash_read)
                  70012f52    0000000e     --HOLE-- [fill = 0]
                  70012f60    00000052                                                    : flash.obj (.text.Flash_write)
                  70012fb2    0000000e     --HOLE-- [fill = 0]
                  70012fc0    00000050     ti_board_open_close.obj (.text.Board_flashClose)
                  70013010    00000050     ti_drivers_open_close.obj (.text.Drivers_edmaClose)
                  70013060    00000050     ti_drivers_open_close.obj (.text.Drivers_ospiClose)
                  700130b0    00000050     ti_drivers_open_close.obj (.text.Drivers_uartClose)
                  70013100    00000050     drivers.am261x.r5f.ti-arm-clang.nortos.debug.lib : pinmux.obj (.text.Pinmux_config)
                  70013150    00000050                                                      : uart_v0_lld.obj (.text.UART_checkCharsAvailInFifo)
                  700131a0    0000004e                                                      : edma.obj (.text.EDMA_clrEvtRegion)
                  700131ee    00000002     --HOLE-- [fill = 0]
                  700131f0    0000004e                                                      : edma.obj (.text.EDMA_clrIntrRegion)
                  7001323e    00000002     --HOLE-- [fill = 0]
                  70013240    0000004e                                                      : edma.obj (.text.EDMA_disableDmaEvtRegion)
                  7001328e    00000002     --HOLE-- [fill = 0]
                  70013290    0000004e                                                      : edma.obj (.text.EDMA_disableEvtIntrRegion)
                  700132de    00000002     --HOLE-- [fill = 0]
                  700132e0    0000004e                                                      : edma.obj (.text.EDMA_enableDmaEvtRegion)
                  7001332e    00000002     --HOLE-- [fill = 0]
                  70013330    0000004e                                                      : edma.obj (.text.EDMA_enableEvtIntrRegion)
                  7001337e    00000002     --HOLE-- [fill = 0]
                  70013380    0000004e                                                      : edma.obj (.text.EDMA_getCcErrorInfo)
                  700133ce    00000002     --HOLE-- [fill = 0]
                  700133d0    0000004e                                                      : edma.obj (.text.EDMA_setEvtRegion)
                  7001341e    00000002     --HOLE-- [fill = 0]
                  70013420    0000004e                                                      : ospi_v0.obj (.text.OSPI_readCmd)
                  7001346e    00000002     --HOLE-- [fill = 0]
                  70013470    0000004e                                                      : ospi_v0.obj (.text.OSPI_writeCmd)
                  700134be    00000002     --HOLE-- [fill = 0]
                  700134c0    0000004c     nortos.am261x.r5f.ti-arm-clang.debug.lib : ClockP_nortos.obj (.text.ClockP_construct)
                  7001350c    00000004     --HOLE-- [fill = 0]
                  70013510    0000004c     drivers.am261x.r5f.ti-arm-clang.nortos.debug.lib : edma.obj (.text.EDMA_ccPaRAMEntry_init)
                  7001355c    00000004     --HOLE-- [fill = 0]
                  70013560    0000004c                                                      : edma.obj (.text.EDMA_mapQdmaChToPaRAM)
                  700135ac    00000004     --HOLE-- [fill = 0]
                  700135b0    0000004c                                                      : edma.obj (.text.EDMA_readEventStatusRegion)
                  700135fc    00000004     --HOLE-- [fill = 0]
                  70013600    0000004c     ti_power_clock_config.obj (.text.Module_clockEnable)
                  7001364c    00000004     --HOLE-- [fill = 0]
                  70013650    0000004c     drivers.am261x.r5f.ti-arm-clang.nortos.debug.lib : ospi_v0.obj (.text.OSPI_getHandle)
                  7001369c    00000004     --HOLE-- [fill = 0]
                  700136a0    0000004c                                                      : ospi_v0_lld.obj (.text.OSPI_lld_readBaudRateDivFromReg)
                  700136ec    0000004c     libc.a : fclose.c.obj (.text.fclose)
                  70013738    0000004c            : fopen.c.obj (.text.fopen)
                  70013784    0000000c     --HOLE-- [fill = 0]
                  70013790    0000004a     drivers.am261x.r5f.ti-arm-clang.nortos.debug.lib : uart_v0_lld.obj (.text.UART_getIntrIdentityStatus)
                  700137da    00000006     --HOLE-- [fill = 0]
                  700137e0    0000004a                                                      : uart_v0_lld.obj (.text.UART_lineCharConfig)
                  7001382a    00000006     --HOLE-- [fill = 0]
                  70013830    00000048                                                      : edma.obj (.text.EDMA_clearTcErrors)
                  70013878    00000008     --HOLE-- [fill = 0]
                  70013880    00000048                                                      : ospi_v0_lld.obj (.text.OSPI_lld_enableDacMode)
                  700138c8    00000008     --HOLE-- [fill = 0]
                  700138d0    00000048                                                      : ospi_v0_lld.obj (.text.OSPI_lld_setDeviceSize)
                  70013918    00000008     --HOLE-- [fill = 0]
                  70013920    00000048                                                      : ospi_v0_lld.obj (.text.OSPI_lld_setNumAddrBytes)
                  70013968    00000008     --HOLE-- [fill = 0]
                  70013970    00000048                                                      : uart_v0_lld.obj (.text.UART_resetModule)
                  700139b8    00000048     libsysbm.a : unlink.c.obj (.text.unlink)
                  70013a00    00000046     nortos.am261x.r5f.ti-arm-clang.debug.lib : DebugP_uartLogWriter.obj (.text.DebugP_uartLogWriterPutChar)
                  70013a46    0000000a     --HOLE-- [fill = 0]
                  70013a50    00000046     drivers.am261x.r5f.ti-arm-clang.nortos.debug.lib : ospi_v0_lld.obj (.text.OSPI_lld_disableDacMode)
                  70013a96    0000000a     --HOLE-- [fill = 0]
                  70013aa0    00000046                                                      : ospi_phy_am26x_lld.obj (.text.OSPI_lld_phyTuneDDR)
                  70013ae6    0000000a     --HOLE-- [fill = 0]
                  70013af0    00000046                                                      : uart_v0_lld.obj (.text.UART_i2310WA)
                  70013b36    0000000a     --HOLE-- [fill = 0]
                  70013b40    00000046                                                      : uart_v0_lld.obj (.text.UART_readLineStatus)
                  70013b86    0000000a     --HOLE-- [fill = 0]
                  70013b90    00000044     ti_dpl_config.obj (.text.Dpl_init)
                  70013bd4    0000000c     --HOLE-- [fill = 0]
                  70013be0    00000044     drivers.am261x.r5f.ti-arm-clang.nortos.debug.lib : ospi_lld_dma.obj (.text.OSPI_dmaClose)
                  70013c24    0000000c     --HOLE-- [fill = 0]
                  70013c30    00000044                                                      : ospi_lld_dma.obj (.text.OSPI_isDmaInterruptEnabled)
                  70013c74    0000000c     --HOLE-- [fill = 0]
                  70013c80    00000044                                                      : soc_rcm.obj (.text.SOC_rcmExtract8)
                  70013cc4    0000000c     --HOLE-- [fill = 0]
                  70013cd0    00000044                                                      : soc_rcm.obj (.text.SOC_rcmMake16)
                  70013d14    0000000c     --HOLE-- [fill = 0]
                  70013d20    00000044     nortos.am261x.r5f.ti-arm-clang.debug.lib : SemaphoreP_nortos.obj (.text.SemaphoreP_construct)
                  70013d64    0000000c     --HOLE-- [fill = 0]
                  70013d70    00000044                                              : DebugP_nortos.obj (.text._DebugP_logZone)
                  70013db4    0000000c     --HOLE-- [fill = 0]
                  70013dc0    00000044                                              : printf.obj (.text._strnlen_s)
                  70013e04    0000000c     --HOLE-- [fill = 0]
                  70013e10    00000042                                              : ClockP_nortos.obj (.text.ClockP_start)
                  70013e52    0000000e     --HOLE-- [fill = 0]
                  70013e60    00000042     drivers.am261x.r5f.ti-arm-clang.nortos.debug.lib : uart_v0.obj (.text.UART_checkOpenParams)
                  70013ea2    00000002     --HOLE-- [fill = 0]
                  70013ea4    00000040     libc.a : memory.c.obj (.text.free_list_insert)
                  70013ee4    00000040            : memcmp.c.obj (.text.memcmp)
                  70013f24    0000000c     --HOLE-- [fill = 0]
                  70013f30    0000003e     board.am261x.r5f.ti-arm-clang.nortos.debug.lib : flash.obj (.text.Flash_eraseBlk)
                  70013f6e    00000002     --HOLE-- [fill = 0]
                  70013f70    0000003e                                                    : flash.obj (.text.Flash_eraseSector)
                  70013fae    00000002     --HOLE-- [fill = 0]
                  70013fb0    0000003e                                                    : flash.obj (.text.Flash_getAttrs)
                  70013fee    00000002     --HOLE-- [fill = 0]
                  70013ff0    0000003e     drivers.am261x.r5f.ti-arm-clang.nortos.debug.lib : pinmux.obj (.text.Pinmux_unlockMMR)
                  7001402e    00000002     --HOLE-- [fill = 0]
                  70014030    0000003e                                                      : uart_v0_lld.obj (.text.UART_IsHWFlowCtrlValid)
                  7001406e    00000002     --HOLE-- [fill = 0]
                  70014070    0000003e                                                      : uart_v0_lld.obj (.text.UART_spaceAvail)
                  700140ae    00000002     --HOLE-- [fill = 0]
                  700140b0    0000003c                                                      : ospi_v0_lld.obj (.text.OSPI_lld_setRdDataCaptureDelay)
                  700140ec    00000004     --HOLE-- [fill = 0]
                  700140f0    0000003c                                                      : soc_rcm.obj (.text.SOC_rcmIsR5FInLockStepMode)
                  7001412c    00000004     --HOLE-- [fill = 0]
                  70014130    0000003c                                                      : uart_v0_lld.obj (.text.UART_IsParityTypeValid)
                  7001416c    00000004     --HOLE-- [fill = 0]
                  70014170    0000003c                                                      : uart_v0_lld.obj (.text.UART_IsTxRxFifoEmpty)
                  700141ac    00000004     --HOLE-- [fill = 0]
                  700141b0    0000003c                                                      : uart_v0_lld.obj (.text.UART_enhanFuncEnable)
                  700141ec    00000004     --HOLE-- [fill = 0]
                  700141f0    0000003a                                                      : ospi_edma_lld.obj (.text.OSPI_EdmaParams_init)
                  7001422a    00000006     --HOLE-- [fill = 0]
                  70014230    0000003a                                                      : ospi_v0.obj (.text.OSPI_enableSDR)
                  7001426a    00000006     --HOLE-- [fill = 0]
                  70014270    0000003a                                                      : soc.obj (.text.SOC_moduleSetClockFrequency)
                  700142aa    00000006     --HOLE-- [fill = 0]
                  700142b0    0000003a     nortos.am261x.r5f.ti-arm-clang.debug.lib : printf.obj (.text._atoi)
                  700142ea    00000006     --HOLE-- [fill = 0]
                  700142f0    00000038     drivers.am261x.r5f.ti-arm-clang.nortos.debug.lib : ospi_phy_am26x_lld.obj (.text.CSL_REG32_FINS_RAW)
                  70014328    00000008     --HOLE-- [fill = 0]
                  70014330    00000038                                                      : ospi_v0_lld.obj (.text.CSL_REG32_FINS_RAW)
                  70014368    00000008     --HOLE-- [fill = 0]
                  70014370    00000038                                                      : edma.obj (.text.EDMA_qdmaClrMissEvtRegion)
                  700143a8    00000008     --HOLE-- [fill = 0]
                  700143b0    00000038                                                      : ospi_v0.obj (.text.OSPI_getBaudRateDivFromObj)
                  700143e8    00000008     --HOLE-- [fill = 0]
                  700143f0    00000038                                                      : ospi_v0.obj (.text.OSPI_setRdDataCaptureDelay)
                  70014428    00000008     --HOLE-- [fill = 0]
                  70014430    00000038                                                      : ospi_v0.obj (.text.OSPI_setResetPinStatus)
                  70014468    00000008     --HOLE-- [fill = 0]
                  70014470    00000038                                                      : uart_v0_lld.obj (.text.UART_writeDataPolling)
                  700144a8    00000008     --HOLE-- [fill = 0]
                  700144b0    00000036                                                      : edma.obj (.text.EDMA_getRegionId)
                  700144e6    0000000a     --HOLE-- [fill = 0]
                  700144f0    00000036     board.am261x.r5f.ti-arm-clang.nortos.debug.lib : flash.obj (.text.Flash_getHandle)
                  70014526    0000000a     --HOLE-- [fill = 0]
                  70014530    00000036     drivers.am261x.r5f.ti-arm-clang.nortos.debug.lib : ospi_v0_lld.obj (.text.OSPI_lld_enableDdrRdCmds)
                  70014566    0000000a     --HOLE-- [fill = 0]
                  70014570    00000036                                                      : ospi_v0_lld.obj (.text.OSPI_lld_readCmdParams_init)
                  700145a6    0000000a     --HOLE-- [fill = 0]
                  700145b0    00000034                                                      : bootloader_uniflash_rprc.obj (.text.Bootloader_Uniflash_RPRC_flashVerifyXIPFile)
                  700145e4    0000000c     --HOLE-- [fill = 0]
                  700145f0    00000034                                                      : ospi_v0.obj (.text.OSPI_disableDacMode)
                  70014624    0000000c     --HOLE-- [fill = 0]
                  70014630    00000034                                                      : ospi_v0.obj (.text.OSPI_disablePhy)
                  70014664    0000000c     --HOLE-- [fill = 0]
                  70014670    00000034                                                      : ospi_v0.obj (.text.OSPI_enableDacMode)
                  700146a4    0000000c     --HOLE-- [fill = 0]
                  700146b0    00000034                                                      : ospi_v0.obj (.text.OSPI_enablePhy)
                  700146e4    0000000c     --HOLE-- [fill = 0]
                  700146f0    00000034                                                      : ospi_v0_lld.obj (.text.OSPI_lld_disablePhyPipeline)
                  70014724    0000000c     --HOLE-- [fill = 0]
                  70014730    00000034                                                      : ospi_v0_lld.obj (.text.OSPI_lld_enableDDR)
                  70014764    0000000c     --HOLE-- [fill = 0]
                  70014770    00000034                                                      : ospi_v0_lld.obj (.text.OSPI_lld_enableSDR)
                  700147a4    0000000c     --HOLE-- [fill = 0]
                  700147b0    00000034                                                      : ospi_v0_lld.obj (.text.OSPI_lld_isChipSelectValid)
                  700147e4    0000000c     --HOLE-- [fill = 0]
                  700147f0    00000034                                                      : ospi_v0_lld.obj (.text.OSPI_lld_isFrameFormatValid)
                  70014824    0000000c     --HOLE-- [fill = 0]
                  70014830    00000034                                                      : ospi_v0_lld.obj (.text.OSPI_lld_setResetPinStatus)
                  70014864    0000000c     --HOLE-- [fill = 0]
                  70014870    00000034                                                      : ospi_v0.obj (.text.OSPI_setXferOpCodes)
                  700148a4    0000000c     --HOLE-- [fill = 0]
                  700148b0    00000034                                                      : pinmux.obj (.text.Pinmux_lockMMR)
                  700148e4    0000000c     --HOLE-- [fill = 0]
                  700148f0    00000034     nortos.am261x.r5f.ti-arm-clang.debug.lib : TimerP_rti_priv.obj (.text.TimerP_Params_initPriv)
                  70014924    0000000c     --HOLE-- [fill = 0]
                  70014930    00000034     drivers.am261x.r5f.ti-arm-clang.nortos.debug.lib : uart_v0_lld.obj (.text.UART_IsDataLengthValid)
                  70014964    0000000c     --HOLE-- [fill = 0]
                  70014970    00000034                                                      : uart_v0_lld.obj (.text.UART_checkTransaction)
                  700149a4    00000034     libc.a : memory.c.obj (.text.free_list_remove)
                  700149d8    00000034     libsysbm.a : lseek.c.obj (.text.lseek)
                  70014a0c    00000034                : read.c.obj (.text.read)
                  70014a40    00000034                : write.c.obj (.text.write)
                  70014a74    0000000c     --HOLE-- [fill = 0]
                  70014a80    00000032     drivers.am261x.r5f.ti-arm-clang.nortos.debug.lib : bootloader_uniflash.obj (.text.Bootloader_uniflashInitRespHeader)
                  70014ab2    0000000e     --HOLE-- [fill = 0]
                  70014ac0    00000032                                                      : edma.obj (.text.HW_WR_FIELD32_RAW)
                  70014af2    0000000e     --HOLE-- [fill = 0]
                  70014b00    00000032                                                      : uart_v0_lld.obj (.text.HW_WR_FIELD32_RAW)
                  70014b32    0000000e     --HOLE-- [fill = 0]
                  70014b40    00000032                                                      : ospi_v0_lld.obj (.text.OSPI_lld_setCmdDummyCycles)
                  70014b72    0000000e     --HOLE-- [fill = 0]
                  70014b80    00000032                                                      : ospi_v0_lld.obj (.text.OSPI_lld_setReadDummyCycles)
                  70014bb2    0000000e     --HOLE-- [fill = 0]
                  70014bc0    00000032                                                      : ospi_v0_lld.obj (.text.OSPI_lld_writeCmdParams_init)
                  70014bf2    0000000e     --HOLE-- [fill = 0]
                  70014c00    00000032     nortos.am261x.r5f.ti-arm-clang.debug.lib : TimerP_rti_priv.obj (.text.TimerP_getCountPriv)
                  70014c32    0000000e     --HOLE-- [fill = 0]
                  70014c40    00000032     drivers.am261x.r5f.ti-arm-clang.nortos.debug.lib : uart_v0_lld.obj (.text.UART_enhanFuncBitValRestore)
                  70014c72    0000000e     --HOLE-- [fill = 0]
                  70014c80    00000032                                                      : uart_v0_lld.obj (.text.UART_hardwareFlowCtrlOptSet)
                  70014cb2    0000000e     --HOLE-- [fill = 0]
                  70014cc0    00000030     board.am261x.r5f.ti-arm-clang.nortos.debug.lib : flash.obj (.text.Flash_close)
                  70014cf0    00000030                                                    : flash_nor_ospi.obj (.text.Flash_norOspiDacModeDisable)
                  70014d20    00000030                                                    : flash_nor_ospi.obj (.text.Flash_norOspiDacModeEnable)
                  70014d50    00000030     drivers.am261x.r5f.ti-arm-clang.nortos.debug.lib : ospi_phy_am26x.obj (.text.OSPI_phyReadAttackVector)
                  70014d80    00000030                                                      : ospi_phy_am26x.obj (.text.OSPI_phyTuneDDR)
                  70014db0    00000030                                                      : uart_v0_lld.obj (.text.UART_flowCtrlTrigLvlConfig)
                  70014de0    0000002e                                                      : ospi_v0_lld.obj (.text.OSPI_disableInterrupt)
                  70014e0e    00000002     --HOLE-- [fill = 0]
                  70014e10    0000002e                                                      : ospi_v0_lld.obj (.text.OSPI_enableInterrupt)
                  70014e3e    00000002     --HOLE-- [fill = 0]
                  70014e40    0000002e                                                      : uart_dma_edma.obj (.text.UART_lld_dmaInit)
                  70014e6e    00000002     --HOLE-- [fill = 0]
                  70014e70    0000002e     nortos.am261x.r5f.ti-arm-clang.debug.lib : printf.obj (.text._is_digit)
                  70014e9e    00000002     --HOLE-- [fill = 0]
                  70014ea0    0000002c                                              : DebugP_log.obj (.text.DebugP_logZoneEnable)
                  70014ecc    00000004     --HOLE-- [fill = 0]
                  70014ed0    0000002c     drivers.am261x.r5f.ti-arm-clang.nortos.debug.lib : ospi_v0.obj (.text.OSPI_isDacEnable)
                  70014efc    00000004     --HOLE-- [fill = 0]
                  70014f00    0000002c                                                      : ospi_v0.obj (.text.OSPI_isPhyEnable)
                  70014f2c    00000004     --HOLE-- [fill = 0]
                  70014f30    0000002c                                                      : ospi_v0.obj (.text.OSPI_setDeviceSize)
                  70014f5c    00000004     --HOLE-- [fill = 0]
                  70014f60    0000002c     nortos.am261x.r5f.ti-arm-clang.debug.lib : SemaphoreP_nortos.obj (.text.SemaphoreP_constructBinary)
                  70014f8c    00000004     --HOLE-- [fill = 0]
                  70014f90    0000002a     drivers.am261x.r5f.ti-arm-clang.nortos.debug.lib : bootloader_uniflash_mcelf.obj (.text.Bootloader_Uniflash_MCELF_flashVerifyXIPFile)
                  70014fba    00000006     --HOLE-- [fill = 0]
                  70014fc0    0000002a                                                      : bootloader_uniflash_rprc.obj (.text.Bootloader_Uniflash_RPRC_flashXIPFile)
                  70014fea    00000006     --HOLE-- [fill = 0]
                  70014ff0    0000002a     nortos.am261x.r5f.ti-arm-clang.debug.lib : ClockP_nortos.obj (.text.ClockP_sleepTicks)
                  7001501a    00000006     --HOLE-- [fill = 0]
                  70015020    0000002a     drivers.am261x.r5f.ti-arm-clang.nortos.debug.lib : ospi_v0_lld.obj (.text.OSPI_lld_setModeBits)
                  7001504a    00000006     --HOLE-- [fill = 0]
                  70015050    0000002a                                                      : uart_v0.obj (.text.UART_Transaction_init)
                  7001507a    00000006     --HOLE-- [fill = 0]
                  70015080    0000002a                                                      : uart_v0_lld.obj (.text.UART_intr2Disable)
                  700150aa    00000006     --HOLE-- [fill = 0]
                  700150b0    0000002a                                                      : uart_v0_lld.obj (.text.UART_lld_Transaction_init)
                  700150da    00000006     --HOLE-- [fill = 0]
                  700150e0    0000002a                                                      : uart_v0_lld.obj (.text.UART_operatingModeSelect)
                  7001510a    00000006     --HOLE-- [fill = 0]
                  70015110    0000002a     main.obj (.text.flashFixUpOspiBoot)
                  7001513a    00000006     --HOLE-- [fill = 0]
                  70015140    00000028     nortos.am261x.r5f.ti-arm-clang.debug.lib : CpuId_armv7r.obj (.text.CSL_armR5GetCpuID)
                  70015168    00000008     --HOLE-- [fill = 0]
                  70015170    00000028     drivers.am261x.r5f.ti-arm-clang.nortos.debug.lib : ospi_v0_lld.obj (.text.OSPI_lld_Transaction_init)
                  70015198    00000008     --HOLE-- [fill = 0]
                  700151a0    00000028                                                      : ospi_v0_lld.obj (.text.OSPI_lld_clearDualOpCodeMode)
                  700151c8    00000008     --HOLE-- [fill = 0]
                  700151d0    00000028                                                      : ospi_v0_lld.obj (.text.OSPI_lld_enableModeBitsCmd)
                  700151f8    00000008     --HOLE-- [fill = 0]
                  70015200    00000028                                                      : ospi_v0_lld.obj (.text.OSPI_lld_enableModeBitsRead)
                  70015228    00000008     --HOLE-- [fill = 0]
                  70015230    00000028                                                      : ospi_v0_lld.obj (.text.OSPI_lld_setDualOpCodeMode)
                  70015258    00000008     --HOLE-- [fill = 0]
                  70015260    00000028                                                      : ospi_v0.obj (.text.OSPI_setCmdDummyCycles)
                  70015288    00000008     --HOLE-- [fill = 0]
                  70015290    00000028                                                      : ospi_v0.obj (.text.OSPI_setCmdExtType)
                  700152b8    00000008     --HOLE-- [fill = 0]
                  700152c0    00000028                                                      : ospi_v0.obj (.text.OSPI_setModeBits)
                  700152e8    00000008     --HOLE-- [fill = 0]
                  700152f0    00000028                                                      : ospi_v0.obj (.text.OSPI_setNumAddrBytes)
                  70015318    00000008     --HOLE-- [fill = 0]
                  70015320    00000028                                                      : ospi_v0.obj (.text.OSPI_setPhyEnableSuccess)
                  70015348    00000008     --HOLE-- [fill = 0]
                  70015350    00000028                                                      : ospi_v0.obj (.text.OSPI_setProtocol)
                  70015378    00000008     --HOLE-- [fill = 0]
                  70015380    00000028                                                      : ospi_v0.obj (.text.OSPI_setReadDummyCycles)
                  700153a8    00000008     --HOLE-- [fill = 0]
                  700153b0    00000028     nortos.am261x.r5f.ti-arm-clang.debug.lib : printf.obj (.text.vprintf_)
                  700153d8    00000008     --HOLE-- [fill = 0]
                  700153e0    00000026     drivers.am261x.r5f.ti-arm-clang.nortos.debug.lib : edma.obj (.text.EDMA_disableQdmaEvtRegion)
                  70015406    0000000a     --HOLE-- [fill = 0]
                  70015410    00000026                                                      : edma.obj (.text.EDMA_enableQdmaEvtRegion)
                  70015436    0000000a     --HOLE-- [fill = 0]
                  70015440    00000026                                                      : edma.obj (.text.EDMA_getIntrStatusRegion)
                  70015466    0000000a     --HOLE-- [fill = 0]
                  70015470    00000026                                                      : edma.obj (.text.EDMA_intrStatusHighGetRegion)
                  70015496    0000000a     --HOLE-- [fill = 0]
                  700154a0    00000026                                                      : edma.obj (.text.EDMA_validateIntrObject)
                  700154c6    0000000a     --HOLE-- [fill = 0]
                  700154d0    00000024                                                      : ospi_phy_am26x_lld.obj (.text.CSL_REG32_FEXT_RAW)
                  700154f4    0000000c     --HOLE-- [fill = 0]
                  70015500    00000024                                                      : ospi_v0_lld.obj (.text.CSL_REG32_FEXT_RAW)
                  70015524    0000000c     --HOLE-- [fill = 0]
                  70015530    00000024     board.am261x.r5f.ti-arm-clang.nortos.debug.lib : flash.obj (.text.Flash_getPhyTuningOffset)
                  70015554    0000000c     --HOLE-- [fill = 0]
                  70015560    00000024                                                    : flash_nor_ospi.obj (.text.Flash_norOspiClose)
                  70015584    0000000c     --HOLE-- [fill = 0]
                  70015590    00000024     drivers.am261x.r5f.ti-arm-clang.nortos.debug.lib : ospi_v0.obj (.text.OSPI_clearDualOpCodeMode)
                  700155b4    0000000c     --HOLE-- [fill = 0]
                  700155c0    00000024                                                      : ospi_edma_lld.obj (.text.OSPI_edmaIsrFxn)
                  700155e4    0000000c     --HOLE-- [fill = 0]
                  700155f0    00000024                                                      : ospi_v0.obj (.text.OSPI_enableModeBitsCmd)
                  70015614    0000000c     --HOLE-- [fill = 0]
                  70015620    00000024                                                      : ospi_v0.obj (.text.OSPI_enableModeBitsRead)
                  70015644    0000000c     --HOLE-- [fill = 0]
                  70015650    00000024                                                      : ospi_v0_lld.obj (.text.OSPI_lld_isDecoderChipSelectValid)
                  70015674    0000000c     --HOLE-- [fill = 0]
                  70015680    00000024     nortos.am261x.r5f.ti-arm-clang.debug.lib : SemaphoreP_nortos.obj (.text.SemaphoreP_constructMutex)
                  700156a4    0000000c     --HOLE-- [fill = 0]
                  700156b0    00000024     drivers.am261x.r5f.ti-arm-clang.nortos.debug.lib : uart_v0_lld.obj (.text.UART_IsRxTrigLvlValid)
                  700156d4    0000000c     --HOLE-- [fill = 0]
                  700156e0    00000024                                                      : uart_v0_lld.obj (.text.UART_IsStopBitsValid)
                  70015704    0000000c     --HOLE-- [fill = 0]
                  70015710    00000024                                                      : uart_v0_lld.obj (.text.UART_IsTxTrigLvlValid)
                  70015734    00000024     libclang_rt.builtins.a : aeabi_uldivmod.S.obj (.text.__aeabi_uldivmod)
                  70015758    00000008     --HOLE-- [fill = 0]
                  70015760    00000024     nortos.am261x.r5f.ti-arm-clang.debug.lib : printf.obj (.text._out_char)
                  70015784    0000000c     --HOLE-- [fill = 0]
                  70015790    00000022     drivers.am261x.r5f.ti-arm-clang.nortos.debug.lib : edma.obj (.text.EDMA_channelToParamMap)
                  700157b2    0000000e     --HOLE-- [fill = 0]
                  700157c0    00000022                                                      : ospi_v0_lld.obj (.text.OSPI_lld_param_check)
                  700157e2    0000000e     --HOLE-- [fill = 0]
                  700157f0    00000020                                                      : bootloader_uniflash_mcelf.obj (.text.Bootloader_Uniflash_MCELF_flashXIPFile)
                  70015810    00000020     nortos.am261x.r5f.ti-arm-clang.debug.lib : ClockP_nortos.obj (.text.ClockP_isActive)
                  70015830    00000020                                              : ClockP_nortos.obj (.text.ClockP_usecToTicks)
                  70015850    00000020     drivers.am261x.r5f.ti-arm-clang.nortos.debug.lib : uart_v0_lld.obj (.text.HW_RD_FIELD32_RAW)
                  70015870    00000020                                                      : ospi_v0_lld.obj (.text.OSPI_lld_readCompleteCallback)
                  70015890    0000001e     nortos.am261x.r5f.ti-arm-clang.debug.lib : ClockP_nortos.obj (.text.ClockP_Params_init)
                  700158ae    00000002     --HOLE-- [fill = 0]
                  700158b0    0000001e     drivers.am261x.r5f.ti-arm-clang.nortos.debug.lib : edma.obj (.text.EDMA_getEventStatusHigh)
                  700158ce    00000002     --HOLE-- [fill = 0]
                  700158d0    0000001e                                                      : ospi_v0.obj (.text.OSPI_dmaInterruptCallback)
                  700158ee    00000002     --HOLE-- [fill = 0]
                  700158f0    0000001e                                                      : ospi_v0_lld.obj (.text.OSPI_getSramLevel)
                  7001590e    00000002     --HOLE-- [fill = 0]
                  70015910    0000001e                                                      : ospi_v0_lld.obj (.text.OSPI_getWriteSramLevel)
                  7001592e    00000002     --HOLE-- [fill = 0]
                  70015930    0000001e                                                      : ospi_v0.obj (.text.OSPI_interruptCallback)
                  7001594e    00000002     --HOLE-- [fill = 0]
                  70015950    0000001e                                                      : ospi_v0_lld.obj (.text.OSPI_lld_getFlashDataBaseAddr)
                  7001596e    00000002     --HOLE-- [fill = 0]
                  70015970    0000001e                                                      : soc.obj (.text.SOC_moduleClockEnable)
                  7001598e    00000002     --HOLE-- [fill = 0]
                  70015990    0000001e                                                      : uart_v0_lld.obj (.text.UART_breakCtl)
                  700159ae    00000002     --HOLE-- [fill = 0]
                  700159b0    0000001e                                                      : uart_v0_lld.obj (.text.UART_lld_Transaction_deInit)
                  700159ce    00000002     --HOLE-- [fill = 0]
                  700159d0    0000001e                                                      : uart_v0_lld.obj (.text.UART_writeInterrupt)
                  700159ee    00000002     --HOLE-- [fill = 0]
                  700159f0    0000001c     ti_board_open_close.obj (.text.Board_driversOpen)
                  70015a0c    00000004     --HOLE-- [fill = 0]
                  70015a10    0000001c     drivers.am261x.r5f.ti-arm-clang.nortos.debug.lib : edma.obj (.text.EDMA_errIntrHighStatusGet)
[...]
700129a8  __TI_cleanup                                
70012a00  __TI_readmsg                                
70012a58  __TI_writemsg                               
70012aa4  C$$IO$$                                     
70012ab1  EDMA_getHandle                              
70012b71  OSPI_lld_configResetPin                     
70012c91  EDMA_setPaRAM                               
70012da4  exit                                        
70012df8  finddevice                                  
70012e4c  __TI_auto_init_nobinit_nopinit              
70012ea1  EDMA_readIntrStatusRegion                   
70012f01  Flash_read                                  
70012f61  Flash_write                                 
70012fc1  Board_flashClose                            
70013011  Drivers_edmaClose                           
70013061  Drivers_ospiClose                           
700130b1  Drivers_uartClose                           
70013101  Pinmux_config                               
70013151  UART_checkCharsAvailInFifo                  
700131a1  EDMA_clrEvtRegion                           
700131f1  EDMA_clrIntrRegion                          
70013241  EDMA_disableDmaEvtRegion                    
70013291  EDMA_disableEvtIntrRegion                   
700132e1  EDMA_enableDmaEvtRegion                     
70013331  EDMA_enableEvtIntrRegion                    
700133d1  EDMA_setEvtRegion                           
70013421  OSPI_readCmd                                
70013471  OSPI_writeCmd                               
700134c1  ClockP_construct                            
70013511  EDMA_ccPaRAMEntry_init                      
70013561  EDMA_mapQdmaChToPaRAM                       
700135b1  EDMA_readEventStatusRegion                  
70013601  Module_clockEnable                          
70013651  OSPI_getHandle                              
700136a1  OSPI_lld_readBaudRateDivFromReg             
700136ec  fclose                                      
70013738  fopen                                       
70013791  UART_getIntrIdentityStatus                  
70013881  OSPI_lld_enableDacMode                      
700138d1  OSPI_lld_setDeviceSize                      
70013921  OSPI_lld_setNumAddrBytes                    
700139b8  unlink                                      
70013a01  DebugP_uartLogWriterPutChar                 
70013a51  OSPI_lld_disableDacMode                     
70013aa1  OSPI_lld_phyTuneDDR                         
70013b41  UART_readLineStatus                         
70013b91  Dpl_init                                    
70013be1  OSPI_dmaClose                               
70013c31  OSPI_isDmaInterruptEnabled                  
70013d21  SemaphoreP_construct                        
70013d71  _DebugP_logZone                             
70013e11  ClockP_start                                
70013ee4  memcmp                                      
70013f31  Flash_eraseBlk                              
70013f71  Flash_eraseSector                           
70013fb1  Flash_getAttrs                              
70014071  UART_spaceAvail                             
700140b1  OSPI_lld_setRdDataCaptureDelay              
700140f1  SOC_rcmIsR5FInLockStepMode                  
70014171  UART_IsTxRxFifoEmpty                        
700141f1  OSPI_EdmaParams_init                        
70014231  OSPI_enableSDR                              
70014271  SOC_moduleSetClockFrequency                 
70014371  EDMA_qdmaClrMissEvtRegion                   
700143b1  OSPI_getBaudRateDivFromObj                  
700143f1  OSPI_setRdDataCaptureDelay                  
70014431  OSPI_setResetPinStatus                      
700144b1  EDMA_getRegionId                            
700144f1  Flash_getHandle                             
70014531  OSPI_lld_enableDdrRdCmds                    
70014571  OSPI_lld_readCmdParams_init                 
700145b1  Bootloader_Uniflash_RPRC_flashVerifyXIPFile 
700145f1  OSPI_disableDacMode                         
70014631  OSPI_disablePhy                             
70014671  OSPI_enableDacMode                          
700146b1  OSPI_enablePhy                              
700146f1  OSPI_lld_disablePhyPipeline                 
70014731  OSPI_lld_enableDDR                          
70014771  OSPI_lld_enableSDR                          
70014831  OSPI_lld_setResetPinStatus                  
70014871  OSPI_setXferOpCodes                         
700148f1  TimerP_Params_initPriv                      
700149d8  lseek                                       
70014a0c  read                                        
70014a40  write                                       
70014b41  OSPI_lld_setCmdDummyCycles                  
70014b81  OSPI_lld_setReadDummyCycles                 
70014bc1  OSPI_lld_writeCmdParams_init                
70014c01  TimerP_getCountPriv                         
70014cc1  Flash_close                                 
70014d51  OSPI_phyReadAttackVector                    
70014d81  OSPI_phyTuneDDR                             
70014e41  UART_lld_dmaInit                            
70014ea1  DebugP_logZoneEnable                        
70014ed1  OSPI_isDacEnable                            
70014f01  OSPI_isPhyEnable                            
70014f31  OSPI_setDeviceSize                          
70014f61  SemaphoreP_constructBinary                  
70014f91  Bootloader_Uniflash_MCELF_flashVerifyXIPFile
70014fc1  Bootloader_Uniflash_RPRC_flashXIPFile       
70015021  OSPI_lld_setModeBits                        
70015051  UART_Transaction_init                       
70015081  UART_intr2Disable                           
700150b1  UART_lld_Transaction_init                   
700150e1  UART_operatingModeSelect                    
70015111  flashFixUpOspiBoot                          
70015141  CSL_armR5GetCpuID                           
70015171  OSPI_lld_Transaction_init                   
700151a1  OSPI_lld_clearDualOpCodeMode                
700151d1  OSPI_lld_enableModeBitsCmd                  
70015201  OSPI_lld_enableModeBitsRead                 
70015231  OSPI_lld_setDualOpCodeMode                  
70015261  OSPI_setCmdDummyCycles                      
70015291  OSPI_setCmdExtType                          
700152c1  OSPI_setModeBits                            
700152f1  OSPI_setNumAddrBytes                        
70015321  OSPI_setPhyEnableSuccess                    
70015351  OSPI_setProtocol                            
70015381  OSPI_setReadDummyCycles                     
700153b1  vprintf_                                    
700153e1  EDMA_disableQdmaEvtRegion                   
70015411  EDMA_enableQdmaEvtRegion                    
70015441  EDMA_getIntrStatusRegion                    
70015471  EDMA_intrStatusHighGetRegion                
70015531  Flash_getPhyTuningOffset                    
70015591  OSPI_clearDualOpCodeMode                    
700155f1  OSPI_enableModeBitsCmd                      
70015621  OSPI_enableModeBitsRead                     
70015681  SemaphoreP_constructMutex                   
70015734  __aeabi_uldivmod                            
70015791  EDMA_channelToParamMap                      
700157f1  Bootloader_Uniflash_MCELF_flashXIPFile      
70015811  ClockP_isActive                             
70015831  ClockP_usecToTicks                          
70015871  OSPI_lld_readCompleteCallback               
70015891  ClockP_Params_init                          
700158b1  EDMA_getEventStatusHigh                     
70015951  OSPI_lld_getFlashDataBaseAddr               
70015971  SOC_moduleClockEnable                       
700159b1  UART_lld_Transaction_deInit                 
700159f1  Board_driversOpen                           
70015a11  EDMA_errIntrHighStatusGet                   
70015a31  EDMA_getCCErrStatus                         
70015a51  EDMA_getErrIntrStatus                       
70015a71  EDMA_getEventStatus                         
70015a91  EDMA_qdmaGetErrIntrStatus                   
70015ad1  OSPI_lld_phyGetTuningData                   
70015af1  System_init                                 
70015b31  putchar_                                    
70015b84  TI_memcpy_small                             
70015ba1  OSPI_lld_setCmdExtType                      
70015c01  board_flash_reset                           
70015c21  EDMA_clrCCErr                               
70015c41  EDMA_isInterruptEnabled                     
70015c61  OSPI_ReadCmdParams_init                     
70015c81  OSPI_Transaction_init                       
70015ca1  OSPI_WriteCmdParams_init                    
70015cc1  OSPI_edmaItrStatus                          
70015ce1  OSPI_lld_setPhyEnableSuccess                
70015d01  SemaphoreP_Params_init                      
70015d21  TimerP_getReloadCountPriv                   
70015d81  UART_putChar                                
70015d98  TI_memset_small                             
70015db1  OSPI_lld_isDacEnable                        
70015dd1  OSPI_lld_isPhyEnable                        
70015df1  TimerP_startPriv                            
70015e11  TimerP_stopPriv                             
70015e71  DebugP_uartSetDrvIndex                      
70015eb1  OSPI_phyGetTuningData                       
70015ed1  TimerP_clearOverflowIntPriv                 
70015ef1  TimerP_setup                                
70015f04  gets                                        
70015f21  Pinmux_init                                 
70015f81  ClockP_getTimerCount                        
70015f91  ClockP_timerClearOverflowInt                
70015fa1  Drivers_close                               
70015fb1  Drivers_open                                
70016001  TimerP_Params_init                          
70016011  TimerP_clearOverflowInt                     
70016021  TimerP_getCount                             
70016031  TimerP_getReloadCount                       
70016041  TimerP_start                                
70016050  __aeabi_memset                              
70016050  __aeabi_memset4                             
70016050  __aeabi_memset8                             
70016070  putchar                                     
700160a1  ClockP_getTicks                             
700160b1  PowerClock_init                             
70016101  Board_driversClose                          
70016111  Drivers_uartInit                            
70016141  SemaphoreP_destruct                         
70016151  TaskP_yield                                 
70016161  HwiP_enableInt                              
700161a1  HwiP_disableInt                             
70016201  HwiP_restoreInt                             
70016231  HwiP_clearInt                               
70016271  HwiP_post                                   
700162b1  HwiP_Params_init                            
700162e1  HwiP_construct                              
700164d1  HwiP_destruct                               
70016541  HwiP_init                                   
700166f1  HwiP_inISR                                  
70016721  HwiP_setVimIrqPriMaskNonAtomic              
70016771  HwiP_setVimIrqPriMaskAtomic                 
70016811  HwiP_restoreVimIrqPriMask                   
70016821  HwiP_irq_handler_c                          
700169c1  HwiP_fiq_handler                            
70016b21  HwiP_reserved_handler                       
70016b61  HwiP_undefined_handler_c                    
70016b81  HwiP_user_undefined_handler_c               
70016ba1  HwiP_svc_handler                            
70016be1  HwiP_prefetch_abort_handler_c               
70016c81  HwiP_user_prefetch_abort_handler_c          
70016cc1  HwiP_data_abort_handler_c                   
70016d81  HwiP_user_data_abort_handler_c              
70016dbc  HwiP_irq_handler                            
70016e30  HwiP_data_abort_handler                     
70016e74  HwiP_prefetch_abort_handler                 
70016ec0  HwiP_undefined_handler                      
70016ef0  GET_DFSR                                    
70016ef8  GET_ADFSR                                   
70016f00  GET_DFAR                                    
70016f08  GET_IFSR                                    
70016f10  GET_AIFSR                                   
70016f18  GET_IFAR                                    
70016f20  GET_SPSR                                    
70016f38  HwiP_disable                                
70016f48  HwiP_disableFIQ                             
70016f58  HwiP_enable                                 
70016f68  HwiP_enableFIQ                              
70016f78  HwiP_restore                                
70016f80  HwiP_enableVIC                              
70016f90  HwiP_disableVIC                             
70016fa0  HwiP_getCPSR                                
70016fb0  CacheP_disableL1d                           
70016fd8  CacheP_disableL1p                           
70016ff0  CacheP_enableL1d                            
70017008  CacheP_enableL1p                            
70017020  CacheP_invL1d                               
70017058  CacheP_invL1p                               
70017094  CacheP_invL1dAll                            
7001709c  CacheP_invL1pAll                            
700170a4  CacheP_wb                                   
700170e0  CacheP_wbInv                                
7001711c  CacheP_wbAll                                
700171c4  CacheP_wbInvAll                             
700171dc  CacheP_wbInvAllAsm                          
7001727c  CacheP_getEnabled                           
700172b4  CacheP_getCacheLevelInfo                    
700172c0  CacheP_configForceWrThru                    
700172e0  CacheP_setDLFO                              
700172f1  CacheP_init                                 
70017381  CacheP_disable                              
700173d1  CacheP_enable                               
70017411  CacheP_inv                                  
70017451  MpuP_getAttrs                               
700174b1  MpuP_RegionAttrs_init                       
700174e1  MpuP_setRegion                              
70017571  MpuP_isEnable                               
70017581  MpuP_disable                                
700175c1  MpuP_enable                                 
70017611  MpuP_init                                   
700176b1  MpuP_isUserAuthorizedToAccessMemory         
70017790  MpuP_disableAsm                             
700177a8  MpuP_disableBRAsm                           
700177b8  MpuP_enableAsm                              
700177d0  MpuP_enableBRAsm                            
700177e0  MpuP_isEnableAsm                            
700177f4  MpuP_setRegionAsm                           
70017810  _c_int00_sbl                                
70017834  _c_int00                                    
70017961  _DebugP_assertNoLog                         
70017991  _system_pre_init                            
700179c1  __mpu_init                                  
700179d0  gMainMenu                                   
700179d0  gUartDmaHandle                              
70017aee  isMapAvailable                              
70017af0  _ftable                                     
70017d00  gFlashDevCfg_IS25LX064                      
70017e84  _device                                     
70017f74  gUartParams                                 
70017fcc  _stream                                     
7001801c  gFlashAttrs_IS25LX064                       
70018054  gFlashNorOspiFxns                           
70018078  gFlashToSpiProtocolMap                      
7001809c  gSocModulesClockFrequency                   
70018248  gClockConfig                                
70018260  gFlashConfig                                
700182b8  gOspiDmaEdmaFxns                            
700182c8  gAddrTranslateConfig                        
700182d4  gOspiDmaConfig                              
700182e0  gSocModules                                 
700182ec  __TI_cleanup_ptr                            
700182f0  __TI_dtors_ptr                              
700182f4  gEdmaConfig                                 
700182fc  gEdmaParams                                 
70018304  gFlashParams                                
7001830c  gOspiConfig                                 
7001831c  gUartConfig                                 
70018324  __TI_ft_end                                 
70018328  __aeabi_errno                               
7001832c  _lock                                       
70018330  _unlock                                     
70018334  gDebugLogZone                               
70018338  gDebugP_uartDrvIndex                        
7001833c  gEdmaConfigNum                              
70018340  gFlashConfigNum                             
70018344  gHwiConfig                                  
70018348  gOspiConfigNum                              
7001834c  gOspiDmaConfigNum                           
70018350  gOspiParams                                 
70018354  gUartConfigNum                              
70018358  gUartDmaChConfig                            
70018370  __aeabi_ctype_table_                        
70018370  __aeabi_ctype_table_C                       
70018474  gADPLLJConfigTbl                            
70018500  gCacheConfig                                
70018508  gMpuConfig                                  
70018514  gMpuRegionConfig                            
70018704  gCacheL1dCacheLineSize                      
70018f28  gPeripheralClkSrcInfoMap                    
70019354  gXTALInfo                                   
7001936c  gCacheL1pCacheLineSize                      
70019380  __BSS_START                                 
70019380  gVerifyBuf                                  
70021380  gHwiCtrl                                    
70022004  _CIOBUF_                                    
70022004  __CIOBUF_                                   
700221d4  __TI_tmpnams                                
70022274  gOspiEdmaArgs                               
700222b0  gClockCtrl                                  
700222d0  gFlashObject_IS25LX064                      
700222f4  virtToPhymap                                
70022304  parmbuf                                     
7002230c  gEdmaHandle                                 
70022310  gFlashHandle                                
70022314  gOspiHandle                                 
70022318  gUartHandle                                 
70022380  __BSS_END                                   
70022380  _sys_memory                                 
7002a380  __stack                                     
7002e380  __IRQ_STACK_START                           
7002e380  __STACK_END                                 
7002f380  __FIQ_STACK_START                           
7002f380  __IRQ_STACK_END                             
7002f480  __FIQ_STACK_END                             
7002f480  __SVC_STACK_START                           
70030480  __ABORT_STACK_START                         
70030480  __SVC_STACK_END                             
70030580  __ABORT_STACK_END                           
70030580  __UNDEFINED_STACK_START                     
70030680  __UNDEFINED_STACK_END                       
70040000  gFileBuf                                    
ffffffff  __TI_pprof_out_hndl                         
ffffffff  __TI_prof_data_size                         
ffffffff  __TI_prof_data_start                        
ffffffff  __binit__                                   
ffffffff  binit                                       
UNDEFED   __TI_CINIT_Base                             
UNDEFED   __TI_CINIT_Limit                            
UNDEFED   __TI_Handler_Table_Base                     
UNDEFED   __TI_Handler_Table_Limit                    
UNDEFED   _system_post_cinit                          

[548 symbols]
