******************************************************************************
            TI ARM Clang Linker Unix v4.0.3                    
******************************************************************************
>> Linked Thu Nov 13 06:25:08 2025

OUTPUT FILE NAME:   <sbl_null.release.out>
ENTRY POINT SYMBOL: "_vectors"  address: 00000000


MEMORY CONFIGURATION

         name            origin    length      used     unused   attr    fill
----------------------  --------  ---------  --------  --------  ----  --------
  R5F_VECS              00000000   00000100  00000040  000000c0  RWIX
  R5F_TCMA              00000100   00007f00  00000000  00007f00  RWIX
  R5F_TCMB0             00080000   00008000  00000000  00008000  RWIX
  MAILBOX_HSM           44000000   000003ce  00000340  0000008e  RWIX
  MAILBOX_R5F           44000400   000003ce  00000340  0000008e  RWIX
  MSRAM_VECS            70002000   00000100  00000040  000000c0  RWIX
  MSRAM_0               70002100   00025700  0000e7b0  00016f50  RWIX
  MSRAM_HSMRT           70027800   00040000  00006bd3  0003942d  RWIX


SEGMENT ALLOCATION MAP

run origin  load origin   length   init length attrs members
----------  ----------- ---------- ----------- ----- -------
00000000    70002000    00000040   00000040    r-x
  00000000    70002000    00000040   00000040    r-x .sbl_init_code
70002100    70002100    000074d8   000074d8    r-x
  70002100    70002100    00006310   00006310    r-x .text
  70008410    70008410    00000978   00000978    r-x .text.hwi
  70008d88    70008d88    00000430   00000430    r-x .text.cache
  700091b8    700091b8    00000290   00000290    r-x .text.mpu
  70009448    70009448    00000190   00000190    r-x .text.boot
700095d8    700095d8    000002a0   000002a0    rw-
  700095d8    700095d8    000002a0   000002a0    rw- .data
70009878    70009878    000010b8   000010b8    r--
  70009878    70009878    000010b8   000010b8    r-- .rodata
7000a930    7000a930    00005f80   00000000    rw-
  7000a930    7000a930    00004000   00000000    rw- .stack
  7000e930    7000e930    00000b80   00000000    rw- .bss
  7000f4b0    7000f4b0    00001000   00000000    rw- .irqstack
  700104b0    700104b0    00000100   00000000    rw- .fiqstack
  700105b0    700105b0    00000100   00000000    rw- .svcstack
  700106b0    700106b0    00000100   00000000    rw- .abortstack
  700107b0    700107b0    00000100   00000000    rw- .undefinedstack
70027800    70027800    00006bd3   00006bd3    r--
  70027800    70027800    00006bd3   00006bd3    r-- .rodata.hsmrt


SECTION ALLOCATION MAP

 output                                  attributes/
section   page    origin      length       input sections
--------  ----  ----------  ----------   ----------------
.bss.sipc_hsm_queue_mem 
*          0    44000000    00000340     NOLOAD SECTION
                  44000000    00000340     ti_drivers_config.obj (.bss.sipc_hsm_queue_mem)

.bss.sipc_secure_host_queue_mem 
*          0    44000400    00000340     NOLOAD SECTION
                  44000400    00000340     ti_drivers_config.obj (.bss.sipc_secure_host_queue_mem)

.sbl_init_code 
*          0    70002000    00000040     RUN ADDR = 00000000
                  70002000    00000040     nortos.am261x.r5f.ti-arm-clang.release.lib : HwiP_armv7r_vectors_nortos_asm.obj (.vectors)

.text      0    70002100    00006310     
                  70002100    00000580     nortos.am261x.r5f.ti-arm-clang.release.lib : printf.obj (.text._vsnprintf)
                  70002680    00000400                                                : printf.obj (.text._ftoa)
                  70002a80    0000036c     drivers.am261x.r5f.ti-arm-clang.nortos.release.lib : soc_rcm.obj (.text.SOC_rcmEnablePeripheralClock)
                  70002dec    00000004     ti_board_open_close.obj (.text.Board_driversOpen)
                  70002df0    00000310     nortos.am261x.r5f.ti-arm-clang.release.lib : printf.obj (.text._etoa)
                  70003100    000002a0     drivers.am261x.r5f.ti-arm-clang.nortos.release.lib : uart_v0.obj (.text.UART_open)
                  700033a0    0000023c                                                        : uart_v0_lld.obj (.text.UART_configInstance)
                  700035dc    0000022c     security.am261x.r5f.ti-arm-clang.nortos.release.lib : sipc_notify_src.obj (.text.SIPC_init)
                  70003808    00000204     drivers.am261x.r5f.ti-arm-clang.nortos.release.lib : edma.obj (.text.EDMA_freeChannelRegion)
                  70003a0c    000001f8                                                        : soc_rcm.obj (.text.SOC_rcmGetPeripheralClockFrequency)
                  70003c04    000001f4                                                        : soc_rcm.obj (.text.SOC_rcmSetPeripheralClock)
                  70003df8    000001e4                                                        : soc_rcm.obj (.text.SOC_rcmPerApllConfig)
                  70003fdc    000001ce     main.obj (.text.main)
                  700041aa    00000002     ti_dpl_config.obj (.text.Dpl_deinit)
                  700041ac    00000194     drivers.am261x.r5f.ti-arm-clang.nortos.release.lib : soc_rcm.obj (.text.SOC_rcmEthApllConfig)
                  70004340    00000194                                                        : uart_dma_edma.obj (.text.UART_lld_dmaInit)
                  700044d4    00000166     security.am261x.r5f.ti-arm-clang.nortos.release.lib : sipc_notify_src.obj (.text.SIPC_isr)
                  7000463a    00000002     drivers.am261x.r5f.ti-arm-clang.nortos.release.lib : bootloader_mem.obj (.text.Mem_imgClose)
                  7000463c    00000154                                                        : soc_rcm.obj (.text.SOC_rcmCoreApllHSDivConfig)
                  70004790    0000014e                                                        : uart_dma_edma.obj (.text.UART_lld_dmaDeInit)
                  700048de    0000014a                                                        : uart_v0_lld.obj (.text.UART_lld_controllerIsr)
                  70004a28    00000140     nortos.am261x.r5f.ti-arm-clang.release.lib : TimerP_rti_priv.obj (.text.TimerP_setupPriv)
                  70004b68    0000013c     drivers.am261x.r5f.ti-arm-clang.nortos.release.lib : bootloader_profile.obj (.text.Bootloader_profilePrintProfileLog)
                  70004ca4    00000138                                                        : uart_v0.obj (.text.UART_close)
                  70004ddc    00000132     nortos.am261x.r5f.ti-arm-clang.release.lib : printf.obj (.text._ntoa_format)
                  70004f0e    0000012a     security.am261x.r5f.ti-arm-clang.nortos.release.lib : hsmclient_loadhsmrt.obj (.text.Hsmclient_loadHSMRtFirmware)
                  70005038    00000118     drivers.am261x.r5f.ti-arm-clang.nortos.release.lib : edma.obj (.text.Alloc_resource)
                  70005150    00000118                                                        : soc_rcm.obj (.text.SOC_rcmCoreApllConfig)
                  70005268    00000118     libclang_rt.builtins.a : udivmoddi4.S.obj (.text)
                  70005380    0000010e     drivers.am261x.r5f.ti-arm-clang.nortos.release.lib : uart_v0_lld.obj (.text.UART_lld_write)
                  7000548e    00000104     nortos.am261x.r5f.ti-arm-clang.release.lib : ClockP_nortos_r5.obj (.text.ClockP_init)
                  70005592    00000002     ti_drivers_config.obj (.text.SDL_lbist_selftest)
                  70005594    00000104     drivers.am261x.r5f.ti-arm-clang.nortos.release.lib : uart_dma_edma.obj (.text.UART_lld_dmaWrite)
                  70005698    000000fc                                                        : uart_v0.obj (.text.UART_write)
                  70005794    000000d0                                                        : edma.obj (.text.EDMA_unregisterIntr)
                  70005864    000000cc                                                        : uart_v0_lld.obj (.text.UART_lld_initDma)
                  70005930    000000c8                                                        : bootloader.obj (.text.Bootloader_rprcImageLoad)
                  700059f8    000000c4                                                        : uart_v0_lld.obj (.text.UART_lld_init)
                  70005abc    000000bc                                                        : edma.obj (.text.EDMA_registerIntr)
                  70005b78    000000b0                                                        : soc_rcm.obj (.text.SOC_rcmGetCoreHSDivOut)
                  70005c28    000000b0     nortos.am261x.r5f.ti-arm-clang.release.lib : printf.obj (.text._ntoa_long_long)
                  70005cd8    000000ac     drivers.am261x.r5f.ti-arm-clang.nortos.release.lib : uart_v0_lld.obj (.text.UART_divisorLatchWrite)
                  70005d84    000000a6     nortos.am261x.r5f.ti-arm-clang.release.lib : printf.obj (.text._out_rev)
                  70005e2a    00000002                                                : SemaphoreP_nortos.obj (.text.SemaphoreP_destruct)
                  70005e2c    000000a4     drivers.am261x.r5f.ti-arm-clang.nortos.release.lib : bootloader.obj (.text.Bootloader_loadSelfCpu)
                  70005ed0    000000a0                                                        : bootloader_hsmRt_load.obj (.text.Bootloader_socLoadHsmRtFw)
                  70005f70    000000a0                                                        : edma.obj (.text.EDMA_freeDmaChannel)
                  70006010    000000a0                                                        : edma.obj (.text.EDMA_freeParam)
                  700060b0    000000a0                                                        : edma.obj (.text.EDMA_freeTcc)
                  70006150    000000a0                                                        : uart_dma_edma.obj (.text.UART_lld_dmaRead)
                  700061f0    0000009e     nortos.am261x.r5f.ti-arm-clang.release.lib : SemaphoreP_nortos.obj (.text.SemaphoreP_pend)
                  7000628e    00000098     ti_drivers_config.obj (.text.HsmClient_config)
                  70006326    00000096     security.am261x.r5f.ti-arm-clang.nortos.release.lib : hsmclient.obj (.text.HsmClient_isr)
                  700063bc    00000094     drivers.am261x.r5f.ti-arm-clang.nortos.release.lib : edma.obj (.text.EDMA_configureChannelRegion)
                  70006450    00000090                                                        : soc.obj (.text.SOC_phyToVirt)
                  700064e0    0000008e     nortos.am261x.r5f.ti-arm-clang.release.lib : printf.obj (.text._ntoa_long)
                  7000656e    0000008c     ti_clocktree_pll_config.obj (.text.Bootloader_socConfigurePll)
                  700065fa    00000002     nortos.am261x.r5f.ti-arm-clang.release.lib : TaskP_nortos.obj (.text.TaskP_yield)
                  700065fc    00000088     drivers.am261x.r5f.ti-arm-clang.nortos.release.lib : uart_v0.obj (.text.UART_init)
                  70006684    00000084                                                        : soc.obj (.text.SOC_virtToPhy)
                  70006708    00000080                                                        : uart_v0.obj (.text.UART_flushTxFifo)
                  70006788    0000007c                                                        : soc_rcm.obj (.text.SOC_rcmsetR5SysClock)
                  70006804    0000006e                                                        : edma.obj (.text.EDMA_disableTransferRegion)
                  70006872    0000006e                                                        : edma.obj (.text.EDMA_enableTransferRegion)
                  700068e0    0000006c                                                        : bootloader_soc.obj (.text.Bootloader_socSetAutoClock)
                  7000694c    0000006c                                                        : uart_v0_lld.obj (.text.UART_lld_writeDma)
                  700069b8    00000068                                                        : uart_v0_lld.obj (.text.UART_lld_writeIntr)
                  70006a20    00000066     nortos.am261x.r5f.ti-arm-clang.release.lib : PmuP_armv7r.obj (.text.pmu)
                  70006a86    00000002     drivers.am261x.r5f.ti-arm-clang.nortos.release.lib : uart_dma_edma.obj (.text.UART_edmaDoNothing)
                  70006a88    00000064                                                        : soc.obj (.text.SOC_controlModuleUnlockMMR)
                  70006aec    00000064                                                        : uart_v0_lld.obj (.text.UART_procLineStatusErr)
                  70006b50    00000062     security.am261x.r5f.ti-arm-clang.nortos.release.lib : hsmclient.obj (.text.HsmClient_register)
                  70006bb2    0000005e     nortos.am261x.r5f.ti-arm-clang.release.lib : ClockP_nortos.obj (.text.ClockP_timerTickIsr)
                  70006c10    0000005c     drivers.am261x.r5f.ti-arm-clang.nortos.release.lib : soc.obj (.text.SOC_controlModuleLockMMR)
                  70006c6c    0000005c     nortos.am261x.r5f.ti-arm-clang.release.lib : DebugP_log.obj (.text._DebugP_assert)
                  70006cc8    00000058     drivers.am261x.r5f.ti-arm-clang.nortos.release.lib : bootloader.obj (.text.Bootloader_runCpu)
                  70006d20    00000056     nortos.am261x.r5f.ti-arm-clang.release.lib : ClockP_nortos.obj (.text.ClockP_getTimeUsec)
                  70006d76    00000056     drivers.am261x.r5f.ti-arm-clang.nortos.release.lib : uart_v0_lld.obj (.text.UART_intrDisable)
                  70006dcc    00000056                                                        : uart_v0_lld.obj (.text.UART_writeCancelNoCB)
                  70006e22    00000002     nortos.am261x.r5f.ti-arm-clang.release.lib : printf.obj (.text._out_null)
                  70006e24    00000054     drivers.am261x.r5f.ti-arm-clang.nortos.release.lib : soc_rcm.obj (.text.SOC_rcmR5ConfigDualCore)
                  70006e78    00000054     libc.a : autoinit.c.obj (.text:__TI_auto_init_nobinit_nopinit)
                  70006ecc    00000052     nortos.am261x.r5f.ti-arm-clang.release.lib : AddrTranslateP_32bit.obj (.text.AddrTranslateP_getLocalAddr)
                  70006f1e    00000002     --HOLE-- [fill = 0]
                  70006f20    00000050     drivers.am261x.r5f.ti-arm-clang.nortos.release.lib : bootloader_soc.obj (.text.Bootloader_socCpuGetClock)
                  70006f70    00000050                                                        : edma.obj (.text.EDMA_allocDmaChannel)
                  70006fc0    00000050                                                        : edma.obj (.text.EDMA_allocParam)
                  70007010    00000050                                                        : edma.obj (.text.EDMA_allocTcc)
                  70007060    0000004e     nortos.am261x.r5f.ti-arm-clang.release.lib : ClockP_nortos.obj (.text.ClockP_addToList)
                  700070ae    0000004e     drivers.am261x.r5f.ti-arm-clang.nortos.release.lib : edma.obj (.text.EDMA_disableChInShadowRegRegion)
                  700070fc    0000004c     ti_drivers_open_close.obj (.text.Drivers_uartOpen)
                  70007148    00000048     drivers.am261x.r5f.ti-arm-clang.nortos.release.lib : uart_dma_edma.obj (.text.UART_edmaIsrRx)
                  70007190    00000046     ti_dpl_config.obj (.text.Dpl_init)
                  700071d6    00000046     drivers.am261x.r5f.ti-arm-clang.nortos.release.lib : uart_dma_edma.obj (.text.UART_edmaIsrTx)
                  7000721c    00000044                                                        : bootloader.obj (.text.Bootloader_loadCpu)
                  70007260    00000044                                                        : bootloader_soc.obj (.text.Bootloader_socCpuPowerOnReset)
                  700072a4    00000044                                                        : uart_v0.obj (.text.UART_Params_init)
                  700072e8    00000044                                                        : uart_v0_lld.obj (.text.UART_lld_deInitDma)
                  7000732c    00000040                                                        : bootloader.obj (.text.Bootloader_open)
                  7000736c    00000040     nortos.am261x.r5f.ti-arm-clang.release.lib : ClockP_nortos.obj (.text.ClockP_stop)
                  700073ac    00000040     drivers.am261x.r5f.ti-arm-clang.nortos.release.lib : edma.obj (.text.EDMA_mapChToEvtQ)
                  700073ec    00000040                                                        : pinmux.obj (.text.Pinmux_config)
                  7000742c    00000040                                                        : soc_rcm.obj (.text.SOC_rcmStartMemInitTCMA)
                  7000746c    00000040                                                        : soc_rcm.obj (.text.SOC_rcmStartMemInitTCMB)
                  700074ac    00000040                                                        : uart_v0_lld.obj (.text.UART_lld_deInit)
                  700074ec    0000003e     security.am261x.r5f.ti-arm-clang.nortos.release.lib : hsmclient_loadhsmrt.obj (.text.Hsmclient_mboxRxISR)
                  7000752a    0000003e                                                         : sipc_notify_src.obj (.text.SIPC_registerClient)
                  70007568    0000003c     drivers.am261x.r5f.ti-arm-clang.nortos.release.lib : edma.obj (.text.EDMA_getBaseAddr)
                  700075a4    0000003c                                                        : soc_rcm.obj (.text.SOC_rcmWaitMemInitTCMA)
                  700075e0    0000003c                                                        : soc_rcm.obj (.text.SOC_rcmWaitMemInitTCMB)
                  7000761c    0000003c                                                        : uart_v0_lld.obj (.text.UART_readData)
                  70007658    0000003a     nortos.am261x.r5f.ti-arm-clang.release.lib : ClockP_nortos.obj (.text.ClockP_destruct)
                  70007692    0000003a                                                : DebugP_uartLogWriter.obj (.text.DebugP_uartLogWriterPutChar)
                  700076cc    0000003a     ti_power_clock_config.obj (.text.Module_clockSetFrequency)
                  70007706    0000003a     drivers.am261x.r5f.ti-arm-clang.nortos.release.lib : uart_v0_lld.obj (.text.UART_lld_flushTxFifo)
                  70007740    00000038                                                        : bootloader_soc.obj (.text.Bootloader_socMemInitCpu)
                  70007778    00000038                                                        : bootloader_soc.obj (.text.Bootloader_socTranslateSectionAddr)
                  700077b0    00000038     nortos.am261x.r5f.ti-arm-clang.release.lib : DebugP_nortos.obj (.text._DebugP_logZone)
                  700077e8    00000038                                                : PmuP_armv7r_asm.obj (.text.pmu)
                  70007820    00000036     drivers.am261x.r5f.ti-arm-clang.nortos.release.lib : edma.obj (.text.EDMA_clrMissEvtRegion)
                  70007856    00000036     security.am261x.r5f.ti-arm-clang.nortos.release.lib : hsmclient_wait_for_boot_notify.obj (.text.HsmClient_waitForBootNotify)
                  7000788c    00000036     nortos.am261x.r5f.ti-arm-clang.release.lib : SemaphoreP_nortos.obj (.text.SemaphoreP_post)
                  700078c2    00000002     --HOLE-- [fill = 0]
                  700078c4    00000034     drivers.am261x.r5f.ti-arm-clang.nortos.release.lib : bootloader.obj (.text.Bootloader_bootSelfCpu)
                  700078f8    00000034     nortos.am261x.r5f.ti-arm-clang.release.lib : ClockP_nortos.obj (.text.ClockP_start)
                  7000792c    00000034     ti_power_clock_config.obj (.text.Module_clockDisable)
                  70007960    00000034     ti_power_clock_config.obj (.text.Module_clockEnable)
                  70007994    00000034     drivers.am261x.r5f.ti-arm-clang.nortos.release.lib : soc_rcm.obj (.text.SOC_rcmADPLLJGetFOut)
                  700079c8    00000034                                                        : soc_rcm.obj (.text.SOC_rcmGetModuleClkDivVal)
                  700079fc    00000032                                                        : edma.obj (.text.EDMA_unmapChToEvtQ)
                  70007a2e    00000002     --HOLE-- [fill = 0]
                  70007a30    00000030                                                        : bootloader.obj (.text.Bootloader_BootImageInfo_init)
                  70007a60    00000030     security.am261x.r5f.ti-arm-clang.nortos.release.lib : sipc_notify_cfg.obj (.text.SIPC_Register_Isr)
                  70007a90    00000030     drivers.am261x.r5f.ti-arm-clang.nortos.release.lib : soc_rcm.obj (.text.SOC_rcmCoreApllRelockPreRequisite)
                  70007ac0    00000030                                                        : uart_v0.obj (.text.UART_lld_readCompleteCallback)
                  70007af0    00000030                                                        : uart_v0.obj (.text.UART_lld_writeCompleteCallback)
                  70007b20    0000002e                                                        : edma.obj (.text.EDMA_enableChInShadowRegRegion)
                  70007b4e    00000002     --HOLE-- [fill = 0]
                  70007b50    0000002c                                                        : bootloader_profile.obj (.text.Bootloader_profileReset)
                  70007b7c    0000002c                                                        : soc_rcm.obj (.text.SOC_rcmCoreR5FUnhalt)
                  70007ba8    0000002c                                                        : soc_rcm.obj (.text.SOC_rcmR5ConfigLockStep)
                  70007bd4    0000002c                                                        : uart_v0.obj (.text.UART_getHandle)
                  70007c00    00000028                                                        : bootloader.obj (.text.Bootloader_rprcImageParseEntryPoint)
                  70007c28    00000028                                                        : bootloader_soc.obj (.text.Bootloader_socCpuGetClkDefault)
                  70007c50    00000028                                                        : bootloader_soc.obj (.text.Bootloader_socGetCoreName)
                  70007c78    00000028     nortos.am261x.r5f.ti-arm-clang.release.lib : ClockP_nortos.obj (.text.ClockP_construct)
                  70007ca0    00000028     drivers.am261x.r5f.ti-arm-clang.nortos.release.lib : bootloader_mem.obj (.text.Mem_imgRead)
                  70007cc8    00000028                                                        : soc.obj (.text.SOC_moduleSetClockFrequency)
                  70007cf0    00000028                                                        : soc_rcm.obj (.text.SOC_rcmGetADPLLJConfig)
                  70007d18    00000026                                                        : edma.obj (.text.EDMA_setPaRAM)
                  70007d3e    00000026     security.am261x.r5f.ti-arm-clang.nortos.release.lib : sipc_notify_src.obj (.text.SIPC_unregisterClient)
                  70007d64    00000026     drivers.am261x.r5f.ti-arm-clang.nortos.release.lib : uart_dma_edma.obj (.text.UART_lld_dmaDisableChannel)
                  70007d8a    00000002     --HOLE-- [fill = 0]
                  70007d8c    00000024                                                        : bootloader_profile.obj (.text.Bootloader_profileAddProfilePoint)
                  70007db0    00000024     security.am261x.r5f.ti-arm-clang.nortos.release.lib : hsmclient.obj (.text.HsmClient_init)
                  70007dd4    00000024     drivers.am261x.r5f.ti-arm-clang.nortos.release.lib : soc_rcm.obj (.text.SOC_rcmGetR5Clock)
                  70007df8    00000024                                                        : uart_v0_lld.obj (.text.UART_IsHWFlowCtrlValid)
                  70007e1c    00000024     libclang_rt.builtins.a : aeabi_uldivmod.S.obj (.text.__aeabi_uldivmod)
                  70007e40    00000024     nortos.am261x.r5f.ti-arm-clang.release.lib : printf.obj (.text.vprintf_)
                  70007e64    00000022     drivers.am261x.r5f.ti-arm-clang.nortos.release.lib : edma.obj (.text.EDMA_linkChannel)
                  70007e86    00000002     --HOLE-- [fill = 0]
                  70007e88    00000020                                                        : bootloader.obj (.text.Bootloader_runSelfCpu)
                  70007ea8    00000020     nortos.am261x.r5f.ti-arm-clang.release.lib : DebugP_log.obj (.text.DebugP_logZoneEnable)
                  70007ec8    00000020     drivers.am261x.r5f.ti-arm-clang.nortos.release.lib : soc_rcm.obj (.text.SOC_rcmMemInitL2Memory)
                  70007ee8    00000020     ti_drivers_config.obj (.text.System_deinit)
                  70007f08    00000020     nortos.am261x.r5f.ti-arm-clang.release.lib : TimerP_rti_priv.obj (.text.TimerP_Params_initPriv)
                  70007f28    00000020     drivers.am261x.r5f.ti-arm-clang.nortos.release.lib : uart_v0_lld.obj (.text.UART_getChar)
                  70007f48    0000001e                                                        : uart_v0_lld.obj (.text.UART_spaceAvail)
                  70007f66    00000002     --HOLE-- [fill = 0]
                  70007f68    0000001c                                                        : bootloader_mem.obj (.text.Mem_imgOpen)
                  70007f84    0000001c     libc.a : memcpy32.S.obj (.text:TI_memcpy_small)
                  70007fa0    0000001a     nortos.am261x.r5f.ti-arm-clang.release.lib : CpuId_armv7r.obj (.text.CSL_armR5GetCpuID)
                  70007fba    0000001a     drivers.am261x.r5f.ti-arm-clang.nortos.release.lib : edma.obj (.text.EDMA_readEventStatusRegion)
                  70007fd4    0000001a     security.am261x.r5f.ti-arm-clang.nortos.release.lib : sipc_notify_src.obj (.text.SIPC_Params_init)
                  70007fee    0000001a     ti_drivers_config.obj (.text.System_init)
                  70008008    0000001a     drivers.am261x.r5f.ti-arm-clang.nortos.release.lib : uart_v0_lld.obj (.text.UART_enhanFuncEnable)
                  70008022    00000018     ti_drivers_open_close.obj (.text.Drivers_close)
                  7000803a    00000002     --HOLE-- [fill = 0]
                  7000803c    00000018     drivers.am261x.r5f.ti-arm-clang.nortos.release.lib : soc.obj (.text.SOC_getCoreName)
                  70008054    00000018                                                        : soc_rcm.obj (.text.SOC_rcmMemInitMailboxMemory)
                  7000806c    00000018                                                        : soc_rcm.obj (.text.SOC_rcmR5SS0PowerOnReset)
                  70008084    00000018     nortos.am261x.r5f.ti-arm-clang.release.lib : TimerP_rti_priv.obj (.text.TimerP_getCountPriv)
                  7000809c    00000018     drivers.am261x.r5f.ti-arm-clang.nortos.release.lib : uart_v0.obj (.text.UART_deinit)
                  700080b4    00000018     libc.a : memset32.S.obj (.text:TI_memset_small)
                  700080cc    00000016     drivers.am261x.r5f.ti-arm-clang.nortos.release.lib : bootloader.obj (.text.Bootloader_bootCpu)
                  700080e2    00000016                                                        : bootloader_soc.obj (.text.Bootloader_socCpuSetClock)
                  700080f8    00000016     nortos.am261x.r5f.ti-arm-clang.release.lib : SemaphoreP_nortos.obj (.text.SemaphoreP_constructBinary)
                  7000810e    00000016     drivers.am261x.r5f.ti-arm-clang.nortos.release.lib : uart_v0_lld.obj (.text.UART_IsTxRxFifoEmpty)
                  70008124    00000016                                                        : uart_v0_lld.obj (.text.UART_checkCharsAvailInFifo)
                  7000813a    00000016                                                        : uart_v0_lld.obj (.text.UART_getIntrIdentityStatus)
                  70008150    00000014                                                        : bootloader_soc.obj (.text.Bootloader_socCpuResetRelease)
                  70008164    00000014     nortos.am261x.r5f.ti-arm-clang.release.lib : ClockP_nortos.obj (.text.ClockP_usecToTicks)
                  70008178    00000014     drivers.am261x.r5f.ti-arm-clang.nortos.release.lib : edma.obj (.text.EDMA_getRegionId)
                  7000818c    00000014                                                        : soc_rcm.obj (.text.SOC_rcmIsR5FInLockStepMode)
                  700081a0    00000014                                                        : soc_rcm.obj (.text.SOC_rcmR5SS0TriggerReset)
                  700081b4    00000014     nortos.am261x.r5f.ti-arm-clang.release.lib : SemaphoreP_nortos.obj (.text.SemaphoreP_constructMutex)
                  700081c8    00000014     drivers.am261x.r5f.ti-arm-clang.nortos.release.lib : uart_v0.obj (.text.UART_Transaction_init)
                  700081dc    00000014                                                        : uart_v0_lld.obj (.text.UART_enhanFuncBitValRestore)
                  700081f0    00000012     security.am261x.r5f.ti-arm-clang.nortos.release.lib : hsmclient_loadhsmrt.obj (.text.Hsmclient_updateBootNotificationRegister)
                  70008202    00000012     drivers.am261x.r5f.ti-arm-clang.nortos.release.lib : uart_v0_lld.obj (.text.UART_hardwareFlowCtrlOptSet)
                  70008214    00000012                                                        : uart_v0_lld.obj (.text.UART_operatingModeSelect)
                  70008226    00000012                                                        : uart_v0_lld.obj (.text.UART_readLineStatus)
                  70008238    00000010                                                        : bootloader.obj (.text.Bootloader_close)
                  70008248    00000010                                                        : uart_v0_lld.obj (.text.UART_intr2Disable)
                  70008258    00000010     libclang_rt.builtins.a : aeabi_memset.S.obj (.text.__aeabi_memset)
                  70008268    0000000e     drivers.am261x.r5f.ti-arm-clang.nortos.release.lib : bootloader_soc.obj (.text.Bootloader_socCpuResetReleaseSelf)
                  70008276    0000000e                                                        : bootloader_soc.obj (.text.Bootloader_socInitL2MailBoxMemory)
                  70008284    0000000e                                                        : edma.obj (.text.EDMA_ccPaRAMEntry_init)
                  70008292    0000000e     ti_pinmux_config.obj (.text.Pinmux_init)
                  700082a0    0000000e     ti_power_clock_config.obj (.text.PowerClock_init)
                  700082ae    00000002     --HOLE-- [fill = 0]
                  700082b0    0000000c     drivers.am261x.r5f.ti-arm-clang.nortos.release.lib : bootloader.obj (.text.Bootloader_Params_init)
                  700082bc    0000000c     nortos.am261x.r5f.ti-arm-clang.release.lib : ClockP_nortos.obj (.text.ClockP_getTicks)
                  700082c8    0000000c                                                : DebugP_uartLogWriter.obj (.text.DebugP_uartSetDrvIndex)
                  700082d4    0000000c     security.am261x.r5f.ti-arm-clang.nortos.release.lib : hsmclient.obj (.text.HsmClient_SecureBootQueueInit)
                  700082e0    0000000c                                                         : sipc_notify_src.obj (.text.SIPC_getSelfCoreId)
                  700082ec    0000000c     drivers.am261x.r5f.ti-arm-clang.nortos.release.lib : soc.obj (.text.SOC_getSelfCpuClk)
                  700082f8    0000000c                                                        : soc_rcm.obj (.text.SOC_rcmSetR5ClockSource)
                  70008304    0000000c     libclang_rt.builtins.a : aeabi_memset.S.obj (.text.__aeabi_memclr)
                  70008310    0000000c     nortos.am261x.r5f.ti-arm-clang.release.lib : CpuId_armv7r_asm.obj (.text)
                  7000831c    0000000a                                                : ClockP_nortos.obj (.text.ClockP_Params_init)
                  70008326    0000000a                                                : ClockP_nortos.obj (.text.ClockP_isActive)
                  70008330    0000000a     drivers.am261x.r5f.ti-arm-clang.nortos.release.lib : soc_rcm.obj (.text.SOC_rcmSetR5Clock)
                  7000833a    0000000a     nortos.am261x.r5f.ti-arm-clang.release.lib : TimerP_rti_priv.obj (.text.TimerP_getReloadCountPriv)
                  70008344    0000000a                                                : TimerP_rti_priv.obj (.text.TimerP_startPriv)
                  7000834e    0000000a     drivers.am261x.r5f.ti-arm-clang.nortos.release.lib : uart_v0_lld.obj (.text.UART_lld_Transaction_deInit)
                  70008358    00000008                                                        : bootloader_soc.obj (.text.Bootloader_socGetSBLMem)
                  70008360    00000008                                                        : bootloader_soc.obj (.text.Bootloader_socGetSelfCpuList)
                  70008368    00000008     libsysbm.a : hostexit.c.obj (.text.HOSTexit)
                  70008370    00000008     nortos.am261x.r5f.ti-arm-clang.release.lib : TimerP_rti_priv.obj (.text.TimerP_clearOverflowIntPriv)
                  70008378    00000008                                                : printf.obj (.text._out_char)
                  70008380    00000008     libc.a : exit.c.obj (.text:abort)
                  70008388    00000006     drivers.am261x.r5f.ti-arm-clang.nortos.release.lib : edma.obj (.text.EDMA_isInterruptEnabled)
                  7000838e    00000006     security.am261x.r5f.ti-arm-clang.nortos.release.lib : hsmclient.obj (.text.HsmClient_unregister)
                  70008394    00000006     drivers.am261x.r5f.ti-arm-clang.nortos.release.lib : soc.obj (.text.SOC_moduleClockEnable)
                  7000839a    00000006                                                        : soc_rcm.obj (.text.SOC_rcmGetCR5SysclkInFrequency)
                  700083a0    00000004                                                        : bootloader_soc.obj (.text.Bootloader_socCpuRelease)
                  700083a4    00000004                                                        : bootloader_soc.obj (.text.Bootloader_socCpuRequest)
                  700083a8    00000004                                                        : bootloader_soc.obj (.text.Bootloader_socCpuSetEntryPoint)
                  700083ac    00000004     nortos.am261x.r5f.ti-arm-clang.release.lib : ClockP_nortos_r5.obj (.text.ClockP_getTimerCount)
                  700083b0    00000004                                                : ClockP_nortos_r5.obj (.text.ClockP_timerClearOverflowInt)
                  700083b4    00000004     ti_drivers_open_close.obj (.text.Drivers_open)
                  700083b8    00000004     main.obj (.text.Keyring_init)
                  700083bc    00000004     drivers.am261x.r5f.ti-arm-clang.nortos.release.lib : bootloader_mem.obj (.text.Mem_imgGetCurOffset)
                  700083c0    00000004                                                        : bootloader_mem.obj (.text.Mem_imgSeek)
                  700083c4    00000004     ti_power_clock_config.obj (.text.PowerClock_deinit)
                  700083c8    00000004     nortos.am261x.r5f.ti-arm-clang.release.lib : TimerP_rti_nortos.obj (.text.TimerP_Params_init)
                  700083cc    00000004                                                : TimerP_rti_nortos.obj (.text.TimerP_clearOverflowInt)
                  700083d0    00000004                                                : TimerP_rti_nortos.obj (.text.TimerP_getCount)
                  700083d4    00000004                                                : TimerP_rti_nortos.obj (.text.TimerP_getReloadCount)
                  700083d8    00000004                                                : TimerP_rti_nortos.obj (.text.TimerP_setup)
                  700083dc    00000004                                                : TimerP_rti_nortos.obj (.text.TimerP_start)
                  700083e0    00000004     libclang_rt.builtins.a : aeabi_div0.c.obj (.text.__aeabi_ldiv0)
                  700083e4    00000004                            : aeabi_memcpy.S.obj (.text.__aeabi_memcpy)
                  700083e8    00000004     ti_dpl_config.obj (.text.putchar_)
                  700083ec    00000008     nortos.am261x.r5f.ti-arm-clang.release.lib : HwiP_armv7r_asm.obj (.tramp.HwiP_restore.1)
                  700083f4    00000008                                                : HwiP_armv7r_asm.obj (.tramp.HwiP_enable.1)
                  700083fc    00000008                                                : PmuP_armv7r_asm.obj (.tramp.PmuP_setUserEnable.1)
                  70008404    00000008                                                : PmuP_armv7r_asm.obj (.tramp.PmuP_enableCounters.1)
                  7000840c    00000004     --HOLE-- [fill = 0]

.text.hwi 
*          0    70008410    00000978     
                  70008410    0000048a     nortos.am261x.r5f.ti-arm-clang.release.lib : HwiP_armv7r_vim.obj (.text.hwi)
                  7000889a    000002f4                                                : HwiP_armv7r_handlers_nortos.obj (.text.hwi)
                  70008b8e    00000002     --HOLE-- [fill = 0]
                  70008b90    0000017c                                                : HwiP_armv7r_handlers_nortos_asm.obj (.text.hwi)
                  70008d0c    00000070                                                : HwiP_armv7r_asm.obj (.text.hwi)
                  70008d7c    00000008                                                : HwiP_armv7r_asm.obj (.tramp.HwiP_enableFIQ.1)
                  70008d84    00000004     --HOLE-- [fill = 0]

.text.cache 
*          0    70008d88    00000430     
                  70008d88    00000340     nortos.am261x.r5f.ti-arm-clang.release.lib : CacheP_armv7r_asm.obj (.text.cache)
                  700090c8    000000d8                                                : CacheP_armv7r.obj (.text.cache)
                  700091a0    00000008                                                : CacheP_armv7r_asm.obj (.tramp.CacheP_invL1d.1)
                  700091a8    00000008                                                : CacheP_armv7r_asm.obj (.tramp.CacheP_enableL1p.1)
                  700091b0    00000008                                                : HwiP_armv7r_asm.obj (.tramp.HwiP_restore.2)

.text.mpu 
*          0    700091b8    00000290     
                  700091b8    00000202     nortos.am261x.r5f.ti-arm-clang.release.lib : MpuP_armv7r.obj (.text.mpu)
                  700093ba    00000002     --HOLE-- [fill = 0]
                  700093bc    00000078                                                : MpuP_armv7r_asm.obj (.text.mpu)
                  70009434    00000008                                                : HwiP_armv7r_asm.obj (.tramp.HwiP_restore.3)
                  7000943c    00000008                                                : MpuP_armv7r_asm.obj (.tramp.MpuP_isEnableAsm.1)
                  70009444    00000004     --HOLE-- [fill = 0]

.text.boot 
*          0    70009448    00000190     
                  70009448    00000144     nortos.am261x.r5f.ti-arm-clang.release.lib : boot_armv7r_asm.obj (.text.boot)
                  7000958c    0000001e                                                : DebugP_log.obj (.text.boot)
                  700095aa    0000001c                                                : boot_armv7r.obj (.text.boot)
                  700095c6    0000000e     ti_dpl_config.obj (.text.boot)
                  700095d4    00000004     --HOLE-- [fill = 0]

.data      0    700095d8    000002a0     
                  700095d8    00000058     ti_drivers_open_close.obj (.data.gUartParams)
                  70009630    0000003c     security.am261x.r5f.ti-arm-clang.nortos.release.lib : sipc_notify_cfg.obj (.data.gSIPC_InterruptConfig)
                  7000966c    00000038     drivers.am261x.r5f.ti-arm-clang.nortos.release.lib : bootloader_soc.obj (.data.gAddrTranslateInfo)
                  700096a4    00000030                                                        : bootloader_soc.obj (.data..L_MergedGlobals)
                  700096d4    0000002c     ti_drivers_config.obj (.data.gBootloaderConfig)
                  70009700    00000028     security.am261x.r5f.ti-arm-clang.nortos.release.lib : sipc_notify_cfg.obj (.data.gSIPC_HsmMboxConfig)
                  70009728    00000028                                                         : sipc_notify_cfg.obj (.data.gSIPC_SecureHostMboxConfig)
                  70009750    00000018     drivers.am261x.r5f.ti-arm-clang.nortos.release.lib : bootloader_mem.obj (.data.gBootloaderMemFxns)
                  70009768    00000018     ti_dpl_config.obj (.data.gClockConfig)
                  70009780    00000018     ti_pinmux_config.obj (.data.gPinMuxMainDomainCfg)
                  70009798    00000018     ti_power_clock_config.obj (.data.gSocModulesClockFrequency)
                  700097b0    00000014     drivers.am261x.r5f.ti-arm-clang.nortos.release.lib : bootloader_soc.obj (.data.gResMemSection)
                  700097c4    00000014                                                        : uart_v0.obj (.data.gUartDrvObj)
                  700097d8    0000000c     nortos.am261x.r5f.ti-arm-clang.release.lib : AddrTranslateP_32bit.obj (.data.gAddrTranslateConfig)
                  700097e4    00000008     ti_drivers_config.obj (.data.gBootloader0Args)
                  700097ec    00000008     drivers.am261x.r5f.ti-arm-clang.nortos.release.lib : bootloader_soc.obj (.data.gBootloaderSelfCpuList)
                  700097f4    00000008     security.am261x.r5f.ti-arm-clang.nortos.release.lib : sipc_notify_cfg.obj (.data.gSIPC_QueHsmToSecureHost)
                  700097fc    00000008                                                         : sipc_notify_cfg.obj (.data.gSIPC_QueSecureHostToHsm)
                  70009804    00000008     ti_power_clock_config.obj (.data.gSocModules)
                  7000980c    00000008     ti_drivers_config.obj (.data.gUartAttrs)
                  70009814    00000008     ti_drivers_config.obj (.data.gUartConfig)
                  7000981c    00000004     security.am261x.r5f.ti-arm-clang.nortos.release.lib : hsmclient.obj (.data.gBootNotificationReceived)
                  70009820    00000008     nortos.am261x.r5f.ti-arm-clang.release.lib : PmuP_armv7r.obj (.data.pmu)
                  70009828    00000004     ti_drivers_config.obj (.data.gBootloaderConfigNum)
                  7000982c    00000004     nortos.am261x.r5f.ti-arm-clang.release.lib : DebugP_log.obj (.data.gDebugLogZone)
                  70009830    00000004                                                : DebugP_uartLogWriter.obj (.data.gDebugP_uartDrvIndex)
                  70009834    00000004     ti_drivers_open_close.obj (.data.gEdmaConfigNum)
                  70009838    00000004     security.am261x.r5f.ti-arm-clang.nortos.release.lib : hsmclient_loadhsmrt.obj (.data.gHsmRtDownloadComplete)
                  7000983c    00000004                                                         : hsmclient.obj (.data.gHsmrtLoadStatus)
                  70009840    00000004     ti_dpl_config.obj (.data.gHwiConfig)
                  70009844    00000004     ti_drivers_config.obj (.data.gMcuLbistTestStatus)
                  70009848    00000004     security.am261x.r5f.ti-arm-clang.nortos.release.lib : hsmclient.obj (.data.gNum_HsmResponseReceived)
                  7000984c    00000004     ti_dpl_config.obj (.data.gR5ClockFrequency)
                  70009850    00000004     drivers.am261x.r5f.ti-arm-clang.nortos.release.lib : bootloader_soc.obj (.data.gR5ss0Core1ImagePresent)
                  70009854    00000004                                                        : bootloader_soc.obj (.data.gR5ss0MemInitDone)
                  70009858    00000004     security.am261x.r5f.ti-arm-clang.nortos.release.lib : hsmclient.obj (.data.gSecureBootStatus)
                  7000985c    00000004     ti_drivers_config.obj (.data.gUartConfigNum)
                  70009860    00000004     ti_drivers_open_close.obj (.data.gUartDmaChConfig)
                  70009864    00000004     security.am261x.r5f.ti-arm-clang.nortos.release.lib : hsmclient.obj (.data.hsm_client_msg_queue_size)
                  70009868    00000004     ti_drivers_config.obj (.data.operatingMode)
                  7000986c    00000004     security.am261x.r5f.ti-arm-clang.nortos.release.lib : hsmclient_loadhsmrt.obj (.data.ptrMSSCtrlRegs)
                  70009870    00000004     drivers.am261x.r5f.ti-arm-clang.nortos.release.lib : bootloader_soc.obj (.data.ptrTopCtrlRegs)
                  70009874    00000001                                                        : soc.obj (.data.isMapAvailable)
                  70009875    00000003     --HOLE-- [fill = 0]

.rodata    0    70009878    000010b8     
                  70009878    0000008c     drivers.am261x.r5f.ti-arm-clang.nortos.release.lib : soc_rcm.obj (.rodata.gADPLLJConfigTbl)
                  70009904    00000064     ti_dpl_config.obj (.rodata.cfg)
                  70009968    00000061     drivers.am261x.r5f.ti-arm-clang.nortos.release.lib : bootloader.obj (.rodata.str1.10218919752055685820.1)
                  700099c9    00000007                                                        : soc.obj (.rodata.str1.15593236263752157262.1)
                  700099d0    00000050     nortos.am261x.r5f.ti-arm-clang.release.lib : printf.obj (.rodata._ftoa.pow10)
                  70009a20    00000042     drivers.am261x.r5f.ti-arm-clang.nortos.release.lib : soc_rcm.obj (.rodata.str1.6995560061672649380.1)
                  70009a62    00000042                                                        : soc_rcm.obj (.rodata.str1.8407350469959805165.1)
                  70009aa4    00000042                                                        : soc_rcm.obj (.rodata.str1.9492239733735185226.1)
                  70009ae6    00000041     security.am261x.r5f.ti-arm-clang.nortos.release.lib : hsmclient.obj (.rodata.str1.6860530134828891372.1)
                  70009b27    0000003e     drivers.am261x.r5f.ti-arm-clang.nortos.release.lib : bootloader_profile.obj (.rodata.str1.12128280208344349982.1)
                  70009b65    0000003e                                                        : bootloader_profile.obj (.rodata.str1.7542300954813231692.1)
                  70009ba3    0000003d     nortos.am261x.r5f.ti-arm-clang.release.lib : TimerP_rti_priv.obj (.rodata.str1.11388379688747141303.1)
                  70009be0    0000003d     security.am261x.r5f.ti-arm-clang.nortos.release.lib : hsmclient.obj (.rodata.str1.7828111062026553345.1)
                  70009c1d    0000003c                                                         : hsmclient.obj (.rodata.str1.9403394270237628570.1)
                  70009c59    0000003b     drivers.am261x.r5f.ti-arm-clang.nortos.release.lib : bootloader_profile.obj (.rodata.str1.11641127682323724390.1)
                  70009c94    00000038                                                        : bootloader_profile.obj (.rodata.str1.10011185142925992937.1)
                  70009ccc    00000037                                                        : bootloader_hsmRt_load.obj (.rodata.str1.12375796919973758842.1)
                  70009d03    00000036                                                        : bootloader_hsmRt_load.obj (.rodata.str1.14484052729778540281.1)
                  70009d39    00000035                                                        : bootloader_profile.obj (.rodata.str1.12783125186691083700.1)
                  70009d6e    00000035     ti_drivers_open_close.obj (.rodata.str1.871795152488895636.1)
                  70009da3    00000032     drivers.am261x.r5f.ti-arm-clang.nortos.release.lib : bootloader.obj (.rodata.str1.15526777834658975876.1)
                  70009dd5    00000031                                                        : bootloader_profile.obj (.rodata.str1.10898170017834132210.1)
                  70009e06    00000031                                                        : bootloader_profile.obj (.rodata.str1.16122531525948675393.1)
                  70009e37    0000002c     security.am261x.r5f.ti-arm-clang.nortos.release.lib : hsmclient.obj (.rodata.str1.13408186326143254281.1)
                  70009e63    0000002c     drivers.am261x.r5f.ti-arm-clang.nortos.release.lib : bootloader.obj (.rodata.str1.17709848550151440161.1)
                  70009e8f    0000002c                                                        : bootloader_soc.obj (.rodata.str1.758133230464634327.1)
                  70009ebb    0000002a                                                        : bootloader_hsmRt_load.obj (.rodata.str1.15781484254665038843.1)
                  70009ee5    0000002a     nortos.am261x.r5f.ti-arm-clang.release.lib : DebugP_log.obj (.rodata.str1.227947788441500939.1)
                  70009f0f    00000029     main.obj (.rodata.str1.16265332423659789559.1)
                  70009f38    00000028     drivers.am261x.r5f.ti-arm-clang.nortos.release.lib : soc_rcm.obj (.rodata.str1.15254166369472350524.1)
                  70009f60    00000027                                                        : soc_rcm.obj (.rodata.str1.10455832150672089953.1)
                  70009f87    00000027     nortos.am261x.r5f.ti-arm-clang.release.lib : ClockP_nortos_r5.obj (.rodata.str1.12743090444791882666.1)
                  70009fae    00000027     drivers.am261x.r5f.ti-arm-clang.nortos.release.lib : bootloader_soc.obj (.rodata.str1.13597811311604317403.1)
                  70009fd5    00000027                                                        : soc_rcm.obj (.rodata.str1.14690907752718593297.1)
                  70009ffc    00000024                                                        : soc_rcm.obj (.rodata.str1.13550309975525380474.1)
                  7000a020    00000024                                                        : bootloader_hsmRt_load.obj (.rodata.str1.15233958391154112668.1)
                  7000a044    00000023                                                        : soc_rcm.obj (.rodata.str1.2078190104202520215.1)
                  7000a067    00000023     nortos.am261x.r5f.ti-arm-clang.release.lib : ClockP_nortos_r5.obj (.rodata.str1.7689125538912326484.1)
                  7000a08a    00000022     drivers.am261x.r5f.ti-arm-clang.nortos.release.lib : edma.obj (.rodata.str1.12976018205622752890.1)
                  7000a0ac    00000021     nortos.am261x.r5f.ti-arm-clang.release.lib : ClockP_nortos_r5.obj (.rodata.str1.8559540482768925367.1)
                  7000a0cd    00000003     main.obj (.rodata.str1.2846389346932560359.1)
                  7000a0d0    00000020     drivers.am261x.r5f.ti-arm-clang.nortos.release.lib : uart_v0_lld.obj (.rodata.cst32)
                  7000a0f0    00000020     main.obj (.rodata.str1.14112174005742061988.1)
                  7000a110    00000020     drivers.am261x.r5f.ti-arm-clang.nortos.release.lib : uart_v0.obj (.rodata.str1.16594507886308206351.1)
                  7000a130    00000020                                                        : bootloader_hsmRt_load.obj (.rodata.str1.17514089804878980774.1)
                  7000a150    0000001f     nortos.am261x.r5f.ti-arm-clang.release.lib : ClockP_nortos_r5.obj (.rodata.str1.2746619892315392655.1)
                  7000a16f    0000001e     ti_drivers_config.obj (.rodata.str1.7767457247551078139.1)
                  7000a18d    0000001d     drivers.am261x.r5f.ti-arm-clang.nortos.release.lib : bootloader_soc.obj (.rodata.str1.12326270906577760919.1)
                  7000a1aa    0000001d     nortos.am261x.r5f.ti-arm-clang.release.lib : TimerP_rti_priv.obj (.rodata.str1.1727973701797049581.1)
                  7000a1c7    0000001d                                                : TimerP_rti_priv.obj (.rodata.str1.4425773406285945039.1)
                  7000a1e4    0000001d     drivers.am261x.r5f.ti-arm-clang.nortos.release.lib : uart_v0.obj (.rodata.str1.4697665093340446018.1)
                  7000a201    0000001d     nortos.am261x.r5f.ti-arm-clang.release.lib : TimerP_rti_priv.obj (.rodata.str1.7297095892955669843.1)
                  7000a21e    0000001c     drivers.am261x.r5f.ti-arm-clang.nortos.release.lib : soc_rcm.obj (.rodata.gControlssPllClkSrcValMap)
                  7000a23a    0000001c                                                        : soc_rcm.obj (.rodata.gCpswClkSrcValMap)
                  7000a256    0000001c                                                        : soc_rcm.obj (.rodata.gCptsClkSrcValMap)
                  7000a272    0000001c                                                        : soc_rcm.obj (.rodata.gI2cClkSrcValMap)
                  7000a28e    0000001c                                                        : soc_rcm.obj (.rodata.gIcssmCoreClkSrcValMap)
                  7000a2aa    0000001c                                                        : soc_rcm.obj (.rodata.gLinUartClkSrcValMap)
                  7000a2c6    0000001c                                                        : soc_rcm.obj (.rodata.gOspiClkSrcValMap)
                  7000a2e2    0000001c                                                        : soc_rcm.obj (.rodata.gPeripheralClkSrcInfoMap)
                  7000a2fe    0000001c                                                        : soc_rcm.obj (.rodata.gRtiClkSrcValMap)
                  7000a31a    0000001c                                                        : soc_rcm.obj (.rodata.gWdtClkSrcValMap)
                  7000a336    0000001b                                                        : bootloader_soc.obj (.rodata.str1.12772591696291441472.1)
                  7000a351    0000001b                                                        : edma.obj (.rodata.str1.16672221102796607080.1)
                  7000a36c    0000001b                                                        : soc_rcm.obj (.rodata.str1.3692981583693152116.1)
                  7000a387    0000001a                                                        : soc_rcm.obj (.rodata.str1.16907879152045164286.1)
                  7000a3a1    0000001a     main.obj (.rodata.str1.18227636981041470289.1)
                  7000a3bb    0000001a     nortos.am261x.r5f.ti-arm-clang.release.lib : ClockP_nortos_r5.obj (.rodata.str1.3810757863367538396.1)
                  7000a3d5    0000001a     drivers.am261x.r5f.ti-arm-clang.nortos.release.lib : bootloader_hsmRt_load.obj (.rodata.str1.6398333492730878928.1)
                  7000a3ef    0000001a                                                        : bootloader_soc.obj (.rodata.str1.6530055611811043708.1)
                  7000a409    00000019                                                        : bootloader.obj (.rodata.str1.126222186090195739.1)
                  7000a422    00000019     main.obj (.rodata.str1.288608917962107522.1)
                  7000a43b    00000019     nortos.am261x.r5f.ti-arm-clang.release.lib : TimerP_rti_priv.obj (.rodata.str1.5494506574634759136.1)
                  7000a454    00000018     drivers.am261x.r5f.ti-arm-clang.nortos.release.lib : bootloader_profile.obj (.rodata..Lswitch.table.Bootloader_profilePrintProfileLog)
                  7000a46c    00000018                                                        : uart_v0.obj (.rodata.str1.16507871919775359273.1)
                  7000a484    00000018                                                        : soc_rcm.obj (.rodata.str1.17101430071927342085.1)
                  7000a49c    00000018     ti_drivers_config.obj (.rodata.str1.2211846465855763212.1)
                  7000a4b4    00000018     drivers.am261x.r5f.ti-arm-clang.nortos.release.lib : soc_rcm.obj (.rodata.str1.2233712739639673237.1)
                  7000a4cc    00000018                                                        : soc_rcm.obj (.rodata.str1.2918502748189006786.1)
                  7000a4e4    00000018                                                        : soc_rcm.obj (.rodata.str1.3545355937057541302.1)
                  7000a4fc    00000017                                                        : soc_rcm.obj (.rodata.str1.10238261936043285561.1)
                  7000a513    00000017                                                        : soc_rcm.obj (.rodata.str1.1263028196474875090.1)
                  7000a52a    00000017                                                        : soc_rcm.obj (.rodata.str1.14566101093493230310.1)
                  7000a541    00000017                                                        : bootloader.obj (.rodata.str1.16157084505515497386.1)
                  7000a558    00000016                                                        : bootloader.obj (.rodata.str1.14376141685787114521.1)
                  7000a56e    00000016                                                        : soc_rcm.obj (.rodata.str1.18101715471844446405.1)
                  7000a584    00000016                                                        : soc_rcm.obj (.rodata.str1.3349473071634452315.1)
                  7000a59a    00000016                                                        : soc_rcm.obj (.rodata.str1.7023207857097194628.1)
                  7000a5b0    00000016                                                        : soc_rcm.obj (.rodata.str1.9282807670327755277.1)
                  7000a5c6    00000015                                                        : bootloader_profile.obj (.rodata.str1.11504950858693018614.1)
                  7000a5db    00000015                                                        : soc_rcm.obj (.rodata.str1.14531647829147925505.1)
                  7000a5f0    00000015                                                        : soc_rcm.obj (.rodata.str1.2452496540137352989.1)
                  7000a605    00000015                                                        : soc_rcm.obj (.rodata.str1.503491203257075565.1)
                  7000a61a    00000015                                                        : soc_rcm.obj (.rodata.str1.9288997184789691739.1)
                  7000a62f    00000015                                                        : edma.obj (.rodata.str1.9771253703579349310.1)
                  7000a644    00000014                                                        : soc_rcm.obj (.rodata.gPLLFreqId2FOutMap)
                  7000a658    00000014                                                        : edma.obj (.rodata.str1.14977302951450442404.1)
                  7000a66c    00000014                                                        : edma.obj (.rodata.str1.16586217098785273673.1)
                  7000a680    00000014                                                        : edma.obj (.rodata.str1.6479261940699871955.1)
                  7000a694    00000013                                                        : soc_rcm.obj (.rodata.str1.1513614241493853460.1)
                  7000a6a7    00000013                                                        : uart_v0.obj (.rodata.str1.8511823138002593779.1)
                  7000a6ba    00000012                                                        : uart_v0.obj (.rodata.str1.10085477686273322470.1)
                  7000a6cc    00000012                                                        : soc_rcm.obj (.rodata.str1.13766728229239614249.1)
                  7000a6de    00000012                                                        : uart_v0.obj (.rodata.str1.1906408950570946892.1)
                  7000a6f0    00000012                                                        : bootloader.obj (.rodata.str1.4238517662877779100.1)
                  7000a702    00000012                                                        : soc_rcm.obj (.rodata.str1.6089483996110695684.1)
                  7000a714    00000012                                                        : soc_rcm.obj (.rodata.str1.7381037412669850541.1)
                  7000a726    00000012                                                        : edma.obj (.rodata.str1.8988798825313313125.1)
                  7000a738    00000011                                                        : edma.obj (.rodata.str1.13359792024450833872.1)
                  7000a749    00000011                                                        : uart_v0.obj (.rodata.str1.18277465892467933209.1)
                  7000a75a    00000011     ti_drivers_open_close.obj (.rodata.str1.6292539624901818759.1)
                  7000a76b    00000011     ti_drivers_config.obj (.rodata.str1.6903391077677833475.1)
                  7000a77c    00000011     nortos.am261x.r5f.ti-arm-clang.release.lib : TimerP_rti_priv.obj (.rodata.str1.7786169893402823657.1)
                  7000a78d    00000003     drivers.am261x.r5f.ti-arm-clang.nortos.release.lib : bootloader_profile.obj (.rodata.str1.8473622371870992188.1)
                  7000a790    00000010                                                        : soc.obj (.rodata.SOC_getCoreName.coreIdNames)
                  7000a7a0    00000010                                                        : edma.obj (.rodata.str1.16687974986316968853.1)
                  7000a7b0    0000000f                                                        : edma.obj (.rodata.str1.12381575634899622488.1)
                  7000a7bf    0000000f                                                        : edma.obj (.rodata.str1.15707078201242323249.1)
                  7000a7ce    0000000f                                                        : edma.obj (.rodata.str1.2781376525681532154.1)
                  7000a7dd    0000000f                                                        : edma.obj (.rodata.str1.4907917467944964367.1)
                  7000a7ec    0000000e                                                        : edma.obj (.rodata.str1.1669868279207928169.1)
                  7000a7fa    0000000e                                                        : edma.obj (.rodata.str1.6128441279204879358.1)
                  7000a808    0000000e                                                        : edma.obj (.rodata.str1.6928588723460450634.1)
                  7000a816    0000000e                                                        : bootloader_profile.obj (.rodata.str1.815047616517892051.1)
                  7000a824    0000000d                                                        : edma.obj (.rodata.str1.14657363906792235350.1)
                  7000a831    0000000d     nortos.am261x.r5f.ti-arm-clang.release.lib : TimerP_rti_priv.obj (.rodata.str1.15140844044942405278.1)
                  7000a83e    0000000d     main.obj (.rodata.str1.8154729771448623357.1)
                  7000a84b    0000000c     main.obj (.rodata.str1.12180500075719773345.1)
                  7000a857    0000000c     nortos.am261x.r5f.ti-arm-clang.release.lib : ClockP_nortos_r5.obj (.rodata.str1.13463193513887205357.1)
                  7000a863    0000000c     main.obj (.rodata.str1.15159059442110792349.1)
                  7000a86f    0000000c     drivers.am261x.r5f.ti-arm-clang.nortos.release.lib : edma.obj (.rodata.str1.8587431144907355806.1)
                  7000a87b    0000000b                                                        : uart_v0.obj (.rodata.str1.1151567497034493012.1)
                  7000a886    0000000b                                                        : uart_v0.obj (.rodata.str1.6746041542798830823.1)
                  7000a891    0000000a     main.obj (.rodata.str1.17100691992556644108.1)
                  7000a89b    0000000a     drivers.am261x.r5f.ti-arm-clang.nortos.release.lib : bootloader_profile.obj (.rodata.str1.5589998758638195867.1)
                  7000a8a5    0000000a                                                        : soc_rcm.obj (.rodata.str1.6883917863849351830.1)
                  7000a8af    0000000a                                                        : bootloader_profile.obj (.rodata.str1.7850315960985325470.1)
                  7000a8b9    0000000a                                                        : uart_v0.obj (.rodata.str1.7892831408302009747.1)
                  7000a8c3    0000000a                                                        : uart_v0.obj (.rodata.str1.8477608605346433529.1)
                  7000a8cd    00000008                                                        : soc.obj (.rodata.str1.12179086363571468349.1)
                  7000a8d5    00000008                                                        : bootloader_profile.obj (.rodata.str1.12702259841437340804.1)
                  7000a8dd    00000008                                                        : bootloader_profile.obj (.rodata.str1.14812433315294294563.1)
                  7000a8e5    00000008     main.obj (.rodata.str1.7702501944640899365.1)
                  7000a8ed    00000007     drivers.am261x.r5f.ti-arm-clang.nortos.release.lib : soc.obj (.rodata.str1.17262473269405332311.1)
                  7000a8f4    00000007                                                        : soc.obj (.rodata.str1.17795343983633703126.1)
                  7000a8fb    00000006                                                        : soc_rcm.obj (.rodata.str1.12246138248821672736.1)
                  7000a901    00000005                                                        : bootloader_profile.obj (.rodata.str1.13129104178328155083.1)
                  7000a906    00000005                                                        : bootloader_profile.obj (.rodata.str1.2835458291861791747.1)
                  7000a90b    00000005                                                        : bootloader_profile.obj (.rodata.str1.5214204957232506372.1)
                  7000a910    00000005     main.obj (.rodata.str1.8309300403304547201.1)
                  7000a915    00000005     nortos.am261x.r5f.ti-arm-clang.release.lib : printf.obj (.rodata.str1.8544352122861784523.1)
                  7000a91a    00000005                                                : printf.obj (.rodata.str1.8812429412984920041.1)
                  7000a91f    00000001     --HOLE-- [fill = 0]
                  7000a920    00000004                                                : CacheP_armv7r.obj (.rodata.gCacheL1dCacheLineSize)
                  7000a924    00000004                                                : CacheP_armv7r.obj (.rodata.gCacheL1pCacheLineSize)
                  7000a928    00000004                                                : printf.obj (.rodata.str1.13278797451342649413.1)
                  7000a92c    00000004                                                : printf.obj (.rodata.str1.17155598869870286803.1)

.bss       0    7000e930    00000b80     UNINITIALIZED
                  7000e930    0000080c     (.common:gHwiCtrl)
                  7000f13c    00000004     nortos.am261x.r5f.ti-arm-clang.release.lib : HwiP_armv7r_vim.obj (.bss.gdummy)
                  7000f140    000001b0     ti_drivers_config.obj (.bss.gUartObjects)
                  7000f2f0    00000118     (.common:gProfileObj)
                  7000f408    00000044     (.common:gSIPC_ctrl)
                  7000f44c    0000002c     (.common:gHSMClient)
                  7000f478    00000020     (.common:gClockCtrl)
                  7000f498    00000010     (.common:virtToPhymap)
                  7000f4a8    00000004     (.common:gUartHandle)
                  7000f4ac    00000004     --HOLE--

.stack     0    7000a930    00004000     UNINITIALIZED
                  7000a930    00000004     nortos.am261x.r5f.ti-arm-clang.release.lib : boot_armv7r_asm.obj (.stack)
                  7000a934    00003ffc     --HOLE--

.irqstack 
*          0    7000f4b0    00001000     UNINITIALIZED
                  7000f4b0    00001000     --HOLE--

.fiqstack 
*          0    700104b0    00000100     UNINITIALIZED
                  700104b0    00000100     --HOLE--

.svcstack 
*          0    700105b0    00000100     UNINITIALIZED
                  700105b0    00000100     --HOLE--

.abortstack 
*          0    700106b0    00000100     UNINITIALIZED
                  700106b0    00000100     --HOLE--

.undefinedstack 
*          0    700107b0    00000100     UNINITIALIZED
                  700107b0    00000100     --HOLE--

.rodata.hsmrt 
*          0    70027800    00006bd3     
                  70027800    00006bd3     main.obj (.rodata.hsmrt)

__llvm_prf_cnts 
*          0    70002100    00000000     UNINITIALIZED

__llvm_prf_bits 
*          0    70002100    00000000     UNINITIALIZED

MODULE SUMMARY

       Module                                code    ro data   rw data
       ------                                ----    -------   -------
    obj/release/
       main.obj                              466     27790     0      
       ti_drivers_config.obj                 212     71        2224   
       ti_drivers_open_close.obj             104     70        100    
       ti_dpl_config.obj                     90      100       32     
       ti_power_clock_config.obj             180     0         32     
       ti_clocktree_pll_config.obj           140     0         0      
       ti_pinmux_config.obj                  14      0         24     
       ti_board_open_close.obj               4       0         0      
    +--+-------------------------------------+-------+---------+---------+
       Total:                                1210    28031     2412   
                                                                      
    /home/epswbld5/ti/ccs2030/ccs/tools/compiler/ti-cgt-armllvm_4.0.3.LTS/lib/armv7r-ti-none-eabihf/c/libc.a
       autoinit.c.obj                        84      0         0      
       memcpy32.S.obj                        28      0         0      
       memset32.S.obj                        24      0         0      
       exit.c.obj                            8       0         0      
    +--+-------------------------------------+-------+---------+---------+
       Total:                                144     0         0      
                                                                      
    /home/epswbld5/ti/ccs2030/ccs/tools/compiler/ti-cgt-armllvm_4.0.3.LTS/lib/armv7r-ti-none-eabihf/c/libsysbm.a
       hostexit.c.obj                        8       0         0      
    +--+-------------------------------------+-------+---------+---------+
       Total:                                8       0         0      
                                                                      
    /home/epswbld5/ti/ccs2030/ccs/tools/compiler/ti-cgt-armllvm_4.0.3.LTS/lib/armv7r-ti-none-eabihf/libclang_rt.builtins.a
       udivmoddi4.S.obj                      280     0         0      
       aeabi_uldivmod.S.obj                  36      0         0      
       aeabi_memset.S.obj                    28      0         0      
       aeabi_div0.c.obj                      4       0         0      
       aeabi_memcpy.S.obj                    4       0         0      
    +--+-------------------------------------+-------+---------+---------+
       Total:                                352     0         0      
                                                                      
    /nightlybuilds/mcupsdk_internal/jenkins/mcu_plus_sdk_am261x_11_00_00_29/source/drivers/lib/drivers.am261x.r5f.ti-arm-clang.nortos.release.lib
       soc_rcm.obj                           4484    1306      0      
       edma.obj                              2770    320       0      
       uart_v0_lld.obj                       2768    32        0      
       uart_v0.obj                           1752    199       20     
       uart_dma_edma.obj                     1340    0         0      
       bootloader_profile.obj                396     503       280    
       bootloader.obj                        806     279       0      
       bootloader_soc.obj                    546     165       144    
       soc.obj                               550     45        17     
       bootloader_hsmRt_load.obj             160     245       0      
       bootloader_mem.obj                    78      0         24     
       pinmux.obj                            64      0         0      
    +--+-------------------------------------+-------+---------+---------+
       Total:                                15714   3094      485    
                                                                      
    /nightlybuilds/mcupsdk_internal/jenkins/mcu_plus_sdk_am261x_11_00_00_29/source/kernel/nortos/lib/nortos.am261x.r5f.ti-arm-clang.release.lib
       printf.obj                            4052    98        0      
       HwiP_armv7r_vim.obj                   1162    0         2064   
       CacheP_armv7r_asm.obj                 848     0         0      
       HwiP_armv7r_handlers_nortos.obj       756     0         0      
       TimerP_rti_priv.obj                   404     203       0      
       ClockP_nortos.obj                     524     0         32     
       MpuP_armv7r.obj                       514     0         0      
       ClockP_nortos_r5.obj                  268     176       0      
       HwiP_armv7r_handlers_nortos_asm.obj   380     0         0      
       boot_armv7r_asm.obj                   324     0         0      
       SemaphoreP_nortos.obj                 256     0         0      
       CacheP_armv7r.obj                     216     8         0      
       DebugP_log.obj                        154     42        4      
       HwiP_armv7r_asm.obj                   152     0         0      
       HwiP_armv7r_vectors_nortos_asm.obj    128     0         0      
       MpuP_armv7r_asm.obj                   128     0         0      
       PmuP_armv7r.obj                       102     0         8      
       AddrTranslateP_32bit.obj              82      0         12     
       DebugP_uartLogWriter.obj              70      0         4      
       PmuP_armv7r_asm.obj                   72      0         0      
       DebugP_nortos.obj                     56      0         0      
       boot_armv7r.obj                       28      0         0      
       CpuId_armv7r.obj                      26      0         0      
       TimerP_rti_nortos.obj                 24      0         0      
       CpuId_armv7r_asm.obj                  12      0         0      
       TaskP_nortos.obj                      2       0         0      
    +--+-------------------------------------+-------+---------+---------+
       Total:                                10740   527       2124   
                                                                      
    /nightlybuilds/mcupsdk_internal/jenkins/mcu_plus_sdk_am261x_11_00_00_29/source/security/lib/security.am261x.r5f.ti-arm-clang.nortos.release.lib
       sipc_notify_src.obj                   1052    0         68     
       hsmclient.obj                         302     230       20     
       hsmclient_loadhsmrt.obj               378     0         8      
       sipc_notify_cfg.obj                   48      0         156    
       hsmclient_wait_for_boot_notify.obj    54      0         0      
    +--+-------------------------------------+-------+---------+---------+
       Total:                                1834    230       252    
                                                                      
       Stack:                                0       0         16384  
    +--+-------------------------------------+-------+---------+---------+
       Grand Total:                          30002   31882     21657  

VENEERS

callee name               veneer name
   callee addr  veneer addr  call addr  call info
--------------  -----------  ---------  ----------------
HwiP_restore              $Ven$TA$L$PI$$HwiP_restore
   70008d4c     700083ec     700073a8   nortos.am261x.r5f.ti-arm-clang.release.lib : ClockP_nortos.obj (.text.ClockP_stop)
                             7000768e                                              : ClockP_nortos.obj (.text.ClockP_destruct)
                             700078bc                                              : SemaphoreP_nortos.obj (.text.SemaphoreP_post)
                             70007928                                              : ClockP_nortos.obj (.text.ClockP_start)
HwiP_enable               $Ven$TA$L$PI$$HwiP_enable
   70008d2c     700083f4     700071d2   ti_dpl_config.obj (.text.Dpl_init)
PmuP_setUserEnable        $Ven$TA$L$PI$$PmuP_setUserEnable
   70007818     700083fc     70006a82   nortos.am261x.r5f.ti-arm-clang.release.lib : PmuP_armv7r.obj (.text.pmu)
PmuP_enableCounters       $Ven$TA$L$PI$$PmuP_enableCounters
   700077f8     70008404     70006a50   nortos.am261x.r5f.ti-arm-clang.release.lib : PmuP_armv7r.obj (.text.pmu)
HwiP_enableFIQ            $Ven$TA$L$PI$$HwiP_enableFIQ
   70008d3c     70008d7c     700087f4   nortos.am261x.r5f.ti-arm-clang.release.lib : HwiP_armv7r_vim.obj (.text.hwi)
CacheP_invL1d             $Ven$TA$L$PI$$CacheP_invL1d
   70008df8     700091a0     7000919c   nortos.am261x.r5f.ti-arm-clang.release.lib : CacheP_armv7r.obj (.text.cache)
CacheP_enableL1p          $Ven$TA$L$PI$$CacheP_enableL1p
   70008de0     700091a8     70009176   nortos.am261x.r5f.ti-arm-clang.release.lib : CacheP_armv7r.obj (.text.cache)
HwiP_restore              $Ven$TA$L$PI$$HwiP_restore
   70008d4c     700091b0     70009156   nortos.am261x.r5f.ti-arm-clang.release.lib : CacheP_armv7r.obj (.text.cache)
HwiP_restore              $Ven$TA$L$PI$$HwiP_restore
   70008d4c     70009434     700092b0   nortos.am261x.r5f.ti-arm-clang.release.lib : MpuP_armv7r.obj (.text.mpu)
                             700092ee                                              : MpuP_armv7r.obj (.text.mpu)
MpuP_isEnableAsm          $Ven$TA$L$PI$$MpuP_isEnableAsm
   7000940c     7000943c     70009280   nortos.am261x.r5f.ti-arm-clang.release.lib : MpuP_armv7r.obj (.text.mpu)

[10 trampolines]
[14 trampoline calls]


GLOBAL SYMBOLS: SORTED ALPHABETICALLY BY Name 

address   name                                    
-------   ----                                    
70006ecd  AddrTranslateP_getLocalAddr             
70002ded  Board_driversOpen                       
70007a31  Bootloader_BootImageInfo_init           
700082b1  Bootloader_Params_init                  
700080cd  Bootloader_bootCpu                      
700078c5  Bootloader_bootSelfCpu                  
70008239  Bootloader_close                        
7000721d  Bootloader_loadCpu                      
70005e2d  Bootloader_loadSelfCpu                  
7000732d  Bootloader_open                         
70007d8d  Bootloader_profileAddProfilePoint       
70004b69  Bootloader_profilePrintProfileLog       
70007b51  Bootloader_profileReset                 
70005931  Bootloader_rprcImageLoad                
70007c01  Bootloader_rprcImageParseEntryPoint     
70006cc9  Bootloader_runCpu                       
70007e89  Bootloader_runSelfCpu                   
7000656f  Bootloader_socConfigurePll              
70007c29  Bootloader_socCpuGetClkDefault          
70006f21  Bootloader_socCpuGetClock               
70007261  Bootloader_socCpuPowerOnReset           
700083a1  Bootloader_socCpuRelease                
700083a5  Bootloader_socCpuRequest                
70008151  Bootloader_socCpuResetRelease           
70008269  Bootloader_socCpuResetReleaseSelf       
700080e3  Bootloader_socCpuSetClock               
700083a9  Bootloader_socCpuSetEntryPoint          
70007c51  Bootloader_socGetCoreName               
[...]
70002100  __start___llvm_prf_cnts                 
70002100  __stop___llvm_prf_bits                  
70002100  __stop___llvm_prf_cnts                  
70002a81  SOC_rcmEnablePeripheralClock            
70002ded  Board_driversOpen                       
70003101  UART_open                               
700035dd  SIPC_init                               
70003809  EDMA_freeChannelRegion                  
70003a0d  SOC_rcmGetPeripheralClockFrequency      
70003c05  SOC_rcmSetPeripheralClock               
70003df9  SOC_rcmPerApllConfig                    
70003fdd  main                                    
700041ab  Dpl_deinit                              
700041ad  SOC_rcmEthApllConfig                    
70004341  UART_lld_dmaInit                        
700044d5  SIPC_isr                                
7000463d  SOC_rcmCoreApllHSDivConfig              
70004791  UART_lld_dmaDeInit                      
700048df  UART_lld_controllerIsr                  
70004a29  TimerP_setupPriv                        
70004b69  Bootloader_profilePrintProfileLog       
70004ca5  UART_close                              
70004f0f  Hsmclient_loadHSMRtFirmware             
70005151  SOC_rcmCoreApllConfig                   
70005268  __udivmoddi4                            
70005381  UART_lld_write                          
7000548f  ClockP_init                             
70005593  SDL_lbist_selftest                      
70005595  UART_lld_dmaWrite                       
70005699  UART_write                              
70005795  EDMA_unregisterIntr                     
70005865  UART_lld_initDma                        
70005931  Bootloader_rprcImageLoad                
700059f9  UART_lld_init                           
70005abd  EDMA_registerIntr                       
70005e2b  SemaphoreP_destruct                     
70005e2d  Bootloader_loadSelfCpu                  
70005ed1  Bootloader_socLoadHsmRtFw               
70005f71  EDMA_freeDmaChannel                     
70006011  EDMA_freeParam                          
700060b1  EDMA_freeTcc                            
70006151  UART_lld_dmaRead                        
700061f1  SemaphoreP_pend                         
7000628f  HsmClient_config                        
70006327  HsmClient_isr                           
700063bd  EDMA_configureChannelRegion             
70006451  SOC_phyToVirt                           
7000656f  Bootloader_socConfigurePll              
700065fb  TaskP_yield                             
700065fd  UART_init                               
70006685  SOC_virtToPhy                           
70006709  UART_flushTxFifo                        
70006789  SOC_rcmsetR5SysClock                    
70006805  EDMA_disableTransferRegion              
70006873  EDMA_enableTransferRegion               
700068e1  Bootloader_socSetAutoClock              
7000694d  UART_lld_writeDma                       
700069b9  UART_lld_writeIntr                      
70006a21  CycleCounterP_init                      
70006a31  CycleCounterP_reset                     
70006a55  CycleCounterP_nsToTicks                 
70006a81  CycleCounterP_enableUserAccess          
70006a89  SOC_controlModuleUnlockMMR              
70006aed  UART_procLineStatusErr                  
70006b51  HsmClient_register                      
70006bb3  ClockP_timerTickIsr                     
70006c11  SOC_controlModuleLockMMR                
70006c6d  _DebugP_assert                          
70006cc9  Bootloader_runCpu                       
70006d21  ClockP_getTimeUsec                      
70006d77  UART_intrDisable                        
70006dcd  UART_writeCancelNoCB                    
70006e25  SOC_rcmR5ConfigDualCore                 
70006e78  __TI_auto_init_nobinit_nopinit          
70006ecd  AddrTranslateP_getLocalAddr             
70006f21  Bootloader_socCpuGetClock               
70006f71  EDMA_allocDmaChannel                    
70006fc1  EDMA_allocParam                         
70007011  EDMA_allocTcc                           
700070af  EDMA_disableChInShadowRegRegion         
700070fd  Drivers_uartOpen                        
70007191  Dpl_init                                
7000721d  Bootloader_loadCpu                      
70007261  Bootloader_socCpuPowerOnReset           
700072a5  UART_Params_init                        
700072e9  UART_lld_deInitDma                      
7000732d  Bootloader_open                         
7000736d  ClockP_stop                             
700073ad  EDMA_mapChToEvtQ                        
700073ed  Pinmux_config                           
7000742d  SOC_rcmStartMemInitTCMA                 
7000746d  SOC_rcmStartMemInitTCMB                 
700074ad  UART_lld_deInit                         
7000752b  SIPC_registerClient                     
70007569  EDMA_getBaseAddr                        
700075a5  SOC_rcmWaitMemInitTCMA                  
700075e1  SOC_rcmWaitMemInitTCMB                  
70007659  ClockP_destruct                         
70007693  DebugP_uartLogWriterPutChar             
700076cd  Module_clockSetFrequency                
70007707  UART_lld_flushTxFifo                    
70007741  Bootloader_socMemInitCpu                
70007779  Bootloader_socTranslateSectionAddr      
700077b1  _DebugP_logZone                         
700077e8  CycleCounterP_getCount32                
700077f0  PmuP_setup                              
700077f8  PmuP_enableCounters                     
70007800  PmuP_disableCounters                    
70007808  PmuP_getOverflowStatus                  
70007810  PmuP_clearOverflowStatus                
70007818  PmuP_setUserEnable                      
70007821  EDMA_clrMissEvtRegion                   
70007857  HsmClient_waitForBootNotify             
7000788d  SemaphoreP_post                         
700078c5  Bootloader_bootSelfCpu                  
700078f9  ClockP_start                            
7000792d  Module_clockDisable                     
70007961  Module_clockEnable                      
700079fd  EDMA_unmapChToEvtQ                      
70007a31  Bootloader_BootImageInfo_init           
70007a61  SIPC_Register_Isr                       
70007a91  SOC_rcmCoreApllRelockPreRequisite       
70007b21  EDMA_enableChInShadowRegRegion          
70007b51  Bootloader_profileReset                 
70007b7d  SOC_rcmCoreR5FUnhalt                    
70007ba9  SOC_rcmR5ConfigLockStep                 
70007bd5  UART_getHandle                          
70007c01  Bootloader_rprcImageParseEntryPoint     
70007c29  Bootloader_socCpuGetClkDefault          
70007c51  Bootloader_socGetCoreName               
70007c79  ClockP_construct                        
70007cc9  SOC_moduleSetClockFrequency             
70007d19  EDMA_setPaRAM                           
70007d3f  SIPC_unregisterClient                   
70007d65  UART_lld_dmaDisableChannel              
70007d8d  Bootloader_profileAddProfilePoint       
70007db1  HsmClient_init                          
70007dd5  SOC_rcmGetR5Clock                       
70007e1c  __aeabi_uldivmod                        
70007e41  vprintf_                                
70007e65  EDMA_linkChannel                        
70007e89  Bootloader_runSelfCpu                   
70007ea9  DebugP_logZoneEnable                    
70007ec9  SOC_rcmMemInitL2Memory                  
70007ee9  System_deinit                           
70007f09  TimerP_Params_initPriv                  
70007f29  UART_getChar                            
70007f49  UART_spaceAvail                         
70007f84  TI_memcpy_small                         
70007fa1  CSL_armR5GetCpuID                       
70007fbb  EDMA_readEventStatusRegion              
70007fd5  SIPC_Params_init                        
70007fef  System_init                             
70008023  Drivers_close                           
7000803d  SOC_getCoreName                         
70008055  SOC_rcmMemInitMailboxMemory             
7000806d  SOC_rcmR5SS0PowerOnReset                
70008085  TimerP_getCountPriv                     
7000809d  UART_deinit                             
700080b4  TI_memset_small                         
700080cd  Bootloader_bootCpu                      
700080e3  Bootloader_socCpuSetClock               
700080f9  SemaphoreP_constructBinary              
7000810f  UART_IsTxRxFifoEmpty                    
70008125  UART_checkCharsAvailInFifo              
7000813b  UART_getIntrIdentityStatus              
70008151  Bootloader_socCpuResetRelease           
70008165  ClockP_usecToTicks                      
70008179  EDMA_getRegionId                        
7000818d  SOC_rcmIsR5FInLockStepMode              
700081a1  SOC_rcmR5SS0TriggerReset                
700081b5  SemaphoreP_constructMutex               
700081c9  UART_Transaction_init                   
700081f1  Hsmclient_updateBootNotificationRegister
70008215  UART_operatingModeSelect                
70008227  UART_readLineStatus                     
70008239  Bootloader_close                        
70008249  UART_intr2Disable                       
70008258  __aeabi_memset                          
70008258  __aeabi_memset4                         
70008258  __aeabi_memset8                         
70008269  Bootloader_socCpuResetReleaseSelf       
70008277  Bootloader_socInitL2MailBoxMemory       
70008285  EDMA_ccPaRAMEntry_init                  
70008293  Pinmux_init                             
700082a1  PowerClock_init                         
700082b1  Bootloader_Params_init                  
700082bd  ClockP_getTicks                         
700082c9  DebugP_uartSetDrvIndex                  
700082d5  HsmClient_SecureBootQueueInit           
700082e1  SIPC_getSelfCoreId                      
700082ed  SOC_getSelfCpuClk                       
700082f9  SOC_rcmSetR5ClockSource                 
70008304  __aeabi_memclr                          
70008304  __aeabi_memclr4                         
70008304  __aeabi_memclr8                         
70008310  CSL_armR5ReadMpidrReg                   
7000831d  ClockP_Params_init                      
70008327  ClockP_isActive                         
70008331  SOC_rcmSetR5Clock                       
7000833b  TimerP_getReloadCountPriv               
70008345  TimerP_startPriv                        
7000834f  UART_lld_Transaction_deInit             
70008359  Bootloader_socGetSBLMem                 
70008361  Bootloader_socGetSelfCpuList            
70008368  C$$EXIT                                 
70008368  HOSTexit                                
70008371  TimerP_clearOverflowIntPriv             
70008380  abort                                   
70008389  EDMA_isInterruptEnabled                 
7000838f  HsmClient_unregister                    
70008395  SOC_moduleClockEnable                   
700083a1  Bootloader_socCpuRelease                
700083a5  Bootloader_socCpuRequest                
700083a9  Bootloader_socCpuSetEntryPoint          
700083ad  ClockP_getTimerCount                    
700083b1  ClockP_timerClearOverflowInt            
700083b5  Drivers_open                            
700083b9  Keyring_init                            
700083c5  PowerClock_deinit                       
700083c9  TimerP_Params_init                      
700083cd  TimerP_clearOverflowInt                 
700083d1  TimerP_getCount                         
700083d5  TimerP_getReloadCount                   
700083d9  TimerP_setup                            
700083dd  TimerP_start                            
700083e0  __aeabi_ldiv0                           
700083e4  __aeabi_memcpy                          
700083e4  __aeabi_memcpy4                         
700083e4  __aeabi_memcpy8                         
700083e9  putchar_                                
70008411  HwiP_enableInt                          
70008439  HwiP_disableInt                         
7000846b  HwiP_restoreInt                         
700084c1  HwiP_clearInt                           
700084e1  HwiP_post                               
70008509  HwiP_Params_init                        
7000851b  HwiP_construct                          
7000865f  HwiP_destruct                           
70008731  HwiP_init                               
700087f9  HwiP_inISR                              
70008815  HwiP_setVimIrqPriMaskNonAtomic          
70008837  HwiP_setVimIrqPriMaskAtomic             
70008883  HwiP_restoreVimIrqPriMask               
7000889b  HwiP_irq_handler_c                      
70008937  HwiP_fiq_handler                        
700089e7  HwiP_reserved_handler                   
70008a15  HwiP_undefined_handler_c                
70008a33  HwiP_user_undefined_handler_c           
70008a47  HwiP_svc_handler                        
70008a75  HwiP_prefetch_abort_handler_c           
70008aef  HwiP_user_prefetch_abort_handler_c      
70008aff  HwiP_data_abort_handler_c               
70008b7f  HwiP_user_data_abort_handler_c          
70008b90  HwiP_irq_handler                        
70008c04  HwiP_data_abort_handler                 
70008c48  HwiP_prefetch_abort_handler             
70008c94  HwiP_undefined_handler                  
70008cc4  GET_DFSR                                
70008ccc  GET_ADFSR                               
70008cd4  GET_DFAR                                
70008cdc  GET_IFSR                                
70008ce4  GET_AIFSR                               
70008cec  GET_IFAR                                
70008cf4  GET_SPSR                                
70008d0c  HwiP_disable                            
70008d1c  HwiP_disableFIQ                         
70008d2c  HwiP_enable                             
70008d3c  HwiP_enableFIQ                          
70008d4c  HwiP_restore                            
70008d54  HwiP_enableVIC                          
70008d64  HwiP_disableVIC                         
70008d74  HwiP_getCPSR                            
70008d88  CacheP_disableL1d                       
70008db0  CacheP_disableL1p                       
70008dc8  CacheP_enableL1d                        
70008de0  CacheP_enableL1p                        
70008df8  CacheP_invL1d                           
70008e30  CacheP_invL1p                           
70008e6c  CacheP_invL1dAll                        
70008e74  CacheP_invL1pAll                        
70008e7c  CacheP_wb                               
70008eb8  CacheP_wbInv                            
70008ef4  CacheP_wbAll                            
70008f9c  CacheP_wbInvAll                         
70008fb4  CacheP_wbInvAllAsm                      
70009054  CacheP_getEnabled                       
7000908c  CacheP_getCacheLevelInfo                
70009098  CacheP_configForceWrThru                
700090b8  CacheP_setDLFO                          
700090c9  CacheP_init                             
70009121  CacheP_disable                          
7000915b  CacheP_enable                           
7000917b  CacheP_inv                              
700091b9  MpuP_getAttrs                           
700091f9  MpuP_RegionAttrs_init                   
70009207  MpuP_setRegion                          
70009281  MpuP_isEnable                           
70009285  MpuP_disable                            
700092b7  MpuP_enable                             
700092f3  MpuP_init                               
70009355  MpuP_isUserAuthorizedToAccessMemory     
700093bc  MpuP_disableAsm                         
700093d4  MpuP_disableBRAsm                       
700093e4  MpuP_enableAsm                          
700093fc  MpuP_enableBRAsm                        
7000940c  MpuP_isEnableAsm                        
70009420  MpuP_setRegionAsm                       
70009448  _c_int00_sbl                            
7000946c  _c_int00                                
7000958d  _DebugP_assertNoLog                     
700095ab  _system_pre_init                        
700095c7  __mpu_init                              
700095d8  gEdmaConfig                             
700095d8  gUartDmaHandle                          
700095d8  gUartParams                             
70009630  gSIPC_InterruptConfig                   
7000966c  gAddrTranslateInfo                      
700096a4  gCoreBootInfo400Mhz                     
700096bc  gCoreBootInfo500Mhz                     
700096d4  gBootloaderConfig                       
70009700  gSIPC_HsmMboxConfig                     
70009728  gSIPC_SecureHostMboxConfig              
70009750  gBootloaderMemFxns                      
70009768  gClockConfig                            
70009798  gSocModulesClockFrequency               
700097b0  gResMemSection                          
700097d8  gAddrTranslateConfig                    
700097e4  gBootloader0Args                        
700097ec  gBootloaderSelfCpuList                  
700097f4  gSIPC_QueHsmToSecureHost                
700097fc  gSIPC_QueSecureHostToHsm                
70009804  gSocModules                             
70009814  gUartConfig                             
70009828  gBootloaderConfigNum                    
7000982c  gDebugLogZone                           
70009830  gDebugP_uartDrvIndex                    
70009834  gEdmaConfigNum                          
70009838  gHsmRtDownloadComplete                  
7000983c  gHsmrtLoadStatus                        
70009840  gHwiConfig                              
70009844  gMcuLbistTestStatus                     
7000984c  gR5ClockFrequency                       
70009850  gR5ss0Core1ImagePresent                 
70009854  gR5ss0MemInitDone                       
7000985c  gUartConfigNum                          
70009860  gUartDmaChConfig                        
70009868  operatingMode                           
7000986c  ptrMSSCtrlRegs                          
70009870  ptrTopCtrlRegs                          
70009874  isMapAvailable                          
70009878  gADPLLJConfigTbl                        
70009904  gCacheConfig                            
7000990c  gMpuConfig                              
70009918  gMpuRegionConfig                        
7000a2e2  gPeripheralClkSrcInfoMap                
7000a644  gPLLFreqId2FOutMap                      
7000a920  gCacheL1dCacheLineSize                  
7000a924  gCacheL1pCacheLineSize                  
7000a930  __stack                                 
7000e930  __BSS_START                             
7000e930  __STACK_END                             
7000e930  gHwiCtrl                                
7000f2f0  gProfileObj                             
7000f408  gSIPC_ctrl                              
7000f44c  gHSMClient                              
7000f478  gClockCtrl                              
7000f498  virtToPhymap                            
7000f4a8  gUartHandle                             
7000f4b0  __BSS_END                               
7000f4b0  __IRQ_STACK_START                       
700104b0  __FIQ_STACK_START                       
700104b0  __IRQ_STACK_END                         
700105b0  __FIQ_STACK_END                         
700105b0  __SVC_STACK_START                       
700106b0  __ABORT_STACK_START                     
700106b0  __SVC_STACK_END                         
700107b0  __ABORT_STACK_END                       
700107b0  __UNDEFINED_STACK_START                 
700108b0  __UNDEFINED_STACK_END                   
70027800  gHsmRtFw                                
ffffffff  __TI_pprof_out_hndl                     
ffffffff  __TI_prof_data_size                     
ffffffff  __TI_prof_data_start                    
ffffffff  __binit__                               
ffffffff  binit                                   
UNDEFED   __TI_CINIT_Base                         
UNDEFED   __TI_CINIT_Limit                        
UNDEFED   __TI_Handler_Table_Base                 
UNDEFED   __TI_Handler_Table_Limit                
UNDEFED   _system_post_cinit                      

[411 symbols]
