******************************************************************************
            TI ARM Clang Linker Unix v4.0.3                    
******************************************************************************
>> Linked Thu Nov 13 06:15:56 2025

OUTPUT FILE NAME:   <sbl_null.debug.out>
ENTRY POINT SYMBOL: "_vectors"  address: 00000000


MEMORY CONFIGURATION

         name            origin    length      used     unused   attr    fill
----------------------  --------  ---------  --------  --------  ----  --------
  R5F_VECS              00000000   00000100  00000040  000000c0  RWIX
  R5F_TCMA              00000100   00007f00  00000000  00007f00  RWIX
  R5F_TCMB0             00080000   00008000  00000000  00008000  RWIX
  MAILBOX_HSM           44000000   000003ce  00000340  0000008e  RWIX
  MAILBOX_R5F           44000400   000003ce  00000340  0000008e  RWIX
  MSRAM_VECS            70002000   00000100  00000040  000000c0  RWIX
  MSRAM_0               70002100   00025700  00015ad8  0000fc28  RWIX
  MSRAM_HSMRT           70027800   00040000  00006bd3  0003942d  RWIX


SEGMENT ALLOCATION MAP

run origin  load origin   length   init length attrs members
----------  ----------- ---------- ----------- ----- -------
00000000    70002000    00000040   00000040    r-x
  00000000    70002000    00000040   00000040    r-x .sbl_init_code
70002100    70002100    0000e6b0   0000e6b0    r-x
  70002100    70002100    0000ce40   0000ce40    r-x .text
  7000ef40    7000ef40    00000e50   00000e50    r-x .text.hwi
  7000fd90    7000fd90    000004a0   000004a0    r-x .text.cache
  70010230    70010230    000003c0   000003c0    r-x .text.mpu
  700105f0    700105f0    000001c0   000001c0    r-x .text.boot
700107b0    700107b0    00000458   00000458    rw-
  700107b0    700107b0    00000458   00000458    rw- .data
70010c08    70010c08    00001050   00001050    r--
  70010c08    70010c08    00001050   00001050    r-- .rodata
70011c58    70011c58    00005f80   00000000    rw-
  70011c58    70011c58    00004000   00000000    rw- .stack
  70015c58    70015c58    00000b80   00000000    rw- .bss
  700167d8    700167d8    00001000   00000000    rw- .irqstack
  700177d8    700177d8    00000100   00000000    rw- .fiqstack
  700178d8    700178d8    00000100   00000000    rw- .svcstack
  700179d8    700179d8    00000100   00000000    rw- .abortstack
  70017ad8    70017ad8    00000100   00000000    rw- .undefinedstack
70027800    70027800    00006bd3   00006bd3    r--
  70027800    70027800    00006bd3   00006bd3    r-- .rodata.hsmrt


SECTION ALLOCATION MAP

 output                                  attributes/
section   page    origin      length       input sections
--------  ----  ----------  ----------   ----------------
.bss.sipc_hsm_queue_mem 
*          0    44000000    00000340     NOLOAD SECTION
                  44000000    00000340     ti_drivers_config.obj (.bss.sipc_hsm_queue_mem)

.bss.sipc_secure_host_queue_mem 
*          0    44000400    00000340     NOLOAD SECTION
                  44000400    00000340     ti_drivers_config.obj (.bss.sipc_secure_host_queue_mem)

.sbl_init_code 
*          0    70002000    00000040     RUN ADDR = 00000000
                  70002000    00000040     nortos.am261x.r5f.ti-arm-clang.debug.lib : HwiP_armv7r_vectors_nortos_asm.obj (.vectors)

.text      0    70002100    0000ce40     
                  70002100    00000a34     nortos.am261x.r5f.ti-arm-clang.debug.lib : printf.obj (.text._vsnprintf)
                  70002b34    0000000c     libclang_rt.builtins.a : aeabi_memset.S.obj (.text.__aeabi_memclr)
                  70002b40    000005e2     nortos.am261x.r5f.ti-arm-clang.debug.lib : printf.obj (.text._ftoa)
                  70003122    00000002     --HOLE-- [fill = 0]
                  70003124    0000000c                                              : CpuId_armv7r_asm.obj (.text)
                  70003130    00000512     drivers.am261x.r5f.ti-arm-clang.nortos.debug.lib : soc_rcm.obj (.text.SOC_rcmGetClkSrcAndDivReg)
                  70003642    00000002     --HOLE-- [fill = 0]
                  70003644    00000008     libsysbm.a : hostexit.c.obj (.text.HOSTexit)
                  7000364c    00000004     libclang_rt.builtins.a : aeabi_div0.c.obj (.text.__aeabi_ldiv0)
                  70003650    000004b0     nortos.am261x.r5f.ti-arm-clang.debug.lib : printf.obj (.text._etoa)
                  70003b00    000004ae     drivers.am261x.r5f.ti-arm-clang.nortos.debug.lib : soc_rcm.obj (.text.SOC_rcmEnablePeripheralClock)
                  70003fae    00000002     --HOLE-- [fill = 0]
                  70003fb0    00000400                                                      : uart_v0.obj (.text.UART_open)
                  700043b0    00000286                                                      : soc_rcm.obj (.text.SOC_rcmPerApllConfig)
                  70004636    00000002     --HOLE-- [fill = 0]
                  70004638    00000008     libc.a : exit.c.obj (.text:abort)
                  70004640    0000027e     drivers.am261x.r5f.ti-arm-clang.nortos.debug.lib : uart_dma_edma.obj (.text.UART_edmaChInit)
                  700048be    00000002     --HOLE-- [fill = 0]
                  700048c0    00000272                                                      : soc_rcm.obj (.text.SOC_rcmCoreApllHSDivConfig)
                  70004b32    00000002     --HOLE-- [fill = 0]
                  70004b34    00000004     libclang_rt.builtins.a : aeabi_memcpy.S.obj (.text.__aeabi_memcpy)
                  70004b38    00000008     --HOLE-- [fill = 0]
                  70004b40    00000250     drivers.am261x.r5f.ti-arm-clang.nortos.debug.lib : edma.obj (.text.Alloc_resource)
                  70004d90    00000242                                                      : uart_v0_lld.obj (.text.UART_fifoConfig)
                  70004fd2    0000000e     --HOLE-- [fill = 0]
                  70004fe0    0000023e     nortos.am261x.r5f.ti-arm-clang.debug.lib : printf.obj (.text._ntoa_format)
                  7000521e    00000002     --HOLE-- [fill = 0]
                  70005220    00000226     drivers.am261x.r5f.ti-arm-clang.nortos.debug.lib : uart_dma_edma.obj (.text.UART_lld_dmaDeInit)
                  70005446    0000000a     --HOLE-- [fill = 0]
                  70005450    00000220                                                      : bootloader_profile.obj (.text.Bootloader_profilePrintProfileLog)
                  70005670    00000206     security.am261x.r5f.ti-arm-clang.nortos.debug.lib : sipc_notify_src.obj (.text.SIPC_init)
                  70005876    0000000a     --HOLE-- [fill = 0]
                  70005880    000001f2     drivers.am261x.r5f.ti-arm-clang.nortos.debug.lib : soc_rcm.obj (.text.SOC_rcmEthApllConfig)
                  70005a72    0000000e     --HOLE-- [fill = 0]
                  70005a80    000001da     main.obj (.text.main)
                  70005c5a    00000006     --HOLE-- [fill = 0]
                  70005c60    000001d6     nortos.am261x.r5f.ti-arm-clang.debug.lib : TimerP_rti_priv.obj (.text.TimerP_setupPriv)
                  70005e36    0000000a     --HOLE-- [fill = 0]
                  70005e40    000001be     security.am261x.r5f.ti-arm-clang.nortos.debug.lib : sipc_notify_src.obj (.text.SIPC_setMboxConfig)
                  70005ffe    00000002     --HOLE-- [fill = 0]
                  70006000    000001aa     drivers.am261x.r5f.ti-arm-clang.nortos.debug.lib : uart_dma_edma.obj (.text.UART_lld_dmaWrite)
                  700061aa    00000006     --HOLE-- [fill = 0]
                  700061b0    000001a8                                                      : uart_v0.obj (.text.UART_close)
                  70006358    00000008     --HOLE-- [fill = 0]
                  70006360    0000019e                                                      : uart_v0.obj (.text.UART_write)
                  700064fe    00000002     --HOLE-- [fill = 0]
                  70006500    00000198                                                      : uart_v0_lld.obj (.text.UART_lld_controllerIsr)
                  70006698    00000008     --HOLE-- [fill = 0]
                  700066a0    00000178     security.am261x.r5f.ti-arm-clang.nortos.debug.lib : hsmclient_loadhsmrt.obj (.text.Hsmclient_loadHSMRtFirmware)
                  70006818    00000008     --HOLE-- [fill = 0]
                  70006820    0000016a                                                       : hsmclient.obj (.text.HsmClient_isr)
                  7000698a    00000006     --HOLE-- [fill = 0]
                  70006990    00000162     drivers.am261x.r5f.ti-arm-clang.nortos.debug.lib : edma.obj (.text.EDMA_unregisterIntr)
                  70006af2    0000000e     --HOLE-- [fill = 0]
                  70006b00    00000158                                                      : soc.obj (.text.SOC_controlModuleUnlockMMR)
                  70006c58    00000008     --HOLE-- [fill = 0]
                  70006c60    00000152                                                      : uart_v0_lld.obj (.text.UART_lld_initDma)
                  70006db2    0000000e     --HOLE-- [fill = 0]
                  70006dc0    0000014c                                                      : soc_rcm.obj (.text.SOC_rcmGetPeripheralClockFrequency)
                  70006f0c    00000004     --HOLE-- [fill = 0]
                  70006f10    00000146                                                      : soc.obj (.text.SOC_phyToVirt)
                  70007056    0000000a     --HOLE-- [fill = 0]
                  70007060    0000013a                                                      : edma.obj (.text.EDMA_isDmaChannelAllocated)
                  7000719a    00000006     --HOLE-- [fill = 0]
                  700071a0    00000138     nortos.am261x.r5f.ti-arm-clang.debug.lib : printf.obj (.text._ntoa_long_long)
                  700072d8    00000008     --HOLE-- [fill = 0]
                  700072e0    00000136                                              : ClockP_nortos_r5.obj (.text.ClockP_init)
                  70007416    0000000a     --HOLE-- [fill = 0]
                  70007420    00000136     drivers.am261x.r5f.ti-arm-clang.nortos.debug.lib : uart_v0_lld.obj (.text.UART_procLineStatusErr)
                  70007556    0000000a     --HOLE-- [fill = 0]
                  70007560    00000134                                                      : edma.obj (.text.EDMA_registerIntr)
                  70007694    0000000c     --HOLE-- [fill = 0]
                  700076a0    00000134                                                      : uart_v0_lld.obj (.text.UART_writePolling)
                  700077d4    0000000c     --HOLE-- [fill = 0]
                  700077e0    0000012c                                                      : uart_v0_lld.obj (.text.UART_lld_init)
                  7000790c    00000004     --HOLE-- [fill = 0]
                  70007910    00000126                                                      : soc.obj (.text.SOC_controlModuleLockMMR)
                  70007a36    0000000a     --HOLE-- [fill = 0]
                  70007a40    00000122                                                      : bootloader.obj (.text.Bootloader_rprcImageLoad)
                  70007b62    0000000e     --HOLE-- [fill = 0]
                  70007b70    0000011e                                                      : soc.obj (.text.SOC_virtToPhy)
                  70007c8e    00000002     --HOLE-- [fill = 0]
                  70007c90    0000011c                                                      : uart_dma_edma.obj (.text.UART_lld_dmaRead)
                  70007dac    00000004     --HOLE-- [fill = 0]
                  70007db0    0000011a                                                      : soc_rcm.obj (.text.SOC_rcmCoreApllConfig)
                  70007eca    00000002     --HOLE-- [fill = 0]
                  70007ecc    00000118     libclang_rt.builtins.a : udivmoddi4.S.obj (.text)
                  70007fe4    0000000c     --HOLE-- [fill = 0]
                  70007ff0    00000116     drivers.am261x.r5f.ti-arm-clang.nortos.debug.lib : edma.obj (.text.EDMA_isTccAllocated)
                  70008106    0000000a     --HOLE-- [fill = 0]
                  70008110    00000116                                                      : uart_v0_lld.obj (.text.UART_divisorLatchWrite)
                  70008226    0000000a     --HOLE-- [fill = 0]
                  70008230    00000114     nortos.am261x.r5f.ti-arm-clang.debug.lib : printf.obj (.text._ntoa_long)
                  70008344    0000000c     --HOLE-- [fill = 0]
                  70008350    00000110     drivers.am261x.r5f.ti-arm-clang.nortos.debug.lib : bootloader_hsmRt_load.obj (.text.Bootloader_socLoadHsmRtFw)
                  70008460    00000110                                                      : soc_rcm.obj (.text.SOC_rcmGetEthHSDivOut)
                  70008570    0000010e                                                      : bootloader.obj (.text.Bootloader_loadSelfCpu)
                  7000867e    00000002     --HOLE-- [fill = 0]
                  70008680    0000010e                                                      : soc_rcm.obj (.text.SOC_rcmADPLLJGetFOut)
                  7000878e    00000002     --HOLE-- [fill = 0]
                  70008790    00000104                                                      : soc_rcm.obj (.text.SOC_rcmConfigurePllEth)
                  70008894    0000000c     --HOLE-- [fill = 0]
                  700088a0    00000104                                                      : soc_rcm.obj (.text.SOC_rcmConfigurePllPer)
                  700089a4    0000000c     --HOLE-- [fill = 0]
                  700089b0    00000104                                                      : uart_v0_lld.obj (.text.UART_configInstance)
                  70008ab4    0000000c     --HOLE-- [fill = 0]
                  70008ac0    00000102     nortos.am261x.r5f.ti-arm-clang.debug.lib : SemaphoreP_nortos.obj (.text.SemaphoreP_pend)
                  70008bc2    0000000e     --HOLE-- [fill = 0]
                  70008bd0    000000f8     drivers.am261x.r5f.ti-arm-clang.nortos.debug.lib : soc_rcm.obj (.text.SOC_rcmSetPeripheralClock)
                  70008cc8    00000008     --HOLE-- [fill = 0]
                  70008cd0    000000f6     security.am261x.r5f.ti-arm-clang.nortos.debug.lib : sipc_notify_src.obj (.text.SIPC_isr)
                  70008dc6    0000000a     --HOLE-- [fill = 0]
                  70008dd0    000000f2     drivers.am261x.r5f.ti-arm-clang.nortos.debug.lib : soc_rcm.obj (.text.SOC_rcmConfigurePllCore)
                  70008ec2    0000000e     --HOLE-- [fill = 0]
                  70008ed0    000000f0                                                      : soc_rcm.obj (.text.SOC_rcmGetPerHSDivOut)
                  70008fc0    000000e6                                                      : soc_rcm.obj (.text.SOC_rcmGetCoreFout)
                  700090a6    0000000a     --HOLE-- [fill = 0]
                  700090b0    000000e6                                                      : soc_rcm.obj (.text.SOC_rcmGetEthFout)
                  70009196    0000000a     --HOLE-- [fill = 0]
                  700091a0    000000e6                                                      : soc_rcm.obj (.text.SOC_rcmGetPerFout)
                  70009286    0000000a     --HOLE-- [fill = 0]
                  70009290    000000e4                                                      : edma.obj (.text.EDMA_freeChannelRegion)
                  70009374    0000000c     --HOLE-- [fill = 0]
                  70009380    000000e2                                                      : edma.obj (.text.EDMA_freeParam)
                  70009462    0000000e     --HOLE-- [fill = 0]
                  70009470    000000e0                                                      : edma.obj (.text.EDMA_freeDmaChannel)
                  70009550    000000e0                                                      : edma.obj (.text.EDMA_freeTcc)
                  70009630    000000de                                                      : uart_v0_lld.obj (.text.UART_intrEnable)
                  7000970e    00000002     --HOLE-- [fill = 0]
                  70009710    000000da                                                      : uart_v0_lld.obj (.text.UART_intrDisable)
                  700097ea    00000006     --HOLE-- [fill = 0]
                  700097f0    000000d2                                                      : uart_v0_lld.obj (.text.UART_lld_write)
                  700098c2    0000000e     --HOLE-- [fill = 0]
                  700098d0    000000d0     nortos.am261x.r5f.ti-arm-clang.debug.lib : AddrTranslateP_32bit.obj (.text.AddrTranslateP_getLocalAddr)
                  700099a0    000000ce     drivers.am261x.r5f.ti-arm-clang.nortos.debug.lib : edma.obj (.text.EDMA_disableChInShadowRegRegion)
                  70009a6e    00000002     --HOLE-- [fill = 0]
                  70009a70    000000ce                                                      : uart_v0_lld.obj (.text.UART_lld_writeDma)
                  70009b3e    00000002     --HOLE-- [fill = 0]
                  70009b40    000000cc                                                      : edma.obj (.text.EDMA_enableChInShadowRegRegion)
                  70009c0c    00000004     --HOLE-- [fill = 0]
                  70009c10    000000c6                                                      : uart_v0_lld.obj (.text.UART_lld_writeIntr)
                  70009cd6    0000000a     --HOLE-- [fill = 0]
                  70009ce0    000000c4                                                      : edma.obj (.text.EDMA_mapChToEvtQ)
                  70009da4    0000000c     --HOLE-- [fill = 0]
                  70009db0    000000c4                                                      : soc_rcm.obj (.text.SOC_rcmsetR5SysClock)
                  70009e74    0000000c     --HOLE-- [fill = 0]
                  70009e80    000000c0                                                      : edma.obj (.text.EDMA_configureChannelRegion)
                  70009f40    000000c0                                                      : uart_v0.obj (.text.UART_flushTxFifo)
                  7000a000    000000c0     nortos.am261x.r5f.ti-arm-clang.debug.lib : printf.obj (.text._out_rev)
                  7000a0c0    000000be                                              : ClockP_nortos.obj (.text.ClockP_timerTickIsr)
                  7000a17e    00000002     --HOLE-- [fill = 0]
                  7000a180    000000ba                                              : ClockP_nortos.obj (.text.ClockP_stop)
                  7000a23a    00000006     --HOLE-- [fill = 0]
                  7000a240    000000ba                                              : PmuP_armv7r.obj (.text.pmu)
                  7000a2fa    00000006     --HOLE-- [fill = 0]
                  7000a300    000000b8     drivers.am261x.r5f.ti-arm-clang.nortos.debug.lib : soc_rcm.obj (.text.SOC_rcmProgPllCoreDivider)
                  7000a3b8    00000008     --HOLE-- [fill = 0]
                  7000a3c0    000000b8                                                      : soc_rcm.obj (.text.SOC_rcmProgPllEthDivider)
                  7000a478    00000008     --HOLE-- [fill = 0]
                  7000a480    000000b8                                                      : soc_rcm.obj (.text.SOC_rcmProgPllPerDivider)
                  7000a538    00000008     --HOLE-- [fill = 0]
                  7000a540    000000b6                                                      : uart_v0_lld.obj (.text.UART_fifoWrite)
                  7000a5f6    0000000a     --HOLE-- [fill = 0]
                  7000a600    000000b0                                                      : soc_rcm.obj (.text.SOC_rcmGetCoreHSDivOut)
                  7000a6b0    000000b0                                                      : uart_v0.obj (.text.UART_init)
                  7000a760    000000ac                                                      : bootloader_soc.obj (.text.Bootloader_socSetAutoClock)
                  7000a80c    00000004     --HOLE-- [fill = 0]
                  7000a810    000000ac     ti_drivers_config.obj (.text.HsmClient_config)
                  7000a8bc    00000004     --HOLE-- [fill = 0]
                  7000a8c0    000000a8     nortos.am261x.r5f.ti-arm-clang.debug.lib : ClockP_nortos.obj (.text.ClockP_addToList)
                  7000a968    00000008     --HOLE-- [fill = 0]
                  7000a970    000000a8                                              : ClockP_nortos.obj (.text.ClockP_destruct)
                  7000aa18    00000008     --HOLE-- [fill = 0]
                  7000aa20    000000a8     ti_drivers_open_close.obj (.text.Drivers_uartOpen)
                  7000aac8    00000008     --HOLE-- [fill = 0]
                  7000aad0    0000009a     drivers.am261x.r5f.ti-arm-clang.nortos.debug.lib : bootloader_soc.obj (.text.Bootloader_socTranslateSectionAddr)
                  7000ab6a    00000006     --HOLE-- [fill = 0]
                  7000ab70    00000096                                                      : bootloader.obj (.text.Bootloader_runCpu)
                  7000ac06    0000000a     --HOLE-- [fill = 0]
                  7000ac10    00000096                                                      : soc_rcm.obj (.text.SOC_rcmGetADPLLJConfig)
                  7000aca6    0000000a     --HOLE-- [fill = 0]
                  7000acb0    00000096                                                      : uart_v0_lld.obj (.text.UART_subConfigTCRTLRModeEn)
                  7000ad46    0000000a     --HOLE-- [fill = 0]
                  7000ad50    00000094     security.am261x.r5f.ti-arm-clang.nortos.debug.lib : sipc_notify_src.obj (.text.SIPC_mailboxRead)
                  7000ade4    0000000c     --HOLE-- [fill = 0]
                  7000adf0    00000092     nortos.am261x.r5f.ti-arm-clang.debug.lib : ClockP_nortos.obj (.text.ClockP_getTimeUsec)
                  7000ae82    0000000e     --HOLE-- [fill = 0]
                  7000ae90    00000092     drivers.am261x.r5f.ti-arm-clang.nortos.debug.lib : edma.obj (.text.EDMA_unmapChToEvtQ)
                  7000af22    0000000e     --HOLE-- [fill = 0]
                  7000af30    00000090     security.am261x.r5f.ti-arm-clang.nortos.debug.lib : hsmclient.obj (.text.HsmClient_register)
                  7000afc0    0000008e     drivers.am261x.r5f.ti-arm-clang.nortos.debug.lib : bootloader_soc.obj (.text.Bootloader_socCpuPowerOnReset)
                  7000b04e    00000002     --HOLE-- [fill = 0]
                  7000b050    0000008c     ti_clocktree_pll_config.obj (.text.Bootloader_socConfigurePll)
                  7000b0dc    00000004     --HOLE-- [fill = 0]
                  7000b0e0    0000008c     drivers.am261x.r5f.ti-arm-clang.nortos.debug.lib : edma.obj (.text.EDMA_disableTransferRegion)
                  7000b16c    00000004     --HOLE-- [fill = 0]
                  7000b170    0000008c                                                      : edma.obj (.text.EDMA_enableTransferRegion)
                  7000b1fc    00000004     --HOLE-- [fill = 0]
                  7000b200    0000008c                                                      : uart_v0_lld.obj (.text.UART_writeCancelNoCB)
                  7000b28c    00000004     --HOLE-- [fill = 0]
                  7000b290    00000088                                                      : uart_dma_edma.obj (.text.UART_edmaIsrRx)
                  7000b318    00000008     --HOLE-- [fill = 0]
                  7000b320    00000088                                                      : uart_dma_edma.obj (.text.UART_edmaIsrTx)
                  7000b3a8    00000008     --HOLE-- [fill = 0]
                  7000b3b0    00000086     security.am261x.r5f.ti-arm-clang.nortos.debug.lib : sipc_notify_src.obj (.text.SIPC_getReadSwQ)
                  7000b436    0000000a     --HOLE-- [fill = 0]
                  7000b440    00000086     drivers.am261x.r5f.ti-arm-clang.nortos.debug.lib : uart_v0_lld.obj (.text.UART_lld_flushTxFifo)
                  7000b4c6    0000000a     --HOLE-- [fill = 0]
                  7000b4d0    00000086                                                      : uart_v0_lld.obj (.text.UART_tcrTlrBitValRestore)
                  7000b556    0000000a     --HOLE-- [fill = 0]
                  7000b560    00000082                                                      : edma.obj (.text.EDMA_allocDmaChannel)
                  7000b5e2    0000000e     --HOLE-- [fill = 0]
                  7000b5f0    00000082                                                      : edma.obj (.text.EDMA_allocParam)
                  7000b672    0000000e     --HOLE-- [fill = 0]
                  7000b680    00000082                                                      : edma.obj (.text.EDMA_allocTcc)
                  7000b702    0000000e     --HOLE-- [fill = 0]
                  7000b710    00000082                                                      : edma.obj (.text.EDMA_disableTccInShadowRegRegion)
                  7000b792    0000000e     --HOLE-- [fill = 0]
                  7000b7a0    00000082                                                      : edma.obj (.text.EDMA_enableTccInShadowRegRegion)
                  7000b822    0000000e     --HOLE-- [fill = 0]
                  7000b830    00000080                                                      : uart_v0_lld.obj (.text.UART_moduleReset)
                  7000b8b0    0000007e                                                      : uart_v0_lld.obj (.text.UART_readData)
                  7000b92e    00000002     --HOLE-- [fill = 0]
                  7000b930    0000007c                                                      : soc_rcm.obj (.text.SOC_rcmStartMemInitTCMA)
                  7000b9ac    00000004     --HOLE-- [fill = 0]
                  7000b9b0    0000007c                                                      : soc_rcm.obj (.text.SOC_rcmStartMemInitTCMB)
                  7000ba2c    00000004     --HOLE-- [fill = 0]
                  7000ba30    0000007c                                                      : soc_rcm.obj (.text.SOC_rcmWaitMemInitTCMA)
                  7000baac    00000004     --HOLE-- [fill = 0]
                  7000bab0    0000007c                                                      : soc_rcm.obj (.text.SOC_rcmWaitMemInitTCMB)
                  7000bb2c    00000004     --HOLE-- [fill = 0]
                  7000bb30    0000007c     nortos.am261x.r5f.ti-arm-clang.debug.lib : DebugP_log.obj (.text._DebugP_assert)
                  7000bbac    00000004     --HOLE-- [fill = 0]
                  7000bbb0    0000007a     drivers.am261x.r5f.ti-arm-clang.nortos.debug.lib : uart_v0.obj (.text.UART_Params_init)
                  7000bc2a    00000006     --HOLE-- [fill = 0]
                  7000bc30    00000078                                                      : edma.obj (.text.EDMA_linkChannel)
                  7000bca8    00000008     --HOLE-- [fill = 0]
                  7000bcb0    00000074                                                      : uart_v0_lld.obj (.text.UART_IsBaseAddrValid)
                  7000bd24    0000000c     --HOLE-- [fill = 0]
                  7000bd30    00000072                                                      : edma.obj (.text.EDMA_clrMissEvtRegion)
                  7000bda2    0000000e     --HOLE-- [fill = 0]
                  7000bdb0    00000070                                                      : bootloader_soc.obj (.text.Bootloader_socCpuGetClock)
                  7000be20    0000006e                                                      : bootloader.obj (.text.Bootloader_open)
                  7000be8e    00000002     --HOLE-- [fill = 0]
                  7000be90    0000006e                                                      : soc_rcm.obj (.text.SOC_rcmR5ConfigDualCore)
                  7000befe    00000002     --HOLE-- [fill = 0]
                  7000bf00    0000006c                                                      : bootloader.obj (.text.Bootloader_bootSelfCpu)
                  7000bf6c    00000004     --HOLE-- [fill = 0]
                  7000bf70    0000006c     security.am261x.r5f.ti-arm-clang.nortos.debug.lib : sipc_notify_src.obj (.text.SIPC_getReadMailbox)
                  7000bfdc    00000004     --HOLE-- [fill = 0]
                  7000bfe0    0000006c                                                       : sipc_notify_src.obj (.text.SIPC_getReadMailboxClear)
                  7000c04c    00000004     --HOLE-- [fill = 0]
                  7000c050    0000006c                                                       : sipc_notify_src.obj (.text.SIPC_registerClient)
                  7000c0bc    00000004     --HOLE-- [fill = 0]
                  7000c0c0    00000068     drivers.am261x.r5f.ti-arm-clang.nortos.debug.lib : bootloader.obj (.text.Bootloader_loadCpu)
                  7000c128    00000008     --HOLE-- [fill = 0]
                  7000c130    00000068                                                      : edma.obj (.text.EDMA_getBaseAddr)
                  7000c198    00000008     --HOLE-- [fill = 0]
                  7000c1a0    00000068                                                      : uart_v0_lld.obj (.text.UART_divisorValCompute)
                  7000c208    00000008     --HOLE-- [fill = 0]
                  7000c210    00000066                                                      : soc_rcm.obj (.text.SOC_rcmR5SS0PowerOnReset)
                  7000c276    0000000a     --HOLE-- [fill = 0]
                  7000c280    00000064                                                      : uart_v0_lld.obj (.text.UART_fifoRegisterWrite)
                  7000c2e4    0000000c     --HOLE-- [fill = 0]
                  7000c2f0    00000064                                                      : uart_v0_lld.obj (.text.UART_lld_deInitDma)
                  7000c354    0000000c     --HOLE-- [fill = 0]
                  7000c360    00000062                                                      : soc_rcm.obj (.text.SOC_rcmInsert16)
                  7000c3c2    0000000e     --HOLE-- [fill = 0]
                  7000c3d0    00000062                                                      : soc_rcm.obj (.text.SOC_rcmInsert8)
                  7000c432    0000000e     --HOLE-- [fill = 0]
                  7000c440    00000062     nortos.am261x.r5f.ti-arm-clang.debug.lib : SemaphoreP_nortos.obj (.text.SemaphoreP_post)
                  7000c4a2    0000000e     --HOLE-- [fill = 0]
                  7000c4b0    00000060     drivers.am261x.r5f.ti-arm-clang.nortos.debug.lib : uart_v0_lld.obj (.text.UART_getChar)
                  7000c510    00000060                                                      : uart_v0_lld.obj (.text.UART_writeData)
                  7000c570    0000005e                                                      : soc_rcm.obj (.text.SOC_rcmInsert32)
                  7000c5ce    00000002     --HOLE-- [fill = 0]
                  7000c5d0    0000005c     ti_power_clock_config.obj (.text.Module_clockSetFrequency)
                  7000c62c    00000004     --HOLE-- [fill = 0]
                  7000c630    0000005c     drivers.am261x.r5f.ti-arm-clang.nortos.debug.lib : uart_v0_lld.obj (.text.UART_lld_deInit)
                  7000c68c    00000004     --HOLE-- [fill = 0]
                  7000c690    0000005a     security.am261x.r5f.ti-arm-clang.nortos.debug.lib : hsmclient_wait_for_boot_notify.obj (.text.HsmClient_waitForBootNotify)
                  7000c6ea    00000006     --HOLE-- [fill = 0]
                  7000c6f0    0000005a     drivers.am261x.r5f.ti-arm-clang.nortos.debug.lib : uart_dma_edma.obj (.text.UART_lld_dmaDisableChannel)
                  7000c74a    00000006     --HOLE-- [fill = 0]
                  7000c750    0000005a                                                      : uart_v0_lld.obj (.text.UART_regConfigModeEnable)
                  7000c7aa    00000006     --HOLE-- [fill = 0]
                  7000c7b0    00000058     security.am261x.r5f.ti-arm-clang.nortos.debug.lib : hsmclient_loadhsmrt.obj (.text.Hsmclient_mboxRxISR)
                  7000c808    00000008     --HOLE-- [fill = 0]
                  7000c810    00000058     drivers.am261x.r5f.ti-arm-clang.nortos.debug.lib : soc_rcm.obj (.text.SOC_rcmGetModuleClkDivVal)
                  7000c868    00000008     --HOLE-- [fill = 0]
                  7000c870    00000058                                                      : uart_v0.obj (.text.UART_getHandle)
                  7000c8c8    00000008     --HOLE-- [fill = 0]
                  7000c8d0    00000056                                                      : bootloader.obj (.text.Bootloader_BootImageInfo_init)
                  7000c926    0000000a     --HOLE-- [fill = 0]
                  7000c930    00000056                                                      : bootloader_soc.obj (.text.Bootloader_socGetCoreName)
                  7000c986    0000000a     --HOLE-- [fill = 0]
                  7000c990    00000056                                                      : uart_v0.obj (.text.UART_lld_readCompleteCallback)
                  7000c9e6    0000000a     --HOLE-- [fill = 0]
                  7000c9f0    00000056                                                      : uart_v0.obj (.text.UART_lld_writeCompleteCallback)
                  7000ca46    0000000a     --HOLE-- [fill = 0]
                  7000ca50    00000054                                                      : soc_rcm.obj (.text.CSL_TopCtrl_dualCoreBootEnableEfuse)
                  7000caa4    0000000c     --HOLE-- [fill = 0]
                  7000cab0    00000054                                                      : soc_rcm.obj (.text.CSL_TopCtrl_dualCoreSwitchDisableEfuse)
                  7000cb04    0000000c     --HOLE-- [fill = 0]
                  7000cb10    00000054                                                      : edma.obj (.text.EDMA_setPaRAM)
                  7000cb64    0000000c     --HOLE-- [fill = 0]
                  7000cb70    00000054     security.am261x.r5f.ti-arm-clang.nortos.debug.lib : hsmclient_loadhsmrt.obj (.text.Hsmclient_computeIPCChecksum)
                  7000cbc4    0000000c     --HOLE-- [fill = 0]
                  7000cbd0    00000054     drivers.am261x.r5f.ti-arm-clang.nortos.debug.lib : uart_v0_lld.obj (.text.UART_OperModeValid)
                  7000cc24    00000054     libc.a : autoinit.c.obj (.text:__TI_auto_init_nobinit_nopinit)
                  7000cc78    00000008     --HOLE-- [fill = 0]
                  7000cc80    00000052     drivers.am261x.r5f.ti-arm-clang.nortos.debug.lib : bootloader_soc.obj (.text.Bootloader_socCpuGetClkDefault)
                  7000ccd2    0000000e     --HOLE-- [fill = 0]
                  7000cce0    00000052     security.am261x.r5f.ti-arm-clang.nortos.debug.lib : sipc_notify_cfg.obj (.text.SIPC_Register_Isr)
                  7000cd32    0000000e     --HOLE-- [fill = 0]
                  7000cd40    00000052     drivers.am261x.r5f.ti-arm-clang.nortos.debug.lib : soc_rcm.obj (.text.SOC_rcmCoreApllRelockPreRequisite)
                  7000cd92    0000000e     --HOLE-- [fill = 0]
                  7000cda0    00000050                                                      : bootloader_soc.obj (.text.Bootloader_socMemInitCpu)
                  7000cdf0    00000050     ti_drivers_open_close.obj (.text.Drivers_uartClose)
                  7000ce40    00000050     drivers.am261x.r5f.ti-arm-clang.nortos.debug.lib : pinmux.obj (.text.Pinmux_config)
                  7000ce90    00000050                                                      : soc_rcm.obj (.text.SOC_rcmR5ConfigLockStep)
                  7000cee0    00000050                                                      : uart_v0_lld.obj (.text.UART_checkCharsAvailInFifo)
                  7000cf30    0000004e                                                      : edma.obj (.text.EDMA_clrEvtRegion)
                  7000cf7e    00000002     --HOLE-- [fill = 0]
                  7000cf80    0000004e                                                      : edma.obj (.text.EDMA_disableDmaEvtRegion)
                  7000cfce    00000002     --HOLE-- [fill = 0]
                  7000cfd0    0000004e                                                      : edma.obj (.text.EDMA_disableEvtIntrRegion)
                  7000d01e    00000002     --HOLE-- [fill = 0]
                  7000d020    0000004e                                                      : edma.obj (.text.EDMA_enableDmaEvtRegion)
                  7000d06e    00000002     --HOLE-- [fill = 0]
                  7000d070    0000004e                                                      : edma.obj (.text.EDMA_enableEvtIntrRegion)
                  7000d0be    00000002     --HOLE-- [fill = 0]
                  7000d0c0    0000004e                                                      : edma.obj (.text.EDMA_setEvtRegion)
                  7000d10e    00000002     --HOLE-- [fill = 0]
                  7000d110    0000004c     nortos.am261x.r5f.ti-arm-clang.debug.lib : ClockP_nortos.obj (.text.ClockP_construct)
                  7000d15c    00000004     --HOLE-- [fill = 0]
                  7000d160    0000004c     drivers.am261x.r5f.ti-arm-clang.nortos.debug.lib : edma.obj (.text.EDMA_ccPaRAMEntry_init)
                  7000d1ac    00000004     --HOLE-- [fill = 0]
                  7000d1b0    0000004c                                                      : edma.obj (.text.EDMA_mapQdmaChToPaRAM)
                  7000d1fc    00000004     --HOLE-- [fill = 0]
                  7000d200    0000004c                                                      : edma.obj (.text.EDMA_readEventStatusRegion)
                  7000d24c    00000004     --HOLE-- [fill = 0]
                  7000d250    0000004c     ti_power_clock_config.obj (.text.Module_clockDisable)
                  7000d29c    00000004     --HOLE-- [fill = 0]
                  7000d2a0    0000004c     ti_power_clock_config.obj (.text.Module_clockEnable)
                  7000d2ec    00000004     --HOLE-- [fill = 0]
                  7000d2f0    0000004a     drivers.am261x.r5f.ti-arm-clang.nortos.debug.lib : bootloader_profile.obj (.text.Bootloader_profileAddProfilePoint)
                  7000d33a    00000006     --HOLE-- [fill = 0]
                  7000d340    0000004a     ti_dpl_config.obj (.text.Dpl_init)
                  7000d38a    00000006     --HOLE-- [fill = 0]
                  7000d390    0000004a     drivers.am261x.r5f.ti-arm-clang.nortos.debug.lib : soc_rcm.obj (.text.SOC_rcmGetCR5SysclkInFrequency)
                  7000d3da    00000006     --HOLE-- [fill = 0]
                  7000d3e0    0000004a                                                      : uart_v0_lld.obj (.text.UART_getIntrIdentityStatus)
                  7000d42a    00000006     --HOLE-- [fill = 0]
                  7000d430    0000004a                                                      : uart_v0_lld.obj (.text.UART_lineCharConfig)
                  7000d47a    00000006     --HOLE-- [fill = 0]
                  7000d480    00000048                                                      : soc_rcm.obj (.text.SOC_rcmGetR5Clock)
                  7000d4c8    00000008     --HOLE-- [fill = 0]
                  7000d4d0    00000048                                                      : uart_v0_lld.obj (.text.UART_resetModule)
                  7000d518    00000008     --HOLE-- [fill = 0]
                  7000d520    00000046     nortos.am261x.r5f.ti-arm-clang.debug.lib : DebugP_uartLogWriter.obj (.text.DebugP_uartLogWriterPutChar)
                  7000d566    0000000a     --HOLE-- [fill = 0]
                  7000d570    00000046     drivers.am261x.r5f.ti-arm-clang.nortos.debug.lib : soc_rcm.obj (.text.SOC_rcmMemInitL2Memory)
                  7000d5b6    0000000a     --HOLE-- [fill = 0]
                  7000d5c0    00000046                                                      : uart_v0_lld.obj (.text.UART_i2310WA)
                  7000d606    0000000a     --HOLE-- [fill = 0]
                  7000d610    00000046                                                      : uart_v0_lld.obj (.text.UART_readLineStatus)
                  7000d656    0000000a     --HOLE-- [fill = 0]
                  7000d660    00000044                                                      : soc_rcm.obj (.text.SBL_rcmIsDualCoreSwitchSupported)
                  7000d6a4    0000000c     --HOLE-- [fill = 0]
                  7000d6b0    00000044     security.am261x.r5f.ti-arm-clang.nortos.debug.lib : sipc_notify_src.obj (.text.SIPC_unregisterClient)
                  7000d6f4    0000000c     --HOLE-- [fill = 0]
                  7000d700    00000044     drivers.am261x.r5f.ti-arm-clang.nortos.debug.lib : soc_rcm.obj (.text.SOC_rcmExtract8)
                  7000d744    0000000c     --HOLE-- [fill = 0]
                  7000d750    00000044                                                      : soc_rcm.obj (.text.SOC_rcmMake16)
                  7000d794    0000000c     --HOLE-- [fill = 0]
                  7000d7a0    00000044                                                      : soc_rcm.obj (.text.SOC_rcmMake8)
                  7000d7e4    0000000c     --HOLE-- [fill = 0]
                  7000d7f0    00000044     nortos.am261x.r5f.ti-arm-clang.debug.lib : SemaphoreP_nortos.obj (.text.SemaphoreP_construct)
                  7000d834    0000000c     --HOLE-- [fill = 0]
                  7000d840    00000044                                              : DebugP_nortos.obj (.text._DebugP_logZone)
                  7000d884    0000000c     --HOLE-- [fill = 0]
                  7000d890    00000044                                              : printf.obj (.text._strnlen_s)
                  7000d8d4    0000000c     --HOLE-- [fill = 0]
                  7000d8e0    00000042                                              : ClockP_nortos.obj (.text.ClockP_start)
                  7000d922    0000000e     --HOLE-- [fill = 0]
                  7000d930    00000042     drivers.am261x.r5f.ti-arm-clang.nortos.debug.lib : soc_rcm.obj (.text.SOC_rcmCoreR5FUnhalt)
                  7000d972    0000000e     --HOLE-- [fill = 0]
                  7000d980    00000042                                                      : uart_v0.obj (.text.UART_checkOpenParams)
                  7000d9c2    0000000e     --HOLE-- [fill = 0]
                  7000d9d0    00000040                                                      : soc_rcm.obj (.text.SOC_rcmMake32)
                  7000da10    0000003e                                                      : pinmux.obj (.text.Pinmux_unlockMMR)
                  7000da4e    00000002     --HOLE-- [fill = 0]
                  7000da50    0000003e                                                      : uart_v0_lld.obj (.text.UART_IsHWFlowCtrlValid)
                  7000da8e    00000002     --HOLE-- [fill = 0]
                  7000da90    0000003e                                                      : uart_v0_lld.obj (.text.UART_spaceAvail)
                  7000dace    00000002     --HOLE-- [fill = 0]
                  7000dad0    0000003c                                                      : soc_rcm.obj (.text.SOC_rcmIsR5FInLockStepMode)
                  7000db0c    00000004     --HOLE-- [fill = 0]
                  7000db10    0000003c                                                      : uart_v0_lld.obj (.text.UART_IsParityTypeValid)
                  7000db4c    00000004     --HOLE-- [fill = 0]
                  7000db50    0000003c                                                      : uart_v0_lld.obj (.text.UART_IsTxRxFifoEmpty)
                  7000db8c    00000004     --HOLE-- [fill = 0]
                  7000db90    0000003c                                                      : uart_v0_lld.obj (.text.UART_enhanFuncEnable)
                  7000dbcc    00000004     --HOLE-- [fill = 0]
                  7000dbd0    0000003a                                                      : bootloader.obj (.text.Bootloader_rprcImageParseEntryPoint)
                  7000dc0a    00000006     --HOLE-- [fill = 0]
                  7000dc10    0000003a     security.am261x.r5f.ti-arm-clang.nortos.debug.lib : sipc_notify_src.obj (.text.SIPC_getIntrConfig)
                  7000dc4a    00000006     --HOLE-- [fill = 0]
                  7000dc50    0000003a     drivers.am261x.r5f.ti-arm-clang.nortos.debug.lib : soc.obj (.text.SOC_moduleSetClockFrequency)
                  7000dc8a    00000006     --HOLE-- [fill = 0]
                  7000dc90    0000003a     nortos.am261x.r5f.ti-arm-clang.debug.lib : printf.obj (.text._atoi)
                  7000dcca    00000006     --HOLE-- [fill = 0]
                  7000dcd0    00000038     drivers.am261x.r5f.ti-arm-clang.nortos.debug.lib : bootloader_mem.obj (.text.Mem_imgRead)
                  7000dd08    00000008     --HOLE-- [fill = 0]
                  7000dd10    00000038     security.am261x.r5f.ti-arm-clang.nortos.debug.lib : sipc_notify_src.obj (.text.SIPC_Params_init)
                  7000dd48    00000008     --HOLE-- [fill = 0]
                  7000dd50    00000038     drivers.am261x.r5f.ti-arm-clang.nortos.debug.lib : soc.obj (.text.SOC_getCoreName)
                  7000dd88    00000008     --HOLE-- [fill = 0]
                  7000dd90    00000038                                                      : uart_v0_lld.obj (.text.UART_writeDataPolling)
                  7000ddc8    00000038     nortos.am261x.r5f.ti-arm-clang.debug.lib : PmuP_armv7r_asm.obj (.text.pmu)
                  7000de00    00000036     drivers.am261x.r5f.ti-arm-clang.nortos.debug.lib : edma.obj (.text.EDMA_getRegionId)
                  7000de36    0000000a     --HOLE-- [fill = 0]
                  7000de40    00000036                                                      : bootloader_mem.obj (.text.Mem_imgOpen)
                  7000de76    0000000a     --HOLE-- [fill = 0]
                  7000de80    00000034                                                      : bootloader.obj (.text.Bootloader_close)
                  7000deb4    0000000c     --HOLE-- [fill = 0]
                  7000dec0    00000034     security.am261x.r5f.ti-arm-clang.nortos.debug.lib : hsmclient.obj (.text.HsmClient_init)
                  7000def4    0000000c     --HOLE-- [fill = 0]
                  7000df00    00000034     drivers.am261x.r5f.ti-arm-clang.nortos.debug.lib : pinmux.obj (.text.Pinmux_lockMMR)
                  7000df34    0000000c     --HOLE-- [fill = 0]
                  7000df40    00000034     nortos.am261x.r5f.ti-arm-clang.debug.lib : TimerP_rti_priv.obj (.text.TimerP_Params_initPriv)
                  7000df74    0000000c     --HOLE-- [fill = 0]
                  7000df80    00000034     drivers.am261x.r5f.ti-arm-clang.nortos.debug.lib : uart_v0_lld.obj (.text.UART_IsDataLengthValid)
                  7000dfb4    0000000c     --HOLE-- [fill = 0]
                  7000dfc0    00000034                                                      : uart_v0_lld.obj (.text.UART_checkTransaction)
                  7000dff4    0000000c     --HOLE-- [fill = 0]
                  7000e000    00000032                                                      : bootloader.obj (.text.Bootloader_runSelfCpu)
                  7000e032    0000000e     --HOLE-- [fill = 0]
                  7000e040    00000032                                                      : uart_v0_lld.obj (.text.HW_WR_FIELD32_RAW)
                  7000e072    0000000e     --HOLE-- [fill = 0]
                  7000e080    00000032     nortos.am261x.r5f.ti-arm-clang.debug.lib : TimerP_rti_priv.obj (.text.TimerP_getCountPriv)
                  7000e0b2    0000000e     --HOLE-- [fill = 0]
                  7000e0c0    00000032     drivers.am261x.r5f.ti-arm-clang.nortos.debug.lib : uart_v0_lld.obj (.text.UART_enhanFuncBitValRestore)
                  7000e0f2    0000000e     --HOLE-- [fill = 0]
                  7000e100    00000032                                                      : uart_v0_lld.obj (.text.UART_hardwareFlowCtrlOptSet)
                  7000e132    0000000e     --HOLE-- [fill = 0]
                  7000e140    00000030                                                      : bootloader_profile.obj (.text.Bootloader_profileReset)
                  7000e170    00000030                                                      : uart_v0_lld.obj (.text.UART_flowCtrlTrigLvlConfig)
                  7000e1a0    0000002e                                                      : bootloader.obj (.text.Bootloader_bootCpu)
                  7000e1ce    00000002     --HOLE-- [fill = 0]
                  7000e1d0    0000002e                                                      : soc_rcm.obj (.text.SOC_rcmMemInitMailboxMemory)
                  7000e1fe    00000002     --HOLE-- [fill = 0]
                  7000e200    0000002e                                                      : uart_v0.obj (.text.UART_deinit)
                  7000e22e    00000002     --HOLE-- [fill = 0]
                  7000e230    0000002e                                                      : uart_dma_edma.obj (.text.UART_lld_dmaInit)
                  7000e25e    00000002     --HOLE-- [fill = 0]
                  7000e260    0000002e     nortos.am261x.r5f.ti-arm-clang.debug.lib : printf.obj (.text._is_digit)
                  7000e28e    00000002     --HOLE-- [fill = 0]
                  7000e290    0000002c                                              : DebugP_log.obj (.text.DebugP_logZoneEnable)
                  7000e2bc    00000004     --HOLE-- [fill = 0]
                  7000e2c0    0000002c                                              : SemaphoreP_nortos.obj (.text.SemaphoreP_constructBinary)
                  7000e2ec    00000004     --HOLE-- [fill = 0]
                  7000e2f0    0000002a     drivers.am261x.r5f.ti-arm-clang.nortos.debug.lib : bootloader_soc.obj (.text.Bootloader_socCpuSetClock)
                  7000e31a    00000006     --HOLE-- [fill = 0]
                  7000e320    0000002a                                                      : uart_v0.obj (.text.UART_Transaction_init)
                  7000e34a    00000006     --HOLE-- [fill = 0]
                  7000e350    0000002a                                                      : uart_v0_lld.obj (.text.UART_intr2Disable)
                  7000e37a    00000006     --HOLE-- [fill = 0]
                  7000e380    0000002a                                                      : uart_v0_lld.obj (.text.UART_lld_Transaction_init)
                  7000e3aa    00000006     --HOLE-- [fill = 0]
                  7000e3b0    0000002a                                                      : uart_v0_lld.obj (.text.UART_operatingModeSelect)
                  7000e3da    00000006     --HOLE-- [fill = 0]
                  7000e3e0    00000028     nortos.am261x.r5f.ti-arm-clang.debug.lib : CpuId_armv7r.obj (.text.CSL_armR5GetCpuID)
                  7000e408    00000008     --HOLE-- [fill = 0]
                  7000e410    00000028                                              : printf.obj (.text.vprintf_)
                  7000e438    00000008     --HOLE-- [fill = 0]
                  7000e440    00000026     drivers.am261x.r5f.ti-arm-clang.nortos.debug.lib : edma.obj (.text.EDMA_disableQdmaEvtRegion)
                  7000e466    0000000a     --HOLE-- [fill = 0]
                  7000e470    00000026                                                      : edma.obj (.text.EDMA_enableQdmaEvtRegion)
                  7000e496    0000000a     --HOLE-- [fill = 0]
                  7000e4a0    00000026                                                      : edma.obj (.text.EDMA_validateIntrObject)
                  7000e4c6    0000000a     --HOLE-- [fill = 0]
                  7000e4d0    00000024                                                      : bootloader.obj (.text.Bootloader_CpuInfo_init)
                  7000e4f4    0000000c     --HOLE-- [fill = 0]
                  7000e500    00000024                                                      : bootloader_soc.obj (.text.Bootloader_socCpuResetRelease)
                  7000e524    0000000c     --HOLE-- [fill = 0]
                  7000e530    00000024                                                      : soc_rcm.obj (.text.SOC_rcmR5SS0TriggerReset)
                  7000e554    0000000c     --HOLE-- [fill = 0]
                  7000e560    00000024     nortos.am261x.r5f.ti-arm-clang.debug.lib : SemaphoreP_nortos.obj (.text.SemaphoreP_constructMutex)
                  7000e584    0000000c     --HOLE-- [fill = 0]
                  7000e590    00000024     drivers.am261x.r5f.ti-arm-clang.nortos.debug.lib : uart_v0_lld.obj (.text.UART_IsRxTrigLvlValid)
                  7000e5b4    0000000c     --HOLE-- [fill = 0]
                  7000e5c0    00000024                                                      : uart_v0_lld.obj (.text.UART_IsStopBitsValid)
                  7000e5e4    0000000c     --HOLE-- [fill = 0]
                  7000e5f0    00000024                                                      : uart_v0_lld.obj (.text.UART_IsTxTrigLvlValid)
                  7000e614    00000024     libclang_rt.builtins.a : aeabi_uldivmod.S.obj (.text.__aeabi_uldivmod)
                  7000e638    00000008     --HOLE-- [fill = 0]
                  7000e640    00000024     nortos.am261x.r5f.ti-arm-clang.debug.lib : printf.obj (.text._out_char)
                  7000e664    0000000c     --HOLE-- [fill = 0]
                  7000e670    00000022     drivers.am261x.r5f.ti-arm-clang.nortos.debug.lib : edma.obj (.text.EDMA_channelToParamMap)
                  7000e692    0000000e     --HOLE-- [fill = 0]
                  7000e6a0    00000020     nortos.am261x.r5f.ti-arm-clang.debug.lib : ClockP_nortos.obj (.text.ClockP_isActive)
                  7000e6c0    00000020                                              : ClockP_nortos.obj (.text.ClockP_usecToTicks)
                  7000e6e0    00000020     drivers.am261x.r5f.ti-arm-clang.nortos.debug.lib : uart_v0_lld.obj (.text.HW_RD_FIELD32_RAW)
                  7000e700    00000020     security.am261x.r5f.ti-arm-clang.nortos.debug.lib : sipc_notify_src.obj (.text.SIPC_readSelfCoreID)
                  7000e720    0000001e     nortos.am261x.r5f.ti-arm-clang.debug.lib : ClockP_nortos.obj (.text.ClockP_Params_init)
                  7000e73e    00000002     --HOLE-- [fill = 0]
                  7000e740    0000001e     drivers.am261x.r5f.ti-arm-clang.nortos.debug.lib : edma.obj (.text.EDMA_getEventStatusHigh)
                  7000e75e    00000002     --HOLE-- [fill = 0]
                  7000e760    0000001e                                                      : soc.obj (.text.SOC_getSelfCpuClk)
                  7000e77e    00000002     --HOLE-- [fill = 0]
                  7000e780    0000001e                                                      : soc.obj (.text.SOC_moduleClockEnable)
                  7000e79e    00000002     --HOLE-- [fill = 0]
                  7000e7a0    0000001e                                                      : uart_v0_lld.obj (.text.UART_breakCtl)
                  7000e7be    00000002     --HOLE-- [fill = 0]
                  7000e7c0    0000001e                                                      : uart_v0_lld.obj (.text.UART_lld_Transaction_deInit)
                  7000e7de    00000002     --HOLE-- [fill = 0]
                  7000e7e0    0000001e                                                      : uart_v0_lld.obj (.text.UART_writeInterrupt)
                  7000e7fe    00000002     --HOLE-- [fill = 0]
                  7000e800    0000001c                                                      : edma.obj (.text.EDMA_getEventStatus)
                  7000e81c    00000004     --HOLE-- [fill = 0]
                  7000e820    0000001c                                                      : uart_v0_lld.obj (.text.UART_IsParameter)
                  7000e83c    0000001c     libc.a : memcpy32.S.obj (.text:TI_memcpy_small)
                  7000e858    00000008     --HOLE-- [fill = 0]
                  7000e860    0000001a     drivers.am261x.r5f.ti-arm-clang.nortos.debug.lib : soc_rcm.obj (.text.SOC_rcmGetModuleClkDivRegVal)
                  7000e87a    00000006     --HOLE-- [fill = 0]
                  7000e880    0000001a                                                      : soc_rcm.obj (.text.SOC_rcmSetR5Clock)
                  7000e89a    00000006     --HOLE-- [fill = 0]
                  7000e8a0    0000001a                                                      : uart_v0_lld.obj (.text.UART_fifoCharGet)
                  7000e8ba    00000006     --HOLE-- [fill = 0]
                  7000e8c0    0000001a                                                      : uart_v0_lld.obj (.text.UART_timeGuardConfig)
                  7000e8da    00000006     --HOLE-- [fill = 0]
                  7000e8e0    00000018                                                      : edma.obj (.text.EDMA_isInterruptEnabled)
                  7000e8f8    00000008     --HOLE-- [fill = 0]
                  7000e900    00000018     security.am261x.r5f.ti-arm-clang.nortos.debug.lib : sipc_notify_src.obj (.text.SIPC_mailboxClearAllInt)
                  7000e918    00000008     --HOLE-- [fill = 0]
                  7000e920    00000018     drivers.am261x.r5f.ti-arm-clang.nortos.debug.lib : soc_rcm.obj (.text.SOC_rcmSetR5ClockSource)
                  7000e938    00000008     --HOLE-- [fill = 0]
                  7000e940    00000018     nortos.am261x.r5f.ti-arm-clang.debug.lib : SemaphoreP_nortos.obj (.text.SemaphoreP_Params_init)
                  7000e958    00000008     --HOLE-- [fill = 0]
                  7000e960    00000018     ti_drivers_config.obj (.text.System_init)
                  7000e978    00000008     --HOLE-- [fill = 0]
                  7000e980    00000018     nortos.am261x.r5f.ti-arm-clang.debug.lib : TimerP_rti_priv.obj (.text.TimerP_getReloadCountPriv)
                  7000e998    00000008     --HOLE-- [fill = 0]
                  7000e9a0    00000018     drivers.am261x.r5f.ti-arm-clang.nortos.debug.lib : uart_v0_lld.obj (.text.UART_divisorLatchDisable)
                  7000e9b8    00000008     --HOLE-- [fill = 0]
                  7000e9c0    00000018                                                      : uart_v0_lld.obj (.text.UART_modemControlReset)
                  7000e9d8    00000008     --HOLE-- [fill = 0]
                  7000e9e0    00000018                                                      : uart_v0_lld.obj (.text.UART_putChar)
                  7000e9f8    00000018     libc.a : memset32.S.obj (.text:TI_memset_small)
                  7000ea10    00000016     security.am261x.r5f.ti-arm-clang.nortos.debug.lib : hsmclient.obj (.text.HsmClient_unregister)
                  7000ea26    0000000a     --HOLE-- [fill = 0]
                  7000ea30    00000016     nortos.am261x.r5f.ti-arm-clang.debug.lib : TimerP_rti_priv.obj (.text.TimerP_startPriv)
                  7000ea46    0000000a     --HOLE-- [fill = 0]
                  7000ea50    00000016                                              : TimerP_rti_priv.obj (.text.TimerP_stopPriv)
                  7000ea66    0000000a     --HOLE-- [fill = 0]
                  7000ea70    00000016     drivers.am261x.r5f.ti-arm-clang.nortos.debug.lib : uart_v0_lld.obj (.text.UART_divideRoundCloset)
                  7000ea86    0000000a     --HOLE-- [fill = 0]
                  7000ea90    00000016                                                      : uart_v0_lld.obj (.text.UART_regConfModeRestore)
                  7000eaa6    0000000a     --HOLE-- [fill = 0]
                  7000eab0    00000014                                                      : bootloader.obj (.text.Bootloader_Params_init)
                  7000eac4    0000000c     --HOLE-- [fill = 0]
                  7000ead0    00000014     nortos.am261x.r5f.ti-arm-clang.debug.lib : DebugP_uartLogWriter.obj (.text.DebugP_uartSetDrvIndex)
                  7000eae4    0000000c     --HOLE-- [fill = 0]
                  7000eaf0    00000014     drivers.am261x.r5f.ti-arm-clang.nortos.debug.lib : edma.obj (.text.HW_WR_REG16_RAW)
                  7000eb04    0000000c     --HOLE-- [fill = 0]
                  7000eb10    00000014     security.am261x.r5f.ti-arm-clang.nortos.debug.lib : hsmclient.obj (.text.HsmClient_SecureBootQueueInit)
                  7000eb24    0000000c     --HOLE-- [fill = 0]
                  7000eb30    00000014     drivers.am261x.r5f.ti-arm-clang.nortos.debug.lib : bootloader_mem.obj (.text.Mem_imgSeek)
                  7000eb44    0000000c     --HOLE-- [fill = 0]
                  7000eb50    00000014     security.am261x.r5f.ti-arm-clang.nortos.debug.lib : sipc_notify_src.obj (.text.SIPC_mailboxClearPendingIntr)
                  7000eb64    0000000c     --HOLE-- [fill = 0]
                  7000eb70    00000014     drivers.am261x.r5f.ti-arm-clang.nortos.debug.lib : soc_rcm.obj (.text.SOC_rcmGetModuleClkDivFromRegVal)
                  7000eb84    0000000c     --HOLE-- [fill = 0]
                  7000eb90    00000014     ti_drivers_config.obj (.text.System_deinit)
                  7000eba4    0000000c     --HOLE-- [fill = 0]
                  7000ebb0    00000014     nortos.am261x.r5f.ti-arm-clang.debug.lib : TimerP_rti_priv.obj (.text.TimerP_clearOverflowIntPriv)
                  7000ebc4    0000000c     --HOLE-- [fill = 0]
                  7000ebd0    00000014                                              : TimerP_rti_nortos.obj (.text.TimerP_setup)
                  7000ebe4    0000000c     --HOLE-- [fill = 0]
                  7000ebf0    00000014     ti_dpl_config.obj (.text.putchar_)
                  7000ec04    0000000c     --HOLE-- [fill = 0]
                  7000ec10    00000012     ti_drivers_config.obj (.text.HsmClient_unRegister)
                  7000ec22    0000000e     --HOLE-- [fill = 0]
                  7000ec30    00000012     security.am261x.r5f.ti-arm-clang.nortos.debug.lib : hsmclient_loadhsmrt.obj (.text.Hsmclient_updateBootNotificationRegister)
                  7000ec42    0000000e     --HOLE-- [fill = 0]
                  7000ec50    00000012     ti_pinmux_config.obj (.text.Pinmux_init)
                  7000ec62    0000000e     --HOLE-- [fill = 0]
                  7000ec70    00000010     drivers.am261x.r5f.ti-arm-clang.nortos.debug.lib : pinmux.obj (.text.CSL_REG32_WR_RAW)
                  7000ec80    00000010                                                      : soc.obj (.text.CSL_REG32_WR_RAW)
                  7000ec90    00000010     nortos.am261x.r5f.ti-arm-clang.debug.lib : ClockP_nortos_r5.obj (.text.ClockP_getTimerCount)
                  7000eca0    00000010                                              : ClockP_nortos_r5.obj (.text.ClockP_timerClearOverflowInt)
                  7000ecb0    00000010     drivers.am261x.r5f.ti-arm-clang.nortos.debug.lib : edma.obj (.text.HW_RD_REG32_RAW)
                  7000ecc0    00000010                                                      : uart_v0_lld.obj (.text.HW_RD_REG32_RAW)
                  7000ecd0    00000010                                                      : edma.obj (.text.HW_WR_REG32_RAW)
                  7000ece0    00000010                                                      : uart_v0_lld.obj (.text.HW_WR_REG32_RAW)
                  7000ecf0    00000010                                                      : bootloader_mem.obj (.text.Mem_imgGetCurOffset)
                  7000ed00    00000010     security.am261x.r5f.ti-arm-clang.nortos.debug.lib : sipc_notify_src.obj (.text.SIPC_mailboxGetPendingIntr)
                  7000ed10    00000010     nortos.am261x.r5f.ti-arm-clang.debug.lib : TimerP_rti_nortos.obj (.text.TimerP_Params_init)
                  7000ed20    00000010                                              : TimerP_rti_nortos.obj (.text.TimerP_clearOverflowInt)
                  7000ed30    00000010                                              : TimerP_rti_nortos.obj (.text.TimerP_getCount)
                  7000ed40    00000010                                              : TimerP_rti_nortos.obj (.text.TimerP_getReloadCount)
                  7000ed50    00000010                                              : TimerP_rti_nortos.obj (.text.TimerP_start)
                  7000ed60    00000010                                              : printf.obj (.text._out_null)
                  7000ed70    0000000e     drivers.am261x.r5f.ti-arm-clang.nortos.debug.lib : bootloader_soc.obj (.text.Bootloader_socCpuResetReleaseSelf)
                  7000ed7e    00000002     --HOLE-- [fill = 0]
                  7000ed80    0000000c     ti_board_open_close.obj (.text.Board_driversOpen)
                  7000ed8c    00000004     --HOLE-- [fill = 0]
                  7000ed90    0000000c     drivers.am261x.r5f.ti-arm-clang.nortos.debug.lib : bootloader_soc.obj (.text.Bootloader_socCpuSetEntryPoint)
                  7000ed9c    00000004     --HOLE-- [fill = 0]
                  7000eda0    0000000c                                                      : bootloader_soc.obj (.text.Bootloader_socInitL2MailBoxMemory)
                  7000edac    00000004     --HOLE-- [fill = 0]
                  7000edb0    0000000c     nortos.am261x.r5f.ti-arm-clang.debug.lib : ClockP_nortos.obj (.text.ClockP_getTicks)
                  7000edbc    00000004     --HOLE-- [fill = 0]
                  7000edc0    0000000c     ti_power_clock_config.obj (.text.PowerClock_init)
                  7000edcc    00000004     --HOLE-- [fill = 0]
                  7000edd0    0000000c     security.am261x.r5f.ti-arm-clang.nortos.debug.lib : sipc_notify_src.obj (.text.SIPC_getSelfCoreId)
                  7000eddc    00000004     --HOLE-- [fill = 0]
                  7000ede0    0000000a     drivers.am261x.r5f.ti-arm-clang.nortos.debug.lib : bootloader_soc.obj (.text.Bootloader_socCpuRelease)
                  7000edea    00000006     --HOLE-- [fill = 0]
                  7000edf0    0000000a                                                      : bootloader_soc.obj (.text.Bootloader_socCpuRequest)
                  7000edfa    00000006     --HOLE-- [fill = 0]
                  7000ee00    0000000a                                                      : bootloader_soc.obj (.text.Bootloader_socGetSBLMem)
                  7000ee0a    00000006     --HOLE-- [fill = 0]
                  7000ee10    0000000a                                                      : bootloader_soc.obj (.text.Bootloader_socGetSelfCpuList)
                  7000ee1a    00000006     --HOLE-- [fill = 0]
                  7000ee20    0000000a     nortos.am261x.r5f.ti-arm-clang.debug.lib : HwiP_armv7r_vim.obj (.text.Hwip_dataAndInstructionBarrier)
                  7000ee2a    00000006     --HOLE-- [fill = 0]
                  7000ee30    0000000a     main.obj (.text.Keyring_init)
                  7000ee3a    00000006     --HOLE-- [fill = 0]
                  7000ee40    0000000a     drivers.am261x.r5f.ti-arm-clang.nortos.debug.lib : bootloader_mem.obj (.text.Mem_imgClose)
                  7000ee4a    00000006     --HOLE-- [fill = 0]
                  7000ee50    0000000a                                                      : soc_rcm.obj (.text.SOC_rcmGetBaseAddressMSSRCM)
                  7000ee5a    00000006     --HOLE-- [fill = 0]
                  7000ee60    0000000a                                                      : uart_dma_edma.obj (.text.UART_edmaDoNothing)
                  7000ee6a    00000006     --HOLE-- [fill = 0]
                  7000ee70    00000008     ti_drivers_open_close.obj (.text.Drivers_close)
                  7000ee78    00000008     --HOLE-- [fill = 0]
                  7000ee80    00000008     ti_drivers_open_close.obj (.text.Drivers_open)
                  7000ee88    00000008     --HOLE-- [fill = 0]
                  7000ee90    00000008     ti_drivers_config.obj (.text.Drivers_uartInit)
                  7000ee98    00000008     --HOLE-- [fill = 0]
                  7000eea0    00000008     ti_power_clock_config.obj (.text.PowerClock_deinit)
                  7000eea8    00000008     --HOLE-- [fill = 0]
                  7000eeb0    00000008     drivers.am261x.r5f.ti-arm-clang.nortos.debug.lib : soc_rcm.obj (.text.SOC_rcmGetBaseAddressMSSCTRL)
                  7000eeb8    00000008     --HOLE-- [fill = 0]
                  7000eec0    00000008                                                      : soc_rcm.obj (.text.SOC_rcmGetBaseAddressTOPCTRL)
                  7000eec8    00000008     --HOLE-- [fill = 0]
                  7000eed0    00000008                                                      : soc_rcm.obj (.text.SOC_rcmGetBaseAddressTOPRCM)
                  7000eed8    00000008     --HOLE-- [fill = 0]
                  7000eee0    00000008     nortos.am261x.r5f.ti-arm-clang.debug.lib : SemaphoreP_nortos.obj (.text.SemaphoreP_destruct)
                  7000eee8    00000008     --HOLE-- [fill = 0]
                  7000eef0    00000006     security.am261x.r5f.ti-arm-clang.nortos.debug.lib : sipc_notify_src.obj (.text.asm_dsb_memory)
                  7000eef6    0000000a     --HOLE-- [fill = 0]
                  7000ef00    00000006                                                       : sipc_notify_src.obj (.text.asm_isb_memory)
                  7000ef06    0000000a     --HOLE-- [fill = 0]
                  7000ef10    00000002     ti_dpl_config.obj (.text.Dpl_deinit)
                  7000ef12    0000000e     --HOLE-- [fill = 0]
                  7000ef20    00000002     ti_drivers_config.obj (.text.SDL_lbist_selftest)
                  7000ef22    0000000e     --HOLE-- [fill = 0]
                  7000ef30    00000002     nortos.am261x.r5f.ti-arm-clang.debug.lib : TaskP_nortos.obj (.text.TaskP_yield)
                  7000ef32    0000000e     --HOLE-- [fill = 0]

.text.hwi 
*          0    7000ef40    00000e50     
                  7000ef40    000006c0     nortos.am261x.r5f.ti-arm-clang.debug.lib : HwiP_armv7r_vim.obj (.text.hwi)
                  7000f600    0000059a                                              : HwiP_armv7r_handlers_nortos.obj (.text.hwi)
                  7000fb9a    00000002     --HOLE-- [fill = 0]
                  7000fb9c    0000017c                                              : HwiP_armv7r_handlers_nortos_asm.obj (.text.hwi)
                  7000fd18    00000070                                              : HwiP_armv7r_asm.obj (.text.hwi)
                  7000fd88    00000008     --HOLE-- [fill = 0]

.text.cache 
*          0    7000fd90    000004a0     
                  7000fd90    00000340     nortos.am261x.r5f.ti-arm-clang.debug.lib : CacheP_armv7r_asm.obj (.text.cache)
                  700100d0    00000158                                              : CacheP_armv7r.obj (.text.cache)
                  70010228    00000008     --HOLE-- [fill = 0]

.text.mpu 
*          0    70010230    000003c0     
                  70010230    00000340     nortos.am261x.r5f.ti-arm-clang.debug.lib : MpuP_armv7r.obj (.text.mpu)
                  70010570    00000078                                              : MpuP_armv7r_asm.obj (.text.mpu)
                  700105e8    00000008     --HOLE-- [fill = 0]

.text.boot 
*          0    700105f0    000001c0     
                  700105f0    00000144     nortos.am261x.r5f.ti-arm-clang.debug.lib : boot_armv7r_asm.obj (.text.boot)
                  70010734    0000000c     --HOLE-- [fill = 0]
                  70010740    00000024                                              : DebugP_log.obj (.text.boot)
                  70010764    0000000c     --HOLE-- [fill = 0]
                  70010770    00000024                                              : boot_armv7r.obj (.text.boot)
                  70010794    0000000c     --HOLE-- [fill = 0]
                  700107a0    0000000c     ti_dpl_config.obj (.text.boot)
                  700107ac    00000004     --HOLE-- [fill = 0]

.data      0    700107b0    00000458     
                  700107b0    00000058     ti_drivers_open_close.obj (.data.gUartParams)
                  70010808    0000003c     security.am261x.r5f.ti-arm-clang.nortos.debug.lib : sipc_notify_cfg.obj (.data.gSIPC_InterruptConfig)
                  70010844    00000038     drivers.am261x.r5f.ti-arm-clang.nortos.debug.lib : bootloader_soc.obj (.data.gAddrTranslateInfo)
                  7001087c    0000002c     ti_drivers_config.obj (.data.gBootloaderConfig)
                  700108a8    00000028     security.am261x.r5f.ti-arm-clang.nortos.debug.lib : sipc_notify_cfg.obj (.data.gSIPC_HsmMboxConfig)
                  700108d0    00000028                                                       : sipc_notify_cfg.obj (.data.gSIPC_SecureHostMboxConfig)
                  700108f8    0000001c     drivers.am261x.r5f.ti-arm-clang.nortos.debug.lib : soc_rcm.obj (.data.gControlssPllClkSrcValMap)
                  70010914    0000001c                                                      : soc_rcm.obj (.data.gCpswClkSrcValMap)
                  70010930    0000001c                                                      : soc_rcm.obj (.data.gCptsClkSrcValMap)
                  7001094c    0000001c                                                      : soc_rcm.obj (.data.gGpmcClkSrcValMap)
                  70010968    0000001c                                                      : soc_rcm.obj (.data.gI2cClkSrcValMap)
                  70010984    0000001c                                                      : soc_rcm.obj (.data.gIcssmCoreClkSrcValMap)
                  700109a0    0000001c                                                      : soc_rcm.obj (.data.gIcssmUartClkSrcValMap)
                  700109bc    0000001c                                                      : soc_rcm.obj (.data.gLinUartClkSrcValMap)
                  700109d8    0000001c                                                      : soc_rcm.obj (.data.gMcSpiClkSrcValMap)
                  700109f4    0000001c                                                      : soc_rcm.obj (.data.gMcanClkSrcValMap)
                  70010a10    0000001c                                                      : soc_rcm.obj (.data.gMmcClkSrcValMap)
                  70010a2c    0000001c                                                      : soc_rcm.obj (.data.gOspiClkSrcValMap)
                  70010a48    0000001c                                                      : soc_rcm.obj (.data.gR5SysClkSrcValMap)
                  70010a64    0000001c                                                      : soc_rcm.obj (.data.gRtiClkSrcValMap)
                  70010a80    0000001c                                                      : soc_rcm.obj (.data.gWdtClkSrcValMap)
                  70010a9c    00000018                                                      : bootloader_mem.obj (.data.gBootloaderMemFxns)
                  70010ab4    00000018     ti_dpl_config.obj (.data.gClockConfig)
                  70010acc    00000018     drivers.am261x.r5f.ti-arm-clang.nortos.debug.lib : bootloader_soc.obj (.data.gCoreBootInfo400Mhz)
                  70010ae4    00000018                                                      : bootloader_soc.obj (.data.gCoreBootInfo500Mhz)
                  70010afc    00000018     ti_pinmux_config.obj (.data.gPinMuxMainDomainCfg)
                  70010b14    00000018     ti_power_clock_config.obj (.data.gSocModulesClockFrequency)
                  70010b2c    00000014     drivers.am261x.r5f.ti-arm-clang.nortos.debug.lib : bootloader_soc.obj (.data.gResMemSection)
                  70010b40    00000014                                                      : uart_v0.obj (.data.gUartDrvObj)
                  70010b54    00000010                                                      : soc.obj (.data.SOC_getCoreName.coreIdNames)
                  70010b64    0000000c     nortos.am261x.r5f.ti-arm-clang.debug.lib : AddrTranslateP_32bit.obj (.data.gAddrTranslateConfig)
                  70010b70    00000008     ti_drivers_config.obj (.data.gBootloader0Args)
                  70010b78    00000008     drivers.am261x.r5f.ti-arm-clang.nortos.debug.lib : bootloader_soc.obj (.data.gBootloaderSelfCpuList)
                  70010b80    00000008     security.am261x.r5f.ti-arm-clang.nortos.debug.lib : sipc_notify_cfg.obj (.data.gSIPC_QueHsmToSecureHost)
                  70010b88    00000008                                                       : sipc_notify_cfg.obj (.data.gSIPC_QueSecureHostToHsm)
                  70010b90    00000008     ti_power_clock_config.obj (.data.gSocModules)
                  70010b98    00000008     ti_drivers_config.obj (.data.gUartAttrs)
                  70010ba0    00000008     ti_drivers_config.obj (.data.gUartConfig)
                  70010ba8    00000008     nortos.am261x.r5f.ti-arm-clang.debug.lib : PmuP_armv7r.obj (.data.pmu)
                  70010bb0    00000004     security.am261x.r5f.ti-arm-clang.nortos.debug.lib : hsmclient.obj (.data.gBootNotificationReceived)
                  70010bb4    00000004     ti_drivers_config.obj (.data.gBootloaderConfigNum)
                  70010bb8    00000004     nortos.am261x.r5f.ti-arm-clang.debug.lib : DebugP_log.obj (.data.gDebugLogZone)
                  70010bbc    00000004                                              : DebugP_uartLogWriter.obj (.data.gDebugP_uartDrvIndex)
                  70010bc0    00000004     ti_drivers_open_close.obj (.data.gEdmaConfigNum)
                  70010bc4    00000004     security.am261x.r5f.ti-arm-clang.nortos.debug.lib : hsmclient_loadhsmrt.obj (.data.gHsmRtDownloadComplete)
                  70010bc8    00000004                                                       : hsmclient.obj (.data.gHsmrtLoadStatus)
                  70010bcc    00000004     ti_dpl_config.obj (.data.gHwiConfig)
                  70010bd0    00000004     ti_drivers_config.obj (.data.gMcuLbistTestStatus)
                  70010bd4    00000004     security.am261x.r5f.ti-arm-clang.nortos.debug.lib : hsmclient.obj (.data.gNum_HsmResponseReceived)
                  70010bd8    00000004     ti_dpl_config.obj (.data.gR5ClockFrequency)
                  70010bdc    00000004     drivers.am261x.r5f.ti-arm-clang.nortos.debug.lib : bootloader_soc.obj (.data.gR5ss0Core1ImagePresent)
                  70010be0    00000004                                                      : bootloader_soc.obj (.data.gR5ss0MemInitDone)
                  70010be4    00000004     security.am261x.r5f.ti-arm-clang.nortos.debug.lib : hsmclient.obj (.data.gSecureBootStatus)
                  70010be8    00000004     ti_drivers_config.obj (.data.gUartConfigNum)
                  70010bec    00000004     ti_drivers_open_close.obj (.data.gUartDmaChConfig)
                  70010bf0    00000004     security.am261x.r5f.ti-arm-clang.nortos.debug.lib : hsmclient.obj (.data.hsm_client_msg_queue_size)
                  70010bf4    00000004     ti_drivers_config.obj (.data.operatingMode)
                  70010bf8    00000004     security.am261x.r5f.ti-arm-clang.nortos.debug.lib : hsmclient_loadhsmrt.obj (.data.ptrMSSCtrlRegs)
                  70010bfc    00000004     drivers.am261x.r5f.ti-arm-clang.nortos.debug.lib : bootloader_soc.obj (.data.ptrTopCtrlRegs)
                  70010c00    00000001                                                      : soc.obj (.data.isMapAvailable)
                  70010c01    00000007     --HOLE-- [fill = 0]

.rodata    0    70010c08    00001050     
[...]
70005881  SOC_rcmEthApllConfig                    
70005a81  main                                    
70005c61  TimerP_setupPriv                        
70006001  UART_lld_dmaWrite                       
700061b1  UART_close                              
70006361  UART_write                              
70006501  UART_lld_controllerIsr                  
700066a1  Hsmclient_loadHSMRtFirmware             
70006821  HsmClient_isr                           
70006991  EDMA_unregisterIntr                     
70006b01  SOC_controlModuleUnlockMMR              
70006c61  UART_lld_initDma                        
70006dc1  SOC_rcmGetPeripheralClockFrequency      
70006f11  SOC_phyToVirt                           
700072e1  ClockP_init                             
70007421  UART_procLineStatusErr                  
70007561  EDMA_registerIntr                       
700077e1  UART_lld_init                           
70007911  SOC_controlModuleLockMMR                
70007a41  Bootloader_rprcImageLoad                
70007b71  SOC_virtToPhy                           
70007c91  UART_lld_dmaRead                        
70007db1  SOC_rcmCoreApllConfig                   
70007ecc  __udivmoddi4                            
70008351  Bootloader_socLoadHsmRtFw               
70008571  Bootloader_loadSelfCpu                  
70008ac1  SemaphoreP_pend                         
70008bd1  SOC_rcmSetPeripheralClock               
70008cd1  SIPC_isr                                
70009291  EDMA_freeChannelRegion                  
70009381  EDMA_freeParam                          
70009471  EDMA_freeDmaChannel                     
70009551  EDMA_freeTcc                            
70009631  UART_intrEnable                         
70009711  UART_intrDisable                        
700097f1  UART_lld_write                          
700098d1  AddrTranslateP_getLocalAddr             
700099a1  EDMA_disableChInShadowRegRegion         
70009a71  UART_lld_writeDma                       
70009b41  EDMA_enableChInShadowRegRegion          
70009c11  UART_lld_writeIntr                      
70009ce1  EDMA_mapChToEvtQ                        
70009db1  SOC_rcmsetR5SysClock                    
70009e81  EDMA_configureChannelRegion             
70009f41  UART_flushTxFifo                        
7000a0c1  ClockP_timerTickIsr                     
7000a181  ClockP_stop                             
7000a241  CycleCounterP_init                      
7000a261  CycleCounterP_reset                     
7000a2b1  CycleCounterP_nsToTicks                 
7000a2f1  CycleCounterP_enableUserAccess          
7000a6b1  UART_init                               
7000a761  Bootloader_socSetAutoClock              
7000a811  HsmClient_config                        
7000a971  ClockP_destruct                         
7000aa21  Drivers_uartOpen                        
7000aad1  Bootloader_socTranslateSectionAddr      
7000ab71  Bootloader_runCpu                       
7000adf1  ClockP_getTimeUsec                      
7000ae91  EDMA_unmapChToEvtQ                      
7000af31  HsmClient_register                      
7000afc1  Bootloader_socCpuPowerOnReset           
7000b051  Bootloader_socConfigurePll              
7000b0e1  EDMA_disableTransferRegion              
7000b171  EDMA_enableTransferRegion               
7000b201  UART_writeCancelNoCB                    
7000b441  UART_lld_flushTxFifo                    
7000b561  EDMA_allocDmaChannel                    
7000b5f1  EDMA_allocParam                         
7000b681  EDMA_allocTcc                           
7000b931  SOC_rcmStartMemInitTCMA                 
7000b9b1  SOC_rcmStartMemInitTCMB                 
7000ba31  SOC_rcmWaitMemInitTCMA                  
7000bab1  SOC_rcmWaitMemInitTCMB                  
7000bb31  _DebugP_assert                          
7000bbb1  UART_Params_init                        
7000bc31  EDMA_linkChannel                        
7000bd31  EDMA_clrMissEvtRegion                   
7000bdb1  Bootloader_socCpuGetClock               
7000be21  Bootloader_open                         
7000be91  SOC_rcmR5ConfigDualCore                 
7000bf01  Bootloader_bootSelfCpu                  
7000c051  SIPC_registerClient                     
7000c0c1  Bootloader_loadCpu                      
7000c131  EDMA_getBaseAddr                        
7000c211  SOC_rcmR5SS0PowerOnReset                
7000c2f1  UART_lld_deInitDma                      
7000c441  SemaphoreP_post                         
7000c4b1  UART_getChar                            
7000c5d1  Module_clockSetFrequency                
7000c631  UART_lld_deInit                         
7000c691  HsmClient_waitForBootNotify             
7000c6f1  UART_lld_dmaDisableChannel              
7000c871  UART_getHandle                          
7000c8d1  Bootloader_BootImageInfo_init           
7000c931  Bootloader_socGetCoreName               
7000cb11  EDMA_setPaRAM                           
7000cc24  __TI_auto_init_nobinit_nopinit          
7000cc81  Bootloader_socCpuGetClkDefault          
7000cce1  SIPC_Register_Isr                       
7000cd41  SOC_rcmCoreApllRelockPreRequisite       
7000cda1  Bootloader_socMemInitCpu                
7000cdf1  Drivers_uartClose                       
7000ce41  Pinmux_config                           
7000ce91  SOC_rcmR5ConfigLockStep                 
7000cee1  UART_checkCharsAvailInFifo              
7000cf31  EDMA_clrEvtRegion                       
7000cf81  EDMA_disableDmaEvtRegion                
7000cfd1  EDMA_disableEvtIntrRegion               
7000d021  EDMA_enableDmaEvtRegion                 
7000d071  EDMA_enableEvtIntrRegion                
7000d0c1  EDMA_setEvtRegion                       
7000d111  ClockP_construct                        
7000d161  EDMA_ccPaRAMEntry_init                  
7000d1b1  EDMA_mapQdmaChToPaRAM                   
7000d201  EDMA_readEventStatusRegion              
7000d251  Module_clockDisable                     
7000d2a1  Module_clockEnable                      
7000d2f1  Bootloader_profileAddProfilePoint       
7000d341  Dpl_init                                
7000d3e1  UART_getIntrIdentityStatus              
7000d481  SOC_rcmGetR5Clock                       
7000d521  DebugP_uartLogWriterPutChar             
7000d571  SOC_rcmMemInitL2Memory                  
7000d611  UART_readLineStatus                     
7000d6b1  SIPC_unregisterClient                   
7000d7f1  SemaphoreP_construct                    
7000d841  _DebugP_logZone                         
7000d8e1  ClockP_start                            
7000d931  SOC_rcmCoreR5FUnhalt                    
7000da91  UART_spaceAvail                         
7000dad1  SOC_rcmIsR5FInLockStepMode              
7000db51  UART_IsTxRxFifoEmpty                    
7000dbd1  Bootloader_rprcImageParseEntryPoint     
7000dc51  SOC_moduleSetClockFrequency             
7000dd11  SIPC_Params_init                        
7000dd51  SOC_getCoreName                         
7000ddc8  CycleCounterP_getCount32                
7000ddd0  PmuP_setup                              
7000ddd8  PmuP_enableCounters                     
7000dde0  PmuP_disableCounters                    
7000dde8  PmuP_getOverflowStatus                  
7000ddf0  PmuP_clearOverflowStatus                
7000ddf8  PmuP_setUserEnable                      
7000de01  EDMA_getRegionId                        
7000de81  Bootloader_close                        
7000dec1  HsmClient_init                          
7000df41  TimerP_Params_initPriv                  
7000e001  Bootloader_runSelfCpu                   
7000e081  TimerP_getCountPriv                     
7000e141  Bootloader_profileReset                 
7000e1a1  Bootloader_bootCpu                      
7000e1d1  SOC_rcmMemInitMailboxMemory             
7000e201  UART_deinit                             
7000e231  UART_lld_dmaInit                        
7000e291  DebugP_logZoneEnable                    
7000e2c1  SemaphoreP_constructBinary              
7000e2f1  Bootloader_socCpuSetClock               
7000e321  UART_Transaction_init                   
7000e351  UART_intr2Disable                       
7000e381  UART_lld_Transaction_init               
7000e3b1  UART_operatingModeSelect                
7000e3e1  CSL_armR5GetCpuID                       
7000e411  vprintf_                                
7000e441  EDMA_disableQdmaEvtRegion               
7000e471  EDMA_enableQdmaEvtRegion                
7000e4d1  Bootloader_CpuInfo_init                 
7000e501  Bootloader_socCpuResetRelease           
7000e531  SOC_rcmR5SS0TriggerReset                
7000e561  SemaphoreP_constructMutex               
7000e614  __aeabi_uldivmod                        
7000e671  EDMA_channelToParamMap                  
7000e6a1  ClockP_isActive                         
7000e6c1  ClockP_usecToTicks                      
7000e721  ClockP_Params_init                      
7000e741  EDMA_getEventStatusHigh                 
7000e761  SOC_getSelfCpuClk                       
7000e781  SOC_moduleClockEnable                   
7000e7c1  UART_lld_Transaction_deInit             
7000e801  EDMA_getEventStatus                     
7000e83c  TI_memcpy_small                         
7000e881  SOC_rcmSetR5Clock                       
7000e8e1  EDMA_isInterruptEnabled                 
7000e921  SOC_rcmSetR5ClockSource                 
7000e941  SemaphoreP_Params_init                  
7000e961  System_init                             
7000e981  TimerP_getReloadCountPriv               
7000e9e1  UART_putChar                            
7000e9f8  TI_memset_small                         
7000ea11  HsmClient_unregister                    
7000ea31  TimerP_startPriv                        
7000ea51  TimerP_stopPriv                         
7000eab1  Bootloader_Params_init                  
7000ead1  DebugP_uartSetDrvIndex                  
7000eb11  HsmClient_SecureBootQueueInit           
7000eb91  System_deinit                           
7000ebb1  TimerP_clearOverflowIntPriv             
7000ebd1  TimerP_setup                            
7000ebf1  putchar_                                
7000ec11  HsmClient_unRegister                    
7000ec31  Hsmclient_updateBootNotificationRegister
7000ec51  Pinmux_init                             
7000ec91  ClockP_getTimerCount                    
7000eca1  ClockP_timerClearOverflowInt            
7000ed11  TimerP_Params_init                      
7000ed21  TimerP_clearOverflowInt                 
7000ed31  TimerP_getCount                         
7000ed41  TimerP_getReloadCount                   
7000ed51  TimerP_start                            
7000ed71  Bootloader_socCpuResetReleaseSelf       
7000ed81  Board_driversOpen                       
7000ed91  Bootloader_socCpuSetEntryPoint          
7000eda1  Bootloader_socInitL2MailBoxMemory       
7000edb1  ClockP_getTicks                         
7000edc1  PowerClock_init                         
7000edd1  SIPC_getSelfCoreId                      
7000ede1  Bootloader_socCpuRelease                
7000edf1  Bootloader_socCpuRequest                
7000ee01  Bootloader_socGetSBLMem                 
7000ee11  Bootloader_socGetSelfCpuList            
7000ee31  Keyring_init                            
7000ee71  Drivers_close                           
7000ee81  Drivers_open                            
7000ee91  Drivers_uartInit                        
7000eea1  PowerClock_deinit                       
7000eee1  SemaphoreP_destruct                     
7000ef11  Dpl_deinit                              
7000ef21  SDL_lbist_selftest                      
7000ef31  TaskP_yield                             
7000ef41  HwiP_enableInt                          
7000ef81  HwiP_disableInt                         
7000efe1  HwiP_restoreInt                         
7000f011  HwiP_clearInt                           
7000f051  HwiP_post                               
7000f091  HwiP_Params_init                        
7000f0c1  HwiP_construct                          
7000f2b1  HwiP_destruct                           
7000f321  HwiP_init                               
7000f4d1  HwiP_inISR                              
7000f501  HwiP_setVimIrqPriMaskNonAtomic          
7000f551  HwiP_setVimIrqPriMaskAtomic             
7000f5f1  HwiP_restoreVimIrqPriMask               
7000f601  HwiP_irq_handler_c                      
7000f7a1  HwiP_fiq_handler                        
7000f901  HwiP_reserved_handler                   
7000f941  HwiP_undefined_handler_c                
7000f961  HwiP_user_undefined_handler_c           
7000f981  HwiP_svc_handler                        
7000f9c1  HwiP_prefetch_abort_handler_c           
7000fa61  HwiP_user_prefetch_abort_handler_c      
7000faa1  HwiP_data_abort_handler_c               
7000fb61  HwiP_user_data_abort_handler_c          
7000fb9c  HwiP_irq_handler                        
7000fc10  HwiP_data_abort_handler                 
7000fc54  HwiP_prefetch_abort_handler             
7000fca0  HwiP_undefined_handler                  
7000fcd0  GET_DFSR                                
7000fcd8  GET_ADFSR                               
7000fce0  GET_DFAR                                
7000fce8  GET_IFSR                                
7000fcf0  GET_AIFSR                               
7000fcf8  GET_IFAR                                
7000fd00  GET_SPSR                                
7000fd18  HwiP_disable                            
7000fd28  HwiP_disableFIQ                         
7000fd38  HwiP_enable                             
7000fd48  HwiP_enableFIQ                          
7000fd58  HwiP_restore                            
7000fd60  HwiP_enableVIC                          
7000fd70  HwiP_disableVIC                         
7000fd80  HwiP_getCPSR                            
7000fd90  CacheP_disableL1d                       
7000fdb8  CacheP_disableL1p                       
7000fdd0  CacheP_enableL1d                        
7000fde8  CacheP_enableL1p                        
7000fe00  CacheP_invL1d                           
7000fe38  CacheP_invL1p                           
7000fe74  CacheP_invL1dAll                        
7000fe7c  CacheP_invL1pAll                        
7000fe84  CacheP_wb                               
7000fec0  CacheP_wbInv                            
7000fefc  CacheP_wbAll                            
7000ffa4  CacheP_wbInvAll                         
7000ffbc  CacheP_wbInvAllAsm                      
7001005c  CacheP_getEnabled                       
70010094  CacheP_getCacheLevelInfo                
700100a0  CacheP_configForceWrThru                
700100c0  CacheP_setDLFO                          
700100d1  CacheP_init                             
70010161  CacheP_disable                          
700101b1  CacheP_enable                           
700101f1  CacheP_inv                              
70010231  MpuP_getAttrs                           
70010291  MpuP_RegionAttrs_init                   
700102c1  MpuP_setRegion                          
70010351  MpuP_isEnable                           
70010361  MpuP_disable                            
700103a1  MpuP_enable                             
700103f1  MpuP_init                               
70010491  MpuP_isUserAuthorizedToAccessMemory     
70010570  MpuP_disableAsm                         
70010588  MpuP_disableBRAsm                       
70010598  MpuP_enableAsm                          
700105b0  MpuP_enableBRAsm                        
700105c0  MpuP_isEnableAsm                        
700105d4  MpuP_setRegionAsm                       
700105f0  _c_int00_sbl                            
70010614  _c_int00                                
70010741  _DebugP_assertNoLog                     
70010771  _system_pre_init                        
700107a1  __mpu_init                              
700107b0  gEdmaConfig                             
700107b0  gUartDmaHandle                          
700107b0  gUartParams                             
70010808  gSIPC_InterruptConfig                   
70010844  gAddrTranslateInfo                      
7001087c  gBootloaderConfig                       
700108a8  gSIPC_HsmMboxConfig                     
700108d0  gSIPC_SecureHostMboxConfig              
70010a9c  gBootloaderMemFxns                      
70010ab4  gClockConfig                            
70010acc  gCoreBootInfo400Mhz                     
70010ae4  gCoreBootInfo500Mhz                     
70010b14  gSocModulesClockFrequency               
70010b2c  gResMemSection                          
70010b64  gAddrTranslateConfig                    
70010b70  gBootloader0Args                        
70010b78  gBootloaderSelfCpuList                  
70010b80  gSIPC_QueHsmToSecureHost                
70010b88  gSIPC_QueSecureHostToHsm                
70010b90  gSocModules                             
70010ba0  gUartConfig                             
70010bb4  gBootloaderConfigNum                    
70010bb8  gDebugLogZone                           
70010bbc  gDebugP_uartDrvIndex                    
70010bc0  gEdmaConfigNum                          
70010bc4  gHsmRtDownloadComplete                  
70010bc8  gHsmrtLoadStatus                        
70010bcc  gHwiConfig                              
70010bd0  gMcuLbistTestStatus                     
70010bd8  gR5ClockFrequency                       
70010bdc  gR5ss0Core1ImagePresent                 
70010be0  gR5ss0MemInitDone                       
70010be8  gUartConfigNum                          
70010bec  gUartDmaChConfig                        
70010bf4  operatingMode                           
70010bf8  ptrMSSCtrlRegs                          
70010bfc  ptrTopCtrlRegs                          
70010c00  isMapAvailable                          
70010c08  gADPLLJConfigTbl                        
70010c94  gCacheConfig                            
70010c9c  gMpuConfig                              
70010ca8  gMpuRegionConfig                        
70011659  gPeripheralClkSrcInfoMap                
7001196c  gPLLFreqId2FOutMap                      
70011be2  gCR5ClkSrcInfoMap                       
70011be4  gXTALInfo                               
70011c40  gCacheL1dCacheLineSize                  
70011c44  gCacheL1pCacheLineSize                  
70011c58  __stack                                 
70015c58  __BSS_START                             
70015c58  __STACK_END                             
70015c58  gHwiCtrl                                
70016618  gProfileObj                             
70016730  gSIPC_ctrl                              
70016774  gHSMClient                              
700167a0  gClockCtrl                              
700167c0  virtToPhymap                            
700167d0  gUartHandle                             
700167d8  __BSS_END                               
700167d8  __IRQ_STACK_START                       
700177d8  __FIQ_STACK_START                       
700177d8  __IRQ_STACK_END                         
700178d8  __FIQ_STACK_END                         
700178d8  __SVC_STACK_START                       
700179d8  __ABORT_STACK_START                     
700179d8  __SVC_STACK_END                         
70017ad8  __ABORT_STACK_END                       
70017ad8  __UNDEFINED_STACK_START                 
70017bd8  __UNDEFINED_STACK_END                   
70027800  gHsmRtFw                                
ffffffff  __TI_pprof_out_hndl                     
ffffffff  __TI_prof_data_size                     
ffffffff  __TI_prof_data_start                    
ffffffff  __binit__                               
ffffffff  binit                                   
UNDEFED   __TI_CINIT_Base                         
UNDEFED   __TI_CINIT_Limit                        
UNDEFED   __TI_Handler_Table_Base                 
UNDEFED   __TI_Handler_Table_Limit                
UNDEFED   _system_post_cinit                      

[432 symbols]
